Archive member included to satisfy reference by file (symbol)

c:/program files (x86)/atmel/studio/7.0/toolchain/arm/arm-gnu-toolchain/bin/../lib/gcc/arm-none-eabi/6.3.1/../../../../arm-none-eabi/lib/thumb/v7-m\libc.a(lib_a-exit.o)
                              c:/program files (x86)/atmel/studio/7.0/toolchain/arm/arm-gnu-toolchain/bin/../lib/gcc/arm-none-eabi/6.3.1/../../../../arm-none-eabi/lib/thumb/v7-m/crt0.o (exit)
c:/program files (x86)/atmel/studio/7.0/toolchain/arm/arm-gnu-toolchain/bin/../lib/gcc/arm-none-eabi/6.3.1/../../../../arm-none-eabi/lib/thumb/v7-m\libc.a(lib_a-impure.o)
                              c:/program files (x86)/atmel/studio/7.0/toolchain/arm/arm-gnu-toolchain/bin/../lib/gcc/arm-none-eabi/6.3.1/../../../../arm-none-eabi/lib/thumb/v7-m\libc.a(lib_a-exit.o) (_global_impure_ptr)
c:/program files (x86)/atmel/studio/7.0/toolchain/arm/arm-gnu-toolchain/bin/../lib/gcc/arm-none-eabi/6.3.1/../../../../arm-none-eabi/lib/thumb/v7-m\libc.a(lib_a-init.o)
                              c:/program files (x86)/atmel/studio/7.0/toolchain/arm/arm-gnu-toolchain/bin/../lib/gcc/arm-none-eabi/6.3.1/../../../../arm-none-eabi/lib/thumb/v7-m/crt0.o (__libc_init_array)
c:/program files (x86)/atmel/studio/7.0/toolchain/arm/arm-gnu-toolchain/bin/../lib/gcc/arm-none-eabi/6.3.1/../../../../arm-none-eabi/lib/thumb/v7-m\libc.a(lib_a-memcpy.o)
                              src/ASF/sam/services/flash_efc/flash_efc.o (memcpy)
c:/program files (x86)/atmel/studio/7.0/toolchain/arm/arm-gnu-toolchain/bin/../lib/gcc/arm-none-eabi/6.3.1/../../../../arm-none-eabi/lib/thumb/v7-m\libc.a(lib_a-memset.o)
                              c:/program files (x86)/atmel/studio/7.0/toolchain/arm/arm-gnu-toolchain/bin/../lib/gcc/arm-none-eabi/6.3.1/../../../../arm-none-eabi/lib/thumb/v7-m/crt0.o (memset)
c:/program files (x86)/atmel/studio/7.0/toolchain/arm/arm-gnu-toolchain/bin/../lib/gcc/arm-none-eabi/6.3.1/../../../../arm-none-eabi/lib/thumb/v7-m\libc.a(lib_a-setbuf.o)
                              src/ASF/thirdparty/wireless/addons/sio2host/uart/sio2host.o (setbuf)
c:/program files (x86)/atmel/studio/7.0/toolchain/arm/arm-gnu-toolchain/bin/../lib/gcc/arm-none-eabi/6.3.1/../../../../arm-none-eabi/lib/thumb/v7-m\libc.a(lib_a-setvbuf.o)
                              c:/program files (x86)/atmel/studio/7.0/toolchain/arm/arm-gnu-toolchain/bin/../lib/gcc/arm-none-eabi/6.3.1/../../../../arm-none-eabi/lib/thumb/v7-m\libc.a(lib_a-setbuf.o) (setvbuf)
c:/program files (x86)/atmel/studio/7.0/toolchain/arm/arm-gnu-toolchain/bin/../lib/gcc/arm-none-eabi/6.3.1/../../../../arm-none-eabi/lib/thumb/v7-m\libc.a(lib_a-__call_atexit.o)
                              c:/program files (x86)/atmel/studio/7.0/toolchain/arm/arm-gnu-toolchain/bin/../lib/gcc/arm-none-eabi/6.3.1/../../../../arm-none-eabi/lib/thumb/v7-m\libc.a(lib_a-exit.o) (__call_exitprocs)
c:/program files (x86)/atmel/studio/7.0/toolchain/arm/arm-gnu-toolchain/bin/../lib/gcc/arm-none-eabi/6.3.1/../../../../arm-none-eabi/lib/thumb/v7-m\libc.a(lib_a-atexit.o)
                              c:/program files (x86)/atmel/studio/7.0/toolchain/arm/arm-gnu-toolchain/bin/../lib/gcc/arm-none-eabi/6.3.1/../../../../arm-none-eabi/lib/thumb/v7-m\libc.a(lib_a-__call_atexit.o) (atexit)
c:/program files (x86)/atmel/studio/7.0/toolchain/arm/arm-gnu-toolchain/bin/../lib/gcc/arm-none-eabi/6.3.1/../../../../arm-none-eabi/lib/thumb/v7-m\libc.a(lib_a-fflush.o)
                              c:/program files (x86)/atmel/studio/7.0/toolchain/arm/arm-gnu-toolchain/bin/../lib/gcc/arm-none-eabi/6.3.1/../../../../arm-none-eabi/lib/thumb/v7-m\libc.a(lib_a-setvbuf.o) (_fflush_r)
c:/program files (x86)/atmel/studio/7.0/toolchain/arm/arm-gnu-toolchain/bin/../lib/gcc/arm-none-eabi/6.3.1/../../../../arm-none-eabi/lib/thumb/v7-m\libc.a(lib_a-findfp.o)
                              c:/program files (x86)/atmel/studio/7.0/toolchain/arm/arm-gnu-toolchain/bin/../lib/gcc/arm-none-eabi/6.3.1/../../../../arm-none-eabi/lib/thumb/v7-m\libc.a(lib_a-setvbuf.o) (__sinit)
c:/program files (x86)/atmel/studio/7.0/toolchain/arm/arm-gnu-toolchain/bin/../lib/gcc/arm-none-eabi/6.3.1/../../../../arm-none-eabi/lib/thumb/v7-m\libc.a(lib_a-fini.o)
                              c:/program files (x86)/atmel/studio/7.0/toolchain/arm/arm-gnu-toolchain/bin/../lib/gcc/arm-none-eabi/6.3.1/../../../../arm-none-eabi/lib/thumb/v7-m\libc.a(lib_a-__call_atexit.o) (__libc_fini_array)
c:/program files (x86)/atmel/studio/7.0/toolchain/arm/arm-gnu-toolchain/bin/../lib/gcc/arm-none-eabi/6.3.1/../../../../arm-none-eabi/lib/thumb/v7-m\libc.a(lib_a-freer.o)
                              c:/program files (x86)/atmel/studio/7.0/toolchain/arm/arm-gnu-toolchain/bin/../lib/gcc/arm-none-eabi/6.3.1/../../../../arm-none-eabi/lib/thumb/v7-m\libc.a(lib_a-setvbuf.o) (_free_r)
c:/program files (x86)/atmel/studio/7.0/toolchain/arm/arm-gnu-toolchain/bin/../lib/gcc/arm-none-eabi/6.3.1/../../../../arm-none-eabi/lib/thumb/v7-m\libc.a(lib_a-fwalk.o)
[...]
Memory Configuration

Name             Origin             Length             Attributes
rom              0x00400000         0x00010000         xr
ram              0x20000000         0x00004000         xrw
*default*        0x00000000         0xffffffff

Linker script and memory map

LOAD c:/program files (x86)/atmel/studio/7.0/toolchain/arm/arm-gnu-toolchain/bin/../lib/gcc/arm-none-eabi/6.3.1/thumb/v7-m/crti.o
LOAD c:/program files (x86)/atmel/studio/7.0/toolchain/arm/arm-gnu-toolchain/bin/../lib/gcc/arm-none-eabi/6.3.1/thumb/v7-m/crtbegin.o
LOAD c:/program files (x86)/atmel/studio/7.0/toolchain/arm/arm-gnu-toolchain/bin/../lib/gcc/arm-none-eabi/6.3.1/../../../../arm-none-eabi/lib/thumb/v7-m/crt0.o
LOAD src/ASF/common/services/clock/sam3s/sysclk.o
LOAD src/ASF/common/services/delay/sam/cycle_counter.o
LOAD src/ASF/common/services/serial/usart_serial.o
LOAD src/ASF/common/utils/stdio/read.o
LOAD src/ASF/common/utils/stdio/write.o
LOAD src/ASF/sam/drivers/efc/efc.o
LOAD src/ASF/sam/drivers/matrix/matrix.o
LOAD src/ASF/sam/drivers/pdc/pdc.o
LOAD src/ASF/sam/drivers/pio/pio.o
LOAD src/ASF/sam/drivers/pio/pio_handler.o
LOAD src/ASF/sam/drivers/pmc/pmc.o
LOAD src/ASF/sam/drivers/pmc/sleep.o
LOAD src/ASF/sam/drivers/pwm/pwm.o
LOAD src/ASF/sam/drivers/uart/uart.o
LOAD src/ASF/sam/drivers/usart/usart.o
LOAD src/ASF/sam/services/flash_efc/flash_efc.o
LOAD src/ASF/thirdparty/wireless/addons/sio2host/uart/sio2host.o
LOAD src/ASF/common/boards/user_board/init.o
LOAD src/ASF/common/utils/interrupt/interrupt_sam_nvic.o
LOAD src/ASF/sam/utils/cmsis/sam3s/source/templates/exceptions.o
LOAD src/ASF/sam/utils/cmsis/sam3s/source/templates/gcc/startup_sam3s.o
LOAD src/ASF/sam/utils/cmsis/sam3s/source/templates/system_sam3s.o
LOAD src/ASF/sam/utils/syscalls/gcc/syscalls.o
LOAD src/main.o
START GROUP
LOAD ../src/ASF/thirdparty/CMSIS/Lib/GCC\libarm_cortexM3l_math.a
LOAD c:/program files (x86)/atmel/studio/7.0/toolchain/arm/arm-gnu-toolchain/bin/../lib/gcc/arm-none-eabi/6.3.1/../../../../arm-none-eabi/lib/thumb/v7-m\libm.a
END GROUP
START GROUP
LOAD c:/program files (x86)/atmel/studio/7.0/toolchain/arm/arm-gnu-toolchain/bin/../lib/gcc/arm-none-eabi/6.3.1/thumb/v7-m\libgcc.a
LOAD c:/program files (x86)/atmel/studio/7.0/toolchain/arm/arm-gnu-toolchain/bin/../lib/gcc/arm-none-eabi/6.3.1/../../../../arm-none-eabi/lib/thumb/v7-m\libc.a
END GROUP
LOAD c:/program files (x86)/atmel/studio/7.0/toolchain/arm/arm-gnu-toolchain/bin/../lib/gcc/arm-none-eabi/6.3.1/thumb/v7-m/crtend.o
LOAD c:/program files (x86)/atmel/studio/7.0/toolchain/arm/arm-gnu-toolchain/bin/../lib/gcc/arm-none-eabi/6.3.1/thumb/v7-m/crtn.o
                0x00002000                __stack_size__ = DEFINED (__stack_size__)?__stack_size__:0x2000
                0x20003ffc                __ram_end__ = ((ORIGIN (ram) + LENGTH (ram)) - 0x4)

.text           0x00400000     0x1540
                0x00400000                . = ALIGN (0x4)
                0x00400000                _sfixed = .
 *(.vectors .vectors.*)
 .vectors       0x00400000       0xd0 src/ASF/sam/utils/cmsis/sam3s/source/templates/gcc/startup_sam3s.o
                0x00400000                exception_table
 *(.text .text.* .gnu.linkonce.t.*)
 .text          0x004000d0       0x6c c:/program files (x86)/atmel/studio/7.0/toolchain/arm/arm-gnu-toolchain/bin/../lib/gcc/arm-none-eabi/6.3.1/thumb/v7-m/crtbegin.o
 .text.sysclk_init
                0x0040013c       0x64 src/ASF/common/services/clock/sam3s/sysclk.o
                0x0040013c                sysclk_init
 .text.usart_serial_read_packet
                0x004001a0       0xa0 src/ASF/common/services/serial/usart_serial.o
                0x004001a0                usart_serial_read_packet
 .text.pio_set  0x00400240        0x4 src/ASF/sam/drivers/pio/pio.o
                0x00400240                pio_set
 .text.pio_clear
                0x00400244        0x4 src/ASF/sam/drivers/pio/pio.o
                0x00400244                pio_clear
 .text.pio_get  0x00400248       0x18 src/ASF/sam/drivers/pio/pio.o
                0x00400248                pio_get
 .text.pio_set_peripheral
                0x00400260       0x90 src/ASF/sam/drivers/pio/pio.o
                0x00400260                pio_set_peripheral
 .text.pio_set_input
                0x004002f0       0x32 src/ASF/sam/drivers/pio/pio.o
                0x004002f0                pio_set_input
 .text.pio_set_output
                0x00400322       0x26 src/ASF/sam/drivers/pio/pio.o
                0x00400322                pio_set_output
 .text.pio_configure
                0x00400348       0x8c src/ASF/sam/drivers/pio/pio.o
                0x00400348                pio_configure
 .text.pio_configure_interrupt
                0x004003d4       0x2e src/ASF/sam/drivers/pio/pio.o
                0x004003d4                pio_configure_interrupt
 .text.pio_enable_interrupt
                0x00400402        0x4 src/ASF/sam/drivers/pio/pio.o
                0x00400402                pio_enable_interrupt
 .text.pio_get_interrupt_status
                0x00400406        0x4 src/ASF/sam/drivers/pio/pio.o
                0x00400406                pio_get_interrupt_status
 .text.pio_get_interrupt_mask
                0x0040040a        0x4 src/ASF/sam/drivers/pio/pio.o
                0x0040040a                pio_get_interrupt_mask
 .text.pio_get_pin_value
                0x0040040e       0x1c src/ASF/sam/drivers/pio/pio.o
                0x0040040e                pio_get_pin_value
 .text.pio_toggle_pin
                0x0040042a       0x20 src/ASF/sam/drivers/pio/pio.o
                0x0040042a                pio_toggle_pin
 *fill*         0x0040044a        0x2 
 .text.pio_handler_process
                0x0040044c       0x68 src/ASF/sam/drivers/pio/pio_handler.o
                0x0040044c                pio_handler_process
 .text.pio_handler_set
                0x004004b4       0x70 src/ASF/sam/drivers/pio/pio_handler.o
                0x004004b4                pio_handler_set
 .text.PIOA_Handler
                0x00400524       0x14 src/ASF/sam/drivers/pio/pio_handler.o
                0x00400524                PIOA_Handler
 .text.PIOB_Handler
                0x00400538       0x14 src/ASF/sam/drivers/pio/pio_handler.o
                0x00400538                PIOB_Handler
 .text.pmc_switch_mck_to_pllack
                0x0040054c       0x64 src/ASF/sam/drivers/pmc/pmc.o
                0x0040054c                pmc_switch_mck_to_pllack
 .text.pmc_switch_mainck_to_xtal
                0x004005b0       0x54 src/ASF/sam/drivers/pmc/pmc.o
                0x004005b0                pmc_switch_mainck_to_xtal
 .text.pmc_osc_is_ready_mainck
                0x00400604       0x10 src/ASF/sam/drivers/pmc/pmc.o
                0x00400604                pmc_osc_is_ready_mainck
 .text.pmc_disable_pllack
                0x00400614       0x10 src/ASF/sam/drivers/pmc/pmc.o
                0x00400614                pmc_disable_pllack
 .text.pmc_is_locked_pllack
                0x00400624       0x10 src/ASF/sam/drivers/pmc/pmc.o
                0x00400624                pmc_is_locked_pllack
 .text.pmc_enable_periph_clk
                0x00400634       0x54 src/ASF/sam/drivers/pmc/pmc.o
                0x00400634                pmc_enable_periph_clk
 .text.uart_read
                0x00400688       0x12 src/ASF/sam/drivers/uart/uart.o
                0x00400688                uart_read
 .text.usart_read
                0x0040069a       0x18 src/ASF/sam/drivers/usart/usart.o
                0x0040069a                usart_read
 *fill*         0x004006b2        0x2 
 .text.USART0_Handler
                0x004006b4       0x60 src/ASF/thirdparty/wireless/addons/sio2host/uart/sio2host.o
                0x004006b4                USART0_Handler
 .text.board_init
                0x00400714        0x2 src/ASF/common/boards/user_board/init.o
                0x00400714                board_init
 .text.Dummy_Handler
                0x00400716        0x2 src/ASF/sam/utils/cmsis/sam3s/source/templates/exceptions.o
                0x00400716                DACC_Handler
                0x00400716                DebugMon_Handler
                0x00400716                HardFault_Handler
                0x00400716                TC2_Handler
                0x00400716                SPI_Handler
                0x00400716                SysTick_Handler
                0x00400716                TWI1_Handler
                0x00400716                PendSV_Handler
                0x00400716                NMI_Handler
                0x00400716                ADC_Handler
                0x00400716                CRCCU_Handler
                0x00400716                RTT_Handler
                0x00400716                RTC_Handler
                0x00400716                UsageFault_Handler
                0x00400716                WDT_Handler
                0x00400716                TC1_Handler
                0x00400716                HSMCI_Handler
                0x00400716                UART1_Handler
                0x00400716                Dummy_Handler
                0x00400716                TWI0_Handler
                0x00400716                USART1_Handler
                0x00400716                SSC_Handler
                0x00400716                ACC_Handler
                0x00400716                PMC_Handler
                0x00400716                PWM_Handler
                0x00400716                MemManage_Handler
                0x00400716                SUPC_Handler
                0x00400716                SVC_Handler
                0x00400716                EFC_Handler
                0x00400716                UART0_Handler
                0x00400716                UDP_Handler
                0x00400716                BusFault_Handler
                0x00400716                RSTC_Handler
                0x00400716                TC0_Handler
 .text.Reset_Handler
                0x00400718       0x98 src/ASF/sam/utils/cmsis/sam3s/source/templates/gcc/startup_sam3s.o
                0x00400718                Reset_Handler
 .text.SystemCoreClockUpdate
                0x004007b0      0x110 src/ASF/sam/utils/cmsis/sam3s/source/templates/system_sam3s.o
                0x004007b0                SystemCoreClockUpdate
 .text._sbrk    0x004008c0       0x38 src/ASF/sam/utils/syscalls/gcc/syscalls.o
                0x004008c0                _sbrk
 .text.handle_phase_change
                0x004008f8      0x1dc src/main.o
                0x004008f8                handle_phase_change
 .text.configure_pins
                0x00400ad4       0xbc src/main.o
                0x00400ad4                configure_pins
 .text.main     0x00400b90       0x1c src/main.o
                0x00400b90                main
 .text.__libc_init_array
                0x00400bac       0x50 c:/program files (x86)/atmel/studio/7.0/toolchain/arm/arm-gnu-toolchain/bin/../lib/gcc/arm-none-eabi/6.3.1/../../../../arm-none-eabi/lib/thumb/v7-m\libc.a(lib_a-init.o)
                0x00400bac                __libc_init_array
 .text.startup.register_fini
                0x00400bfc       0x14 c:/program files (x86)/atmel/studio/7.0/toolchain/arm/arm-gnu-toolchain/bin/../lib/gcc/arm-none-eabi/6.3.1/../../../../arm-none-eabi/lib/thumb/v7-m\libc.a(lib_a-__call_atexit.o)
 .text.atexit   0x00400c10        0xc c:/program files (x86)/atmel/studio/7.0/toolchain/arm/arm-gnu-toolchain/bin/../lib/gcc/arm-none-eabi/6.3.1/../../../../arm-none-eabi/lib/thumb/v7-m\libc.a(lib_a-atexit.o)
                0x00400c10                atexit
 .text.__libc_fini_array
                0x00400c1c       0x34 c:/program files (x86)/atmel/studio/7.0/toolchain/arm/arm-gnu-toolchain/bin/../lib/gcc/arm-none-eabi/6.3.1/../../../../arm-none-eabi/lib/thumb/v7-m\libc.a(lib_a-fini.o)
                0x00400c1c                __libc_fini_array
 .text._malloc_trim_r
                0x00400c50       0xa0 c:/program files (x86)/atmel/studio/7.0/toolchain/arm/arm-gnu-toolchain/bin/../lib/gcc/arm-none-eabi/6.3.1/../../../../arm-none-eabi/lib/thumb/v7-m\libc.a(lib_a-freer.o)
                0x00400c50                _malloc_trim_r
 .text._free_r  0x00400cf0      0x1cc c:/program files (x86)/atmel/studio/7.0/toolchain/arm/arm-gnu-toolchain/bin/../lib/gcc/arm-none-eabi/6.3.1/../../../../arm-none-eabi/lib/thumb/v7-m\libc.a(lib_a-freer.o)
                0x00400cf0                _free_r
 .text.__retarget_lock_acquire_recursive
                0x00400ebc        0x4 c:/program files (x86)/atmel/studio/7.0/toolchain/arm/arm-gnu-toolchain/bin/../lib/gcc/arm-none-eabi/6.3.1/../../../../arm-none-eabi/lib/thumb/v7-m\libc.a(lib_a-lock.o)
                0x00400ebc                __retarget_lock_acquire_recursive
 .text.__retarget_lock_release_recursive
                0x00400ec0        0x4 c:/program files (x86)/atmel/studio/7.0/toolchain/arm/arm-gnu-toolchain/bin/../lib/gcc/arm-none-eabi/6.3.1/../../../../arm-none-eabi/lib/thumb/v7-m\libc.a(lib_a-lock.o)
                0x00400ec0                __retarget_lock_release_recursive
 .text.malloc   0x00400ec4       0x10 c:/program files (x86)/atmel/studio/7.0/toolchain/arm/arm-gnu-toolchain/bin/../lib/gcc/arm-none-eabi/6.3.1/../../../../arm-none-eabi/lib/thumb/v7-m\libc.a(lib_a-malloc.o)
                0x00400ec4                malloc
 .text._malloc_r
                0x00400ed4      0x544 c:/program files (x86)/atmel/studio/7.0/toolchain/arm/arm-gnu-toolchain/bin/../lib/gcc/arm-none-eabi/6.3.1/../../../../arm-none-eabi/lib/thumb/v7-m\libc.a(lib_a-mallocr.o)
                0x00400ed4                _malloc_r
 .text.__malloc_lock
                0x00401418        0xc c:/program files (x86)/atmel/studio/7.0/toolchain/arm/arm-gnu-toolchain/bin/../lib/gcc/arm-none-eabi/6.3.1/../../../../arm-none-eabi/lib/thumb/v7-m\libc.a(lib_a-mlock.o)
                0x00401418                __malloc_lock
 .text.__malloc_unlock
                0x00401424        0xc c:/program files (x86)/atmel/studio/7.0/toolchain/arm/arm-gnu-toolchain/bin/../lib/gcc/arm-none-eabi/6.3.1/../../../../arm-none-eabi/lib/thumb/v7-m\libc.a(lib_a-mlock.o)
                0x00401424                __malloc_unlock
 .text._sbrk_r  0x00401430       0x24 c:/program files (x86)/atmel/studio/7.0/toolchain/arm/arm-gnu-toolchain/bin/../lib/gcc/arm-none-eabi/6.3.1/../../../../arm-none-eabi/lib/thumb/v7-m\libc.a(lib_a-sbrkr.o)
                0x00401430                _sbrk_r
 .text.__register_exitproc
                0x00401454       0xc4 c:/program files (x86)/atmel/studio/7.0/toolchain/arm/arm-gnu-toolchain/bin/../lib/gcc/arm-none-eabi/6.3.1/../../../../arm-none-eabi/lib/thumb/v7-m\libc.a(lib_a-__atexit.o)
                0x00401454                __register_exitproc
 *(.glue_7t)
 .glue_7t       0x00401518        0x0 linker stubs
 *(.glue_7)
 .glue_7        0x00401518        0x0 linker stubs
 *(.rodata .rodata* .gnu.linkonce.r.*)
 .rodata._global_impure_ptr
                0x00401518        0x4 c:/program files (x86)/atmel/studio/7.0/toolchain/arm/arm-gnu-toolchain/bin/../lib/gcc/arm-none-eabi/6.3.1/../../../../arm-none-eabi/lib/thumb/v7-m\libc.a(lib_a-impure.o)
                0x00401518                _global_impure_ptr
 *(.ARM.extab* .gnu.linkonce.armextab.*)
                0x0040151c                . = ALIGN (0x4)
 *(.init)
 .init          0x0040151c        0x4 c:/program files (x86)/atmel/studio/7.0/toolchain/arm/arm-gnu-toolchain/bin/../lib/gcc/arm-none-eabi/6.3.1/thumb/v7-m/crti.o
                0x0040151c                _init
 .init          0x00401520        0x8 c:/program files (x86)/atmel/studio/7.0/toolchain/arm/arm-gnu-toolchain/bin/../lib/gcc/arm-none-eabi/6.3.1/thumb/v7-m/crtn.o
                0x00401528                . = ALIGN (0x4)
                0x00401528                __preinit_array_start = .
 *(.preinit_array)
                0x00401528                __preinit_array_end = .
                0x00401528                . = ALIGN (0x4)
                0x00401528                __init_array_start = .
 *(SORT(.init_array.*))
 .init_array.00000
                0x00401528        0x4 c:/program files (x86)/atmel/studio/7.0/toolchain/arm/arm-gnu-toolchain/bin/../lib/gcc/arm-none-eabi/6.3.1/../../../../arm-none-eabi/lib/thumb/v7-m\libc.a(lib_a-__call_atexit.o)
 *(.init_array)
 .init_array    0x0040152c        0x4 c:/program files (x86)/atmel/studio/7.0/toolchain/arm/arm-gnu-toolchain/bin/../lib/gcc/arm-none-eabi/6.3.1/thumb/v7-m/crtbegin.o
                0x00401530                __init_array_end = .
                0x00401530                . = ALIGN (0x4)
 *crtbegin.o(.ctors)
 *(EXCLUDE_FILE(*crtend.o) .ctors)
 *(SORT(.ctors.*))
 *crtend.o(.ctors)
                0x00401530                . = ALIGN (0x4)
 *(.fini)
 .fini          0x00401530        0x4 c:/program files (x86)/atmel/studio/7.0/toolchain/arm/arm-gnu-toolchain/bin/../lib/gcc/arm-none-eabi/6.3.1/thumb/v7-m/crti.o
                0x00401530                _fini
 .fini          0x00401534        0x8 c:/program files (x86)/atmel/studio/7.0/toolchain/arm/arm-gnu-toolchain/bin/../lib/gcc/arm-none-eabi/6.3.1/thumb/v7-m/crtn.o
                0x0040153c                . = ALIGN (0x4)
                0x0040153c                __fini_array_start = .
 *(.fini_array)
 .fini_array    0x0040153c        0x4 c:/program files (x86)/atmel/studio/7.0/toolchain/arm/arm-gnu-toolchain/bin/../lib/gcc/arm-none-eabi/6.3.1/thumb/v7-m/crtbegin.o
 *(SORT(.fini_array.*))
                0x00401540                __fini_array_end = .
 *crtbegin.o(.dtors)
 *(EXCLUDE_FILE(*crtend.o) .dtors)
 *(SORT(.dtors.*))
 *crtend.o(.dtors)
                0x00401540                . = ALIGN (0x4)
                0x00401540                _efixed = .
                [!provide]                PROVIDE (__exidx_start, .)

.vfp11_veneer   0x00401540        0x0
 .vfp11_veneer  0x00401540        0x0 linker stubs

.v4_bx          0x00401540        0x0
 .v4_bx         0x00401540        0x0 linker stubs

.iplt           0x00401540        0x0
 .iplt          0x00401540        0x0 c:/program files (x86)/atmel/studio/7.0/toolchain/arm/arm-gnu-toolchain/bin/../lib/gcc/arm-none-eabi/6.3.1/thumb/v7-m/crtbegin.o

.eh_frame       0x00401540        0x0
 .eh_frame      0x00401540        0x0 c:/program files (x86)/atmel/studio/7.0/toolchain/arm/arm-gnu-toolchain/bin/../lib/gcc/arm-none-eabi/6.3.1/thumb/v7-m/crtbegin.o

.rel.dyn        0x00401540        0x0
 .rel.iplt      0x00401540        0x0 c:/program files (x86)/atmel/studio/7.0/toolchain/arm/arm-gnu-toolchain/bin/../lib/gcc/arm-none-eabi/6.3.1/thumb/v7-m/crtbegin.o

.jcr            0x00401540        0x0
 .jcr           0x00401540        0x0 c:/program files (x86)/atmel/studio/7.0/toolchain/arm/arm-gnu-toolchain/bin/../lib/gcc/arm-none-eabi/6.3.1/thumb/v7-m/crtbegin.o

.igot.plt       0x00401540        0x0
 .igot.plt      0x00401540        0x0 c:/program files (x86)/atmel/studio/7.0/toolchain/arm/arm-gnu-toolchain/bin/../lib/gcc/arm-none-eabi/6.3.1/thumb/v7-m/crtbegin.o

.ARM.exidx
 *(.ARM.exidx* .gnu.linkonce.armexidx.*)
                [!provide]                PROVIDE (__exidx_end, .)
                0x00401540                . = ALIGN (0x4)
                0x00401540                _etext = .

.relocate       0x20000000      0x92c load address 0x00401540
                0x20000000                . = ALIGN (0x4)
                0x20000000                _srelocate = .
 *(.ramfunc .ramfunc.*)
 .ramfunc       0x20000000       0xe4 src/ASF/sam/utils/cmsis/sam3s/source/templates/system_sam3s.o
                0x20000000                SystemInit
                0x200000a0                system_init_flash
 *(.data .data.*)
 .data.g_interrupt_enabled
                0x200000e4        0x1 src/ASF/common/utils/interrupt/interrupt_sam_nvic.o
                0x200000e4                g_interrupt_enabled
 *fill*         0x200000e5        0x3 
 .data.SystemCoreClock
                0x200000e8        0x4 src/ASF/sam/utils/cmsis/sam3s/source/templates/system_sam3s.o
                0x200000e8                SystemCoreClock
 .data._impure_ptr
                0x200000ec        0x4 c:/program files (x86)/atmel/studio/7.0/toolchain/arm/arm-gnu-toolchain/bin/../lib/gcc/arm-none-eabi/6.3.1/../../../../arm-none-eabi/lib/thumb/v7-m\libc.a(lib_a-impure.o)
                0x200000ec                _impure_ptr
 .data.impure_data
                0x200000f0      0x428 c:/program files (x86)/atmel/studio/7.0/toolchain/arm/arm-gnu-toolchain/bin/../lib/gcc/arm-none-eabi/6.3.1/../../../../arm-none-eabi/lib/thumb/v7-m\libc.a(lib_a-impure.o)
 .data.__atexit_recursive_mutex
                0x20000518        0x4 c:/program files (x86)/atmel/studio/7.0/toolchain/arm/arm-gnu-toolchain/bin/../lib/gcc/arm-none-eabi/6.3.1/../../../../arm-none-eabi/lib/thumb/v7-m\libc.a(lib_a-__call_atexit.o)
                0x20000518                __atexit_recursive_mutex
 .data.__malloc_av_
                0x2000051c      0x408 c:/program files (x86)/atmel/studio/7.0/toolchain/arm/arm-gnu-toolchain/bin/../lib/gcc/arm-none-eabi/6.3.1/../../../../arm-none-eabi/lib/thumb/v7-m\libc.a(lib_a-mallocr.o)
                0x2000051c                __malloc_av_
 .data.__malloc_sbrk_base
                0x20000924        0x4 c:/program files (x86)/atmel/studio/7.0/toolchain/arm/arm-gnu-toolchain/bin/../lib/gcc/arm-none-eabi/6.3.1/../../../../arm-none-eabi/lib/thumb/v7-m\libc.a(lib_a-mallocr.o)
                0x20000924                __malloc_sbrk_base
 .data.__malloc_trim_threshold
                0x20000928        0x4 c:/program files (x86)/atmel/studio/7.0/toolchain/arm/arm-gnu-toolchain/bin/../lib/gcc/arm-none-eabi/6.3.1/../../../../arm-none-eabi/lib/thumb/v7-m\libc.a(lib_a-mallocr.o)
                0x20000928                __malloc_trim_threshold
                0x2000092c                . = ALIGN (0x4)
                0x2000092c                _erelocate = .

.bss            0x2000092c      0x1a4 load address 0x00401e6c
                0x2000092c                . = ALIGN (0x4)
                0x2000092c                _sbss = .
                0x2000092c                _szero = .
 *(.bss .bss.*)
 .bss           0x2000092c       0x1c c:/program files (x86)/atmel/studio/7.0/toolchain/arm/arm-gnu-toolchain/bin/../lib/gcc/arm-none-eabi/6.3.1/thumb/v7-m/crtbegin.o
 .bss.gs_interrupt_sources
                0x20000948       0x70 src/ASF/sam/drivers/pio/pio_handler.o
 .bss.gs_ul_nb_sources
                0x200009b8        0x4 src/ASF/sam/drivers/pio/pio_handler.o
 .bss.pio_capture_handler
                0x200009bc        0x4 src/ASF/sam/drivers/pio/pio_handler.o
 .bss.serial_rx_buf
                0x200009c0       0x9c src/ASF/thirdparty/wireless/addons/sio2host/uart/sio2host.o
 .bss.serial_rx_buf_tail
                0x20000a5c        0x1 src/ASF/thirdparty/wireless/addons/sio2host/uart/sio2host.o
 *fill*         0x20000a5d        0x3 
 .bss.heap.5297
                0x20000a60        0x4 src/ASF/sam/utils/syscalls/gcc/syscalls.o
 .bss.end_pase  0x20000a64        0x1 src/main.o
                0x20000a64                end_pase
 .bss.error_dir
                0x20000a65        0x1 src/main.o
                0x20000a65                error_dir
 .bss.last_dir  0x20000a66        0x1 src/main.o
                0x20000a66                last_dir
 .bss.last_state
                0x20000a67        0x1 src/main.o
                0x20000a67                last_state
 .bss.new_dir   0x20000a68        0x1 src/main.o
                0x20000a68                new_dir
 *fill*         0x20000a69        0x3 
 .bss.position  0x20000a6c        0x4 src/main.o
                0x20000a6c                position
 .bss.__malloc_current_mallinfo
                0x20000a70       0x28 c:/program files (x86)/atmel/studio/7.0/toolchain/arm/arm-gnu-toolchain/bin/../lib/gcc/arm-none-eabi/6.3.1/../../../../arm-none-eabi/lib/thumb/v7-m\libc.a(lib_a-mallocr.o)
                0x20000a70                __malloc_current_mallinfo
 .bss.__malloc_max_sbrked_mem
                0x20000a98        0x4 c:/program files (x86)/atmel/studio/7.0/toolchain/arm/arm-gnu-toolchain/bin/../lib/gcc/arm-none-eabi/6.3.1/../../../../arm-none-eabi/lib/thumb/v7-m\libc.a(lib_a-mallocr.o)
                0x20000a98                __malloc_max_sbrked_mem
 .bss.__malloc_max_total_mem
                0x20000a9c        0x4 c:/program files (x86)/atmel/studio/7.0/toolchain/arm/arm-gnu-toolchain/bin/../lib/gcc/arm-none-eabi/6.3.1/../../../../arm-none-eabi/lib/thumb/v7-m\libc.a(lib_a-mallocr.o)
                0x20000a9c                __malloc_max_total_mem
 .bss.__malloc_top_pad
                0x20000aa0        0x4 c:/program files (x86)/atmel/studio/7.0/toolchain/arm/arm-gnu-toolchain/bin/../lib/gcc/arm-none-eabi/6.3.1/../../../../arm-none-eabi/lib/thumb/v7-m\libc.a(lib_a-mallocr.o)
                0x20000aa0                __malloc_top_pad
 *(COMMON)
 COMMON         0x20000aa4        0x4 src/ASF/sam/drivers/pio/pio.o
                0x20000aa4                pio_capture_enable_flag
 COMMON         0x20000aa8       0x21 c:/program files (x86)/atmel/studio/7.0/toolchain/arm/arm-gnu-toolchain/bin/../lib/gcc/arm-none-eabi/6.3.1/../../../../arm-none-eabi/lib/thumb/v7-m\libc.a(lib_a-lock.o)
                0x20000aa8                __lock___atexit_recursive_mutex
                0x20000aac                __lock___arc4random_mutex
                0x20000ab0                __lock___env_recursive_mutex
                0x20000ab4                __lock___sinit_recursive_mutex
                0x20000ab8                __lock___malloc_recursive_mutex
                0x20000abc                __lock___at_quick_exit_mutex
                0x20000ac0                __lock___dd_hash_mutex
                0x20000ac4                __lock___tz_mutex
                0x20000ac8                __lock___sfp_recursive_mutex
 *fill*         0x20000ac9        0x3 
 COMMON         0x20000acc        0x4 c:/program files (x86)/atmel/studio/7.0/toolchain/arm/arm-gnu-toolchain/bin/../lib/gcc/arm-none-eabi/6.3.1/../../../../arm-none-eabi/lib/thumb/v7-m\libc.a(lib_a-reent.o)
                0x20000acc                errno
                0x20000ad0                . = ALIGN (0x4)
                0x20000ad0                _ebss = .
                0x20000ad0                _ezero = .

.stack          0x20000ad0     0x2000 load address 0x00402010
                0x20000ad0                . = ALIGN (0x8)
                0x20000ad0                _sstack = .
                0x20002ad0                . = (. + __stack_size__)
 *fill*         0x20000ad0     0x2000 
                0x20002ad0                . = ALIGN (0x8)
                0x20002ad0                _estack = .
                0x20002ad0                . = ALIGN (0x4)
                0x20002ad0                _end = .
OUTPUT(HC1.elf elf32-littlearm)

.ARM.attributes
                0x00000000       0x29
 .ARM.attributes
                0x00000000       0x1d c:/program files (x86)/atmel/studio/7.0/toolchain/arm/arm-gnu-toolchain/bin/../lib/gcc/arm-none-eabi/6.3.1/thumb/v7-m/crti.o
 .ARM.attributes
                0x0000001d       0x2d c:/program files (x86)/atmel/studio/7.0/toolchain/arm/arm-gnu-toolchain/bin/../lib/gcc/arm-none-eabi/6.3.1/thumb/v7-m/crtbegin.o
 .ARM.attributes
                0x0000004a       0x33 src/ASF/common/services/clock/sam3s/sysclk.o
 .ARM.attributes
                0x0000007d       0x33 src/ASF/common/services/serial/usart_serial.o
 .ARM.attributes
                0x000000b0       0x33 src/ASF/sam/drivers/pio/pio.o
 .ARM.attributes
                0x000000e3       0x33 src/ASF/sam/drivers/pio/pio_handler.o
 .ARM.attributes
                0x00000116       0x33 src/ASF/sam/drivers/pmc/pmc.o
 .ARM.attributes
                0x00000149       0x33 src/ASF/sam/drivers/uart/uart.o
 .ARM.attributes
                0x0000017c       0x33 src/ASF/sam/drivers/usart/usart.o
 .ARM.attributes
                0x000001af       0x33 src/ASF/thirdparty/wireless/addons/sio2host/uart/sio2host.o
 .ARM.attributes
                0x000001e2       0x33 src/ASF/common/boards/user_board/init.o
 .ARM.attributes
                0x00000215       0x33 src/ASF/common/utils/interrupt/interrupt_sam_nvic.o
 .ARM.attributes
                0x00000248       0x33 src/ASF/sam/utils/cmsis/sam3s/source/templates/exceptions.o
 .ARM.attributes
                0x0000027b       0x33 src/ASF/sam/utils/cmsis/sam3s/source/templates/gcc/startup_sam3s.o
 .ARM.attributes
                0x000002ae       0x33 src/ASF/sam/utils/cmsis/sam3s/source/templates/system_sam3s.o
 .ARM.attributes
                0x000002e1       0x33 src/ASF/sam/utils/syscalls/gcc/syscalls.o
 .ARM.attributes
                0x00000314       0x33 src/main.o
 .ARM.attributes
                0x00000347       0x2d c:/program files (x86)/atmel/studio/7.0/toolchain/arm/arm-gnu-toolchain/bin/../lib/gcc/arm-none-eabi/6.3.1/../../../../arm-none-eabi/lib/thumb/v7-m\libc.a(lib_a-impure.o)
 .ARM.attributes
                0x00000374       0x2d c:/program files (x86)/atmel/studio/7.0/toolchain/arm/arm-gnu-toolchain/bin/../lib/gcc/arm-none-eabi/6.3.1/../../../../arm-none-eabi/lib/thumb/v7-m\libc.a(lib_a-init.o)
 .ARM.attributes
                0x000003a1       0x2d c:/program files (x86)/atmel/studio/7.0/toolchain/arm/arm-gnu-toolchain/bin/../lib/gcc/arm-none-eabi/6.3.1/../../../../arm-none-eabi/lib/thumb/v7-m\libc.a(lib_a-__call_atexit.o)
 .ARM.attributes
                0x000003ce       0x2d c:/program files (x86)/atmel/studio/7.0/toolchain/arm/arm-gnu-toolchain/bin/../lib/gcc/arm-none-eabi/6.3.1/../../../../arm-none-eabi/lib/thumb/v7-m\libc.a(lib_a-atexit.o)
 .ARM.attributes
                0x000003fb       0x2d c:/program files (x86)/atmel/studio/7.0/toolchain/arm/arm-gnu-toolchain/bin/../lib/gcc/arm-none-eabi/6.3.1/../../../../arm-none-eabi/lib/thumb/v7-m\libc.a(lib_a-fini.o)
 .ARM.attributes
                0x00000428       0x2d c:/program files (x86)/atmel/studio/7.0/toolchain/arm/arm-gnu-toolchain/bin/../lib/gcc/arm-none-eabi/6.3.1/../../../../arm-none-eabi/lib/thumb/v7-m\libc.a(lib_a-freer.o)
 .ARM.attributes
                0x00000455       0x2d c:/program files (x86)/atmel/studio/7.0/toolchain/arm/arm-gnu-toolchain/bin/../lib/gcc/arm-none-eabi/6.3.1/../../../../arm-none-eabi/lib/thumb/v7-m\libc.a(lib_a-lock.o)
 .ARM.attributes
                0x00000482       0x2d c:/program files (x86)/atmel/studio/7.0/toolchain/arm/arm-gnu-toolchain/bin/../lib/gcc/arm-none-eabi/6.3.1/../../../../arm-none-eabi/lib/thumb/v7-m\libc.a(lib_a-malloc.o)
 .ARM.attributes
                0x000004af       0x2d c:/program files (x86)/atmel/studio/7.0/toolchain/arm/arm-gnu-toolchain/bin/../lib/gcc/arm-none-eabi/6.3.1/../../../../arm-none-eabi/lib/thumb/v7-m\libc.a(lib_a-mallocr.o)
 .ARM.attributes
                0x000004dc       0x2d c:/program files (x86)/atmel/studio/7.0/toolchain/arm/arm-gnu-toolchain/bin/../lib/gcc/arm-none-eabi/6.3.1/../../../../arm-none-eabi/lib/thumb/v7-m\libc.a(lib_a-mlock.o)
 .ARM.attributes
                0x00000509       0x2d c:/program files (x86)/atmel/studio/7.0/toolchain/arm/arm-gnu-toolchain/bin/../lib/gcc/arm-none-eabi/6.3.1/../../../../arm-none-eabi/lib/thumb/v7-m\libc.a(lib_a-sbrkr.o)
 .ARM.attributes
                0x00000536       0x2d c:/program files (x86)/atmel/studio/7.0/toolchain/arm/arm-gnu-toolchain/bin/../lib/gcc/arm-none-eabi/6.3.1/../../../../arm-none-eabi/lib/thumb/v7-m\libc.a(lib_a-__atexit.o)
 .ARM.attributes
                0x00000563       0x2d c:/program files (x86)/atmel/studio/7.0/toolchain/arm/arm-gnu-toolchain/bin/../lib/gcc/arm-none-eabi/6.3.1/../../../../arm-none-eabi/lib/thumb/v7-m\libc.a(lib_a-reent.o)
 .ARM.attributes
                0x00000590       0x1d c:/program files (x86)/atmel/studio/7.0/toolchain/arm/arm-gnu-toolchain/bin/../lib/gcc/arm-none-eabi/6.3.1/thumb/v7-m/crtn.o

.comment        0x00000000       0x59
 .comment       0x00000000       0x59 src/ASF/common/services/clock/sam3s/sysclk.o
                                 0x5a (size before relaxing)
 .comment       0x00000059       0x5a src/ASF/common/services/serial/usart_serial.o
 .comment       0x00000059       0x5a src/ASF/sam/drivers/pio/pio.o
 .comment       0x00000059       0x5a src/ASF/sam/drivers/pio/pio_handler.o
 .comment       0x00000059       0x5a src/ASF/sam/drivers/pmc/pmc.o
 .comment       0x00000059       0x5a src/ASF/sam/drivers/uart/uart.o
 .comment       0x00000059       0x5a src/ASF/sam/drivers/usart/usart.o
 .comment       0x00000059       0x5a src/ASF/thirdparty/wireless/addons/sio2host/uart/sio2host.o
 .comment       0x00000059       0x5a src/ASF/common/boards/user_board/init.o
 .comment       0x00000059       0x5a src/ASF/common/utils/interrupt/interrupt_sam_nvic.o
 .comment       0x00000059       0x5a src/ASF/sam/utils/cmsis/sam3s/source/templates/exceptions.o
 .comment       0x00000059       0x5a src/ASF/sam/utils/cmsis/sam3s/source/templates/gcc/startup_sam3s.o
 .comment       0x00000059       0x5a src/ASF/sam/utils/cmsis/sam3s/source/templates/system_sam3s.o
 .comment       0x00000059       0x5a src/ASF/sam/utils/syscalls/gcc/syscalls.o
 .comment       0x00000059       0x5a src/main.o

.debug_info     0x00000000    0x12273
 .debug_info    0x00000000     0x1120 src/ASF/common/services/clock/sam3s/sysclk.o
 .debug_info    0x00001120     0x110d src/ASF/common/services/serial/usart_serial.o
 .debug_info    0x0000222d     0x223e src/ASF/sam/drivers/pio/pio.o
 .debug_info    0x0000446b     0x190e src/ASF/sam/drivers/pio/pio_handler.o
 .debug_info    0x00005d79     0x19ce src/ASF/sam/drivers/pmc/pmc.o
 .debug_info    0x00007747     0x119c src/ASF/sam/drivers/uart/uart.o
 .debug_info    0x000088e3     0x2083 src/ASF/sam/drivers/usart/usart.o
 .debug_info    0x0000a966     0x1963 src/ASF/thirdparty/wireless/addons/sio2host/uart/sio2host.o
 .debug_info    0x0000c2c9      0xa9e src/ASF/common/boards/user_board/init.o
 .debug_info    0x0000cd67      0xaff src/ASF/common/utils/interrupt/interrupt_sam_nvic.o
 .debug_info    0x0000d866      0xa39 src/ASF/sam/utils/cmsis/sam3s/source/templates/exceptions.o
 .debug_info    0x0000e29f      0xd1b src/ASF/sam/utils/cmsis/sam3s/source/templates/gcc/startup_sam3s.o
 .debug_info    0x0000efba      0xdd6 src/ASF/sam/utils/cmsis/sam3s/source/templates/system_sam3s.o
 .debug_info    0x0000fd90      0xdb0 src/ASF/sam/utils/syscalls/gcc/syscalls.o
 .debug_info    0x00010b40     0x1733 src/main.o

.debug_abbrev   0x00000000     0x29a8
 .debug_abbrev  0x00000000      0x311 src/ASF/common/services/clock/sam3s/sysclk.o
 .debug_abbrev  0x00000311      0x2b1 src/ASF/common/services/serial/usart_serial.o
 .debug_abbrev  0x000005c2      0x3ff src/ASF/sam/drivers/pio/pio.o
 .debug_abbrev  0x000009c1      0x37f src/ASF/sam/drivers/pio/pio_handler.o
 .debug_abbrev  0x00000d40      0x306 src/ASF/sam/drivers/pmc/pmc.o
 .debug_abbrev  0x00001046      0x288 src/ASF/sam/drivers/uart/uart.o
 .debug_abbrev  0x000012ce      0x406 src/ASF/sam/drivers/usart/usart.o
 .debug_abbrev  0x000016d4      0x418 src/ASF/thirdparty/wireless/addons/sio2host/uart/sio2host.o
 .debug_abbrev  0x00001aec      0x1a9 src/ASF/common/boards/user_board/init.o
 .debug_abbrev  0x00001c95      0x221 src/ASF/common/utils/interrupt/interrupt_sam_nvic.o
 .debug_abbrev  0x00001eb6      0x1a4 src/ASF/sam/utils/cmsis/sam3s/source/templates/exceptions.o
 .debug_abbrev  0x0000205a      0x1f2 src/ASF/sam/utils/cmsis/sam3s/source/templates/gcc/startup_sam3s.o
 .debug_abbrev  0x0000224c      0x1f4 src/ASF/sam/utils/cmsis/sam3s/source/templates/system_sam3s.o
 .debug_abbrev  0x00002440      0x264 src/ASF/sam/utils/syscalls/gcc/syscalls.o
 .debug_abbrev  0x000026a4      0x304 src/main.o

.debug_loc      0x00000000     0x3ae8
 .debug_loc     0x00000000      0x143 src/ASF/common/services/clock/sam3s/sysclk.o
 .debug_loc     0x00000143      0x2a7 src/ASF/common/services/serial/usart_serial.o
 .debug_loc     0x000003ea      0xdef src/ASF/sam/drivers/pio/pio.o
 .debug_loc     0x000011d9      0x531 src/ASF/sam/drivers/pio/pio_handler.o
 .debug_loc     0x0000170a      0xb7a src/ASF/sam/drivers/pmc/pmc.o
 .debug_loc     0x00002284      0x241 src/ASF/sam/drivers/uart/uart.o
 .debug_loc     0x000024c5      0xe59 src/ASF/sam/drivers/usart/usart.o
 .debug_loc     0x0000331e      0x568 src/ASF/thirdparty/wireless/addons/sio2host/uart/sio2host.o
 .debug_loc     0x00003886       0x6b src/ASF/sam/utils/cmsis/sam3s/source/templates/gcc/startup_sam3s.o
 .debug_loc     0x000038f1       0xfd src/ASF/sam/utils/syscalls/gcc/syscalls.o
 .debug_loc     0x000039ee       0xfa src/main.o

.debug_aranges  0x00000000      0x908
 .debug_aranges
                0x00000000       0x30 src/ASF/common/services/clock/sam3s/sysclk.o
 .debug_aranges
                0x00000030       0x28 src/ASF/common/services/serial/usart_serial.o
 .debug_aranges
                0x00000058      0x1a8 src/ASF/sam/drivers/pio/pio.o
 .debug_aranges
                0x00000200       0x50 src/ASF/sam/drivers/pio/pio_handler.o
 .debug_aranges
                0x00000250      0x200 src/ASF/sam/drivers/pmc/pmc.o
 .debug_aranges
                0x00000450       0xe8 src/ASF/sam/drivers/uart/uart.o
 .debug_aranges
                0x00000538      0x210 src/ASF/sam/drivers/usart/usart.o
 .debug_aranges
                0x00000748       0x78 src/ASF/thirdparty/wireless/addons/sio2host/uart/sio2host.o
 .debug_aranges
                0x000007c0       0x20 src/ASF/common/boards/user_board/init.o
 .debug_aranges
                0x000007e0       0x28 src/ASF/common/utils/interrupt/interrupt_sam_nvic.o
 .debug_aranges
                0x00000808       0x20 src/ASF/sam/utils/cmsis/sam3s/source/templates/exceptions.o
 .debug_aranges
                0x00000828       0x20 src/ASF/sam/utils/cmsis/sam3s/source/templates/gcc/startup_sam3s.o
 .debug_aranges
                0x00000848       0x30 src/ASF/sam/utils/cmsis/sam3s/source/templates/system_sam3s.o
 .debug_aranges
                0x00000878       0x60 src/ASF/sam/utils/syscalls/gcc/syscalls.o
 .debug_aranges
                0x000008d8       0x30 src/main.o

.debug_ranges   0x00000000      0x878
 .debug_ranges  0x00000000       0x20 src/ASF/common/services/clock/sam3s/sysclk.o
 .debug_ranges  0x00000020       0x48 src/ASF/common/services/serial/usart_serial.o
 .debug_ranges  0x00000068      0x1b0 src/ASF/sam/drivers/pio/pio.o
 .debug_ranges  0x00000218       0x58 src/ASF/sam/drivers/pio/pio_handler.o
 .debug_ranges  0x00000270      0x1f0 src/ASF/sam/drivers/pmc/pmc.o
 .debug_ranges  0x00000460       0xd8 src/ASF/sam/drivers/uart/uart.o
 .debug_ranges  0x00000538      0x200 src/ASF/sam/drivers/usart/usart.o
 .debug_ranges  0x00000738       0x68 src/ASF/thirdparty/wireless/addons/sio2host/uart/sio2host.o
 .debug_ranges  0x000007a0       0x10 src/ASF/common/boards/user_board/init.o
 .debug_ranges  0x000007b0       0x18 src/ASF/common/utils/interrupt/interrupt_sam_nvic.o
 .debug_ranges  0x000007c8       0x10 src/ASF/sam/utils/cmsis/sam3s/source/templates/exceptions.o
 .debug_ranges  0x000007d8       0x10 src/ASF/sam/utils/cmsis/sam3s/source/templates/gcc/startup_sam3s.o
 .debug_ranges  0x000007e8       0x20 src/ASF/sam/utils/cmsis/sam3s/source/templates/system_sam3s.o
 .debug_ranges  0x00000808       0x50 src/ASF/sam/utils/syscalls/gcc/syscalls.o
 .debug_ranges  0x00000858       0x20 src/main.o

.debug_macro    0x00000000    0x13545
 .debug_macro   0x00000000      0x566 src/ASF/common/services/clock/sam3s/sysclk.o
 .debug_macro   0x00000566      0x8c8 src/ASF/common/services/clock/sam3s/sysclk.o
 .debug_macro   0x00000e2e      0x71d src/ASF/common/services/clock/sam3s/sysclk.o
 .debug_macro   0x0000154b       0x40 src/ASF/common/services/clock/sam3s/sysclk.o
 .debug_macro   0x0000158b      0x16d src/ASF/common/services/clock/sam3s/sysclk.o
 .debug_macro   0x000016f8       0x76 src/ASF/common/services/clock/sam3s/sysclk.o
 .debug_macro   0x0000176e       0x16 src/ASF/common/services/clock/sam3s/sysclk.o
 .debug_macro   0x00001784      0x6da src/ASF/common/services/clock/sam3s/sysclk.o
 .debug_macro   0x00001e5e       0x22 src/ASF/common/services/clock/sam3s/sysclk.o
 .debug_macro   0x00001e80       0x87 src/ASF/common/services/clock/sam3s/sysclk.o
 .debug_macro   0x00001f07       0x51 src/ASF/common/services/clock/sam3s/sysclk.o
 .debug_macro   0x00001f58       0xef src/ASF/common/services/clock/sam3s/sysclk.o
 .debug_macro   0x00002047       0x6a src/ASF/common/services/clock/sam3s/sysclk.o
 .debug_macro   0x000020b1      0x1df src/ASF/common/services/clock/sam3s/sysclk.o
 .debug_macro   0x00002290       0x20 src/ASF/common/services/clock/sam3s/sysclk.o
 .debug_macro   0x000022b0       0x1c src/ASF/common/services/clock/sam3s/sysclk.o
 .debug_macro   0x000022cc       0x22 src/ASF/common/services/clock/sam3s/sysclk.o
 .debug_macro   0x000022ee       0xc3 src/ASF/common/services/clock/sam3s/sysclk.o
 .debug_macro   0x000023b1      0xe49 src/ASF/common/services/clock/sam3s/sysclk.o
 .debug_macro   0x000031fa      0x11f src/ASF/common/services/clock/sam3s/sysclk.o
 .debug_macro   0x00003319      0x154 src/ASF/common/services/clock/sam3s/sysclk.o
 .debug_macro   0x0000346d      0xa97 src/ASF/common/services/clock/sam3s/sysclk.o
 .debug_macro   0x00003f04      0x2ab src/ASF/common/services/clock/sam3s/sysclk.o
 .debug_macro   0x000041af       0xac src/ASF/common/services/clock/sam3s/sysclk.o
 .debug_macro   0x0000425b      0x310 src/ASF/common/services/clock/sam3s/sysclk.o
 .debug_macro   0x0000456b       0x82 src/ASF/common/services/clock/sam3s/sysclk.o
 .debug_macro   0x000045ed       0x1c src/ASF/common/services/clock/sam3s/sysclk.o
 .debug_macro   0x00004609      0x760 src/ASF/common/services/clock/sam3s/sysclk.o
 .debug_macro   0x00004d69      0x2c9 src/ASF/common/services/clock/sam3s/sysclk.o
 .debug_macro   0x00005032       0xbe src/ASF/common/services/clock/sam3s/sysclk.o
 .debug_macro   0x000050f0     0x2807 src/ASF/common/services/clock/sam3s/sysclk.o
 .debug_macro   0x000078f7      0x78a src/ASF/common/services/clock/sam3s/sysclk.o
 .debug_macro   0x00008081      0xa76 src/ASF/common/services/clock/sam3s/sysclk.o
 .debug_macro   0x00008af7       0x7c src/ASF/common/services/clock/sam3s/sysclk.o
 .debug_macro   0x00008b73      0x23d src/ASF/common/services/clock/sam3s/sysclk.o
 .debug_macro   0x00008db0       0x58 src/ASF/common/services/clock/sam3s/sysclk.o
 .debug_macro   0x00008e08      0x38a src/ASF/common/services/clock/sam3s/sysclk.o
 .debug_macro   0x00009192      0x622 src/ASF/common/services/clock/sam3s/sysclk.o
 .debug_macro   0x000097b4      0x640 src/ASF/common/services/clock/sam3s/sysclk.o
 .debug_macro   0x00009df4      0x595 src/ASF/common/services/clock/sam3s/sysclk.o
 .debug_macro   0x0000a389      0x344 src/ASF/common/services/clock/sam3s/sysclk.o
 .debug_macro   0x0000a6cd      0x283 src/ASF/common/services/clock/sam3s/sysclk.o
 .debug_macro   0x0000a950      0x2cd src/ASF/common/services/clock/sam3s/sysclk.o
 .debug_macro   0x0000ac1d      0x6c8 src/ASF/common/services/clock/sam3s/sysclk.o
 .debug_macro   0x0000b2e5       0x76 src/ASF/common/services/clock/sam3s/sysclk.o
 .debug_macro   0x0000b35b       0xb8 src/ASF/common/services/clock/sam3s/sysclk.o
 .debug_macro   0x0000b413       0xb2 src/ASF/common/services/clock/sam3s/sysclk.o
 .debug_macro   0x0000b4c5       0x88 src/ASF/common/services/clock/sam3s/sysclk.o
 .debug_macro   0x0000b54d      0x100 src/ASF/common/services/clock/sam3s/sysclk.o
 .debug_macro   0x0000b64d       0x88 src/ASF/common/services/clock/sam3s/sysclk.o
 .debug_macro   0x0000b6d5       0x88 src/ASF/common/services/clock/sam3s/sysclk.o
 .debug_macro   0x0000b75d      0x2cd src/ASF/common/services/clock/sam3s/sysclk.o
 .debug_macro   0x0000ba2a       0xb2 src/ASF/common/services/clock/sam3s/sysclk.o
 .debug_macro   0x0000badc       0xb2 src/ASF/common/services/clock/sam3s/sysclk.o
 .debug_macro   0x0000bb8e       0x52 src/ASF/common/services/clock/sam3s/sysclk.o
 .debug_macro   0x0000bbe0       0xac src/ASF/common/services/clock/sam3s/sysclk.o
 .debug_macro   0x0000bc8c       0x7c src/ASF/common/services/clock/sam3s/sysclk.o
 .debug_macro   0x0000bd08       0x40 src/ASF/common/services/clock/sam3s/sysclk.o
 .debug_macro   0x0000bd48       0x64 src/ASF/common/services/clock/sam3s/sysclk.o
 .debug_macro   0x0000bdac       0x4c src/ASF/common/services/clock/sam3s/sysclk.o
 .debug_macro   0x0000bdf8       0xa6 src/ASF/common/services/clock/sam3s/sysclk.o
 .debug_macro   0x0000be9e       0x7c src/ASF/common/services/clock/sam3s/sysclk.o
 .debug_macro   0x0000bf1a       0x16 src/ASF/common/services/clock/sam3s/sysclk.o
 .debug_macro   0x0000bf30       0x7c src/ASF/common/services/clock/sam3s/sysclk.o
 .debug_macro   0x0000bfac       0x22 src/ASF/common/services/clock/sam3s/sysclk.o
 .debug_macro   0x0000bfce      0x18b src/ASF/common/services/clock/sam3s/sysclk.o
 .debug_macro   0x0000c159      0x15b src/ASF/common/services/clock/sam3s/sysclk.o
 .debug_macro   0x0000c2b4       0x1c src/ASF/common/services/clock/sam3s/sysclk.o
 .debug_macro   0x0000c2d0       0x2e src/ASF/common/services/clock/sam3s/sysclk.o
 .debug_macro   0x0000c2fe       0x22 src/ASF/common/services/clock/sam3s/sysclk.o
 .debug_macro   0x0000c320       0x1c src/ASF/common/services/clock/sam3s/sysclk.o
 .debug_macro   0x0000c33c       0x52 src/ASF/common/services/clock/sam3s/sysclk.o
 .debug_macro   0x0000c38e       0x10 src/ASF/common/services/clock/sam3s/sysclk.o
 .debug_macro   0x0000c39e      0x1e0 src/ASF/common/services/clock/sam3s/sysclk.o
 .debug_macro   0x0000c57e      0x5e9 src/ASF/common/services/clock/sam3s/sysclk.o
 .debug_macro   0x0000cb67       0xc1 src/ASF/common/services/clock/sam3s/sysclk.o
 .debug_macro   0x0000cc28       0x58 src/ASF/common/services/clock/sam3s/sysclk.o
 .debug_macro   0x0000cc80       0x35 src/ASF/common/services/clock/sam3s/sysclk.o
 .debug_macro   0x0000ccb5       0x9c src/ASF/common/services/clock/sam3s/sysclk.o
 .debug_macro   0x0000cd51       0x16 src/ASF/common/services/clock/sam3s/sysclk.o
 .debug_macro   0x0000cd67       0x35 src/ASF/common/services/clock/sam3s/sysclk.o
 .debug_macro   0x0000cd9c      0x34d src/ASF/common/services/clock/sam3s/sysclk.o
 .debug_macro   0x0000d0e9       0x10 src/ASF/common/services/clock/sam3s/sysclk.o
 .debug_macro   0x0000d0f9       0x58 src/ASF/common/services/clock/sam3s/sysclk.o
 .debug_macro   0x0000d151       0x1f src/ASF/common/services/clock/sam3s/sysclk.o
 .debug_macro   0x0000d170       0x43 src/ASF/common/services/clock/sam3s/sysclk.o
 .debug_macro   0x0000d1b3       0x20 src/ASF/common/services/clock/sam3s/sysclk.o
 .debug_macro   0x0000d1d3      0x187 src/ASF/common/services/clock/sam3s/sysclk.o
 .debug_macro   0x0000d35a       0x10 src/ASF/common/services/clock/sam3s/sysclk.o
 .debug_macro   0x0000d36a       0x1c src/ASF/common/services/clock/sam3s/sysclk.o
 .debug_macro   0x0000d386       0x52 src/ASF/common/services/clock/sam3s/sysclk.o
 .debug_macro   0x0000d3d8       0x40 src/ASF/common/services/clock/sam3s/sysclk.o
 .debug_macro   0x0000d418       0x10 src/ASF/common/services/clock/sam3s/sysclk.o
 .debug_macro   0x0000d428       0x40 src/ASF/common/services/clock/sam3s/sysclk.o
 .debug_macro   0x0000d468       0xd7 src/ASF/common/services/clock/sam3s/sysclk.o
 .debug_macro   0x0000d53f       0x16 src/ASF/common/services/clock/sam3s/sysclk.o
 .debug_macro   0x0000d555      0x18b src/ASF/common/services/clock/sam3s/sysclk.o
 .debug_macro   0x0000d6e0       0x22 src/ASF/common/services/clock/sam3s/sysclk.o
 .debug_macro   0x0000d702       0x16 src/ASF/common/services/clock/sam3s/sysclk.o
 .debug_macro   0x0000d718       0x16 src/ASF/common/services/clock/sam3s/sysclk.o
 .debug_macro   0x0000d72e       0x29 src/ASF/common/services/clock/sam3s/sysclk.o
 .debug_macro   0x0000d757       0x73 src/ASF/common/services/clock/sam3s/sysclk.o
 .debug_macro   0x0000d7ca       0x44 src/ASF/common/services/clock/sam3s/sysclk.o
 .debug_macro   0x0000d80e      0x3ca src/ASF/common/services/clock/sam3s/sysclk.o
 .debug_macro   0x0000dbd8      0x2d9 src/ASF/common/services/clock/sam3s/sysclk.o
 .debug_macro   0x0000deb1      0x365 src/ASF/common/services/clock/sam3s/sysclk.o
 .debug_macro   0x0000e216       0x5e src/ASF/common/services/clock/sam3s/sysclk.o
 .debug_macro   0x0000e274       0x64 src/ASF/common/services/clock/sam3s/sysclk.o
 .debug_macro   0x0000e2d8       0x46 src/ASF/common/services/clock/sam3s/sysclk.o
 .debug_macro   0x0000e31e       0x90 src/ASF/common/services/clock/sam3s/sysclk.o
 .debug_macro   0x0000e3ae      0x59a src/ASF/common/services/serial/usart_serial.o
 .debug_macro   0x0000e948      0x2df src/ASF/common/services/serial/usart_serial.o
 .debug_macro   0x0000ec27       0x1c src/ASF/common/services/serial/usart_serial.o
 .debug_macro   0x0000ec43       0x2e src/ASF/common/services/serial/usart_serial.o
 .debug_macro   0x0000ec71      0x507 src/ASF/sam/drivers/pio/pio.o
 .debug_macro   0x0000f178       0x8e src/ASF/sam/drivers/pio/pio.o
 .debug_macro   0x0000f206      0x50b src/ASF/sam/drivers/pio/pio_handler.o
 .debug_macro   0x0000f711      0x501 src/ASF/sam/drivers/pmc/pmc.o
 .debug_macro   0x0000fc12       0x58 src/ASF/sam/drivers/pmc/pmc.o
 .debug_macro   0x0000fc6a      0x4fb src/ASF/sam/drivers/uart/uart.o
 .debug_macro   0x00010165       0x16 src/ASF/sam/drivers/uart/uart.o
 .debug_macro   0x0001017b      0x537 src/ASF/sam/drivers/usart/usart.o
 .debug_macro   0x000106b2       0x28 src/ASF/sam/drivers/usart/usart.o
 .debug_macro   0x000106da      0x653 src/ASF/thirdparty/wireless/addons/sio2host/uart/sio2host.o
 .debug_macro   0x00010d2d       0x28 src/ASF/thirdparty/wireless/addons/sio2host/uart/sio2host.o
 .debug_macro   0x00010d55       0x22 src/ASF/thirdparty/wireless/addons/sio2host/uart/sio2host.o
 .debug_macro   0x00010d77       0x16 src/ASF/thirdparty/wireless/addons/sio2host/uart/sio2host.o
 .debug_macro   0x00010d8d       0x94 src/ASF/thirdparty/wireless/addons/sio2host/uart/sio2host.o
 .debug_macro   0x00010e21       0x40 src/ASF/thirdparty/wireless/addons/sio2host/uart/sio2host.o
 .debug_macro   0x00010e61       0x10 src/ASF/thirdparty/wireless/addons/sio2host/uart/sio2host.o
 .debug_macro   0x00010e71       0x40 src/ASF/thirdparty/wireless/addons/sio2host/uart/sio2host.o
 .debug_macro   0x00010eb1      0x63e src/ASF/common/boards/user_board/init.o
 .debug_macro   0x000114ef      0x4f6 src/ASF/common/utils/interrupt/interrupt_sam_nvic.o
 .debug_macro   0x000119e5       0x3e src/ASF/common/utils/interrupt/interrupt_sam_nvic.o
 .debug_macro   0x00011a23      0x500 src/ASF/sam/utils/cmsis/sam3s/source/templates/exceptions.o
 .debug_macro   0x00011f23      0x50e src/ASF/sam/utils/cmsis/sam3s/source/templates/gcc/startup_sam3s.o
 .debug_macro   0x00012431      0x508 src/ASF/sam/utils/cmsis/sam3s/source/templates/system_sam3s.o
 .debug_macro   0x00012939       0x26 src/ASF/sam/utils/cmsis/sam3s/source/templates/system_sam3s.o
 .debug_macro   0x0001295f      0x1d6 src/ASF/sam/utils/syscalls/gcc/syscalls.o
 .debug_macro   0x00012b35       0x97 src/ASF/sam/utils/syscalls/gcc/syscalls.o
 .debug_macro   0x00012bcc       0xf6 src/ASF/sam/utils/syscalls/gcc/syscalls.o
 .debug_macro   0x00012cc2       0x4c src/ASF/sam/utils/syscalls/gcc/syscalls.o
 .debug_macro   0x00012d0e       0x16 src/ASF/sam/utils/syscalls/gcc/syscalls.o
 .debug_macro   0x00012d24       0x10 src/ASF/sam/utils/syscalls/gcc/syscalls.o
 .debug_macro   0x00012d34       0x10 src/ASF/sam/utils/syscalls/gcc/syscalls.o
 .debug_macro   0x00012d44       0x35 src/ASF/sam/utils/syscalls/gcc/syscalls.o
 .debug_macro   0x00012d79      0x122 src/ASF/sam/utils/syscalls/gcc/syscalls.o
 .debug_macro   0x00012e9b      0x6aa src/main.o

.debug_line     0x00000000     0xbaae
 .debug_line    0x00000000      0xbb5 src/ASF/common/services/clock/sam3s/sysclk.o
 .debug_line    0x00000bb5      0xcaa src/ASF/common/services/serial/usart_serial.o
 .debug_line    0x0000185f      0xf19 src/ASF/sam/drivers/pio/pio.o
 .debug_line    0x00002778      0xb2f src/ASF/sam/drivers/pio/pio_handler.o
 .debug_line    0x000032a7      0xffb src/ASF/sam/drivers/pmc/pmc.o
 .debug_line    0x000042a2      0xc1d src/ASF/sam/drivers/uart/uart.o
 .debug_line    0x00004ebf      0xfe6 src/ASF/sam/drivers/usart/usart.o
 .debug_line    0x00005ea5     0x1066 src/ASF/thirdparty/wireless/addons/sio2host/uart/sio2host.o
 .debug_line    0x00006f0b      0xe65 src/ASF/common/boards/user_board/init.o
 .debug_line    0x00007d70      0xa7f src/ASF/common/utils/interrupt/interrupt_sam_nvic.o
 .debug_line    0x000087ef      0xa45 src/ASF/sam/utils/cmsis/sam3s/source/templates/exceptions.o
 .debug_line    0x00009234      0xa8e src/ASF/sam/utils/cmsis/sam3s/source/templates/gcc/startup_sam3s.o
 .debug_line    0x00009cc2      0xab5 src/ASF/sam/utils/cmsis/sam3s/source/templates/system_sam3s.o
 .debug_line    0x0000a777      0x40b src/ASF/sam/utils/syscalls/gcc/syscalls.o
 .debug_line    0x0000ab82      0xf2c src/main.o

.debug_str      0x00000000    0x4dd74
 .debug_str     0x00000000    0x49f6c src/ASF/common/services/clock/sam3s/sysclk.o
                              0x4a36b (size before relaxing)
 .debug_str     0x00049f6c      0x4cd src/ASF/common/services/serial/usart_serial.o
                              0x4a49a (size before relaxing)
 .debug_str     0x0004a439      0xc29 src/ASF/sam/drivers/pio/pio.o
                              0x48a6a (size before relaxing)
 .debug_str     0x0004b062      0x39e src/ASF/sam/drivers/pio/pio_handler.o
                              0x4892b (size before relaxing)
 .debug_str     0x0004b400      0x5f1 src/ASF/sam/drivers/pmc/pmc.o
                              0x4883b (size before relaxing)
 .debug_str     0x0004b9f1      0x228 src/ASF/sam/drivers/uart/uart.o
                              0x481d9 (size before relaxing)
 .debug_str     0x0004bc19      0x800 src/ASF/sam/drivers/usart/usart.o
                              0x4884d (size before relaxing)
 .debug_str     0x0004c419      0xc62 src/ASF/thirdparty/wireless/addons/sio2host/uart/sio2host.o
                              0x4b7df (size before relaxing)
 .debug_str     0x0004d07b       0x36 src/ASF/common/boards/user_board/init.o
                              0x4acb2 (size before relaxing)
 .debug_str     0x0004d0b1       0x73 src/ASF/common/utils/interrupt/interrupt_sam_nvic.o
                              0x47e64 (size before relaxing)
 .debug_str     0x0004d124       0x4d src/ASF/sam/utils/cmsis/sam3s/source/templates/exceptions.o
                              0x47e2d (size before relaxing)
 .debug_str     0x0004d171       0xf1 src/ASF/sam/utils/cmsis/sam3s/source/templates/gcc/startup_sam3s.o
                              0x47f41 (size before relaxing)
 .debug_str     0x0004d262      0x180 src/ASF/sam/utils/cmsis/sam3s/source/templates/system_sam3s.o
                              0x480fb (size before relaxing)
 .debug_str     0x0004d3e2      0x787 src/ASF/sam/utils/syscalls/gcc/syscalls.o
                               0x741b (size before relaxing)
 .debug_str     0x0004db69      0x20b src/main.o
                              0x4b4a6 (size before relaxing)

.debug_frame    0x00000000     0x1624
 .debug_frame   0x00000000       0x58 src/ASF/common/services/clock/sam3s/sysclk.o
 .debug_frame   0x00000058       0x7c src/ASF/common/services/serial/usart_serial.o
 .debug_frame   0x000000d4      0x384 src/ASF/sam/drivers/pio/pio.o
 .debug_frame   0x00000458       0xdc src/ASF/sam/drivers/pio/pio_handler.o
 .debug_frame   0x00000534      0x3f8 src/ASF/sam/drivers/pmc/pmc.o
 .debug_frame   0x0000092c      0x1bc src/ASF/sam/drivers/uart/uart.o
 .debug_frame   0x00000ae8      0x48c src/ASF/sam/drivers/usart/usart.o
 .debug_frame   0x00000f74      0x164 src/ASF/thirdparty/wireless/addons/sio2host/uart/sio2host.o
 .debug_frame   0x000010d8       0x20 src/ASF/common/boards/user_board/init.o
 .debug_frame   0x000010f8       0x30 src/ASF/common/utils/interrupt/interrupt_sam_nvic.o
 .debug_frame   0x00001128       0x20 src/ASF/sam/utils/cmsis/sam3s/source/templates/exceptions.o
 .debug_frame   0x00001148       0x28 src/ASF/sam/utils/cmsis/sam3s/source/templates/gcc/startup_sam3s.o
 .debug_frame   0x00001170       0x40 src/ASF/sam/utils/cmsis/sam3s/source/templates/system_sam3s.o
 .debug_frame   0x000011b0       0xa0 src/ASF/sam/utils/syscalls/gcc/syscalls.o
 .debug_frame   0x00001250       0x68 src/main.o
 .debug_frame   0x000012b8       0x2c c:/program files (x86)/atmel/studio/7.0/toolchain/arm/arm-gnu-toolchain/bin/../lib/gcc/arm-none-eabi/6.3.1/../../../../arm-none-eabi/lib/thumb/v7-m\libc.a(lib_a-init.o)
 .debug_frame   0x000012e4       0x5c c:/program files (x86)/atmel/studio/7.0/toolchain/arm/arm-gnu-toolchain/bin/../lib/gcc/arm-none-eabi/6.3.1/../../../../arm-none-eabi/lib/thumb/v7-m\libc.a(lib_a-__call_atexit.o)
 .debug_frame   0x00001340       0x20 c:/program files (x86)/atmel/studio/7.0/toolchain/arm/arm-gnu-toolchain/bin/../lib/gcc/arm-none-eabi/6.3.1/../../../../arm-none-eabi/lib/thumb/v7-m\libc.a(lib_a-atexit.o)
 .debug_frame   0x00001360       0x34 c:/program files (x86)/atmel/studio/7.0/toolchain/arm/arm-gnu-toolchain/bin/../lib/gcc/arm-none-eabi/6.3.1/../../../../arm-none-eabi/lib/thumb/v7-m\libc.a(lib_a-fini.o)
 .debug_frame   0x00001394       0x74 c:/program files (x86)/atmel/studio/7.0/toolchain/arm/arm-gnu-toolchain/bin/../lib/gcc/arm-none-eabi/6.3.1/../../../../arm-none-eabi/lib/thumb/v7-m\libc.a(lib_a-freer.o)
 .debug_frame   0x00001408       0xb0 c:/program files (x86)/atmel/studio/7.0/toolchain/arm/arm-gnu-toolchain/bin/../lib/gcc/arm-none-eabi/6.3.1/../../../../arm-none-eabi/lib/thumb/v7-m\libc.a(lib_a-lock.o)
 .debug_frame   0x000014b8       0x30 c:/program files (x86)/atmel/studio/7.0/toolchain/arm/arm-gnu-toolchain/bin/../lib/gcc/arm-none-eabi/6.3.1/../../../../arm-none-eabi/lib/thumb/v7-m\libc.a(lib_a-malloc.o)
 .debug_frame   0x000014e8       0x54 c:/program files (x86)/atmel/studio/7.0/toolchain/arm/arm-gnu-toolchain/bin/../lib/gcc/arm-none-eabi/6.3.1/../../../../arm-none-eabi/lib/thumb/v7-m\libc.a(lib_a-mallocr.o)
 .debug_frame   0x0000153c       0x30 c:/program files (x86)/atmel/studio/7.0/toolchain/arm/arm-gnu-toolchain/bin/../lib/gcc/arm-none-eabi/6.3.1/../../../../arm-none-eabi/lib/thumb/v7-m\libc.a(lib_a-mlock.o)
 .debug_frame   0x0000156c       0x2c c:/program files (x86)/atmel/studio/7.0/toolchain/arm/arm-gnu-toolchain/bin/../lib/gcc/arm-none-eabi/6.3.1/../../../../arm-none-eabi/lib/thumb/v7-m\libc.a(lib_a-sbrkr.o)
 .debug_frame   0x00001598       0x34 c:/program files (x86)/atmel/studio/7.0/toolchain/arm/arm-gnu-toolchain/bin/../lib/gcc/arm-none-eabi/6.3.1/../../../../arm-none-eabi/lib/thumb/v7-m\libc.a(lib_a-__atexit.o)
 .debug_frame   0x000015cc       0x58 c:/program files (x86)/atmel/studio/7.0/toolchain/arm/arm-gnu-toolchain/bin/../lib/gcc/arm-none-eabi/6.3.1/../../../../arm-none-eabi/lib/thumb/v7-m\libc.a(lib_a-reent.o)

Cross Reference Table

Symbol                                            File
ACC_Handler                                       src/ASF/sam/utils/cmsis/sam3s/source/templates/exceptions.o
                                                  src/ASF/sam/utils/cmsis/sam3s/source/templates/gcc/startup_sam3s.o
ADC_Handler                                       src/ASF/sam/utils/cmsis/sam3s/source/templates/exceptions.o
                                                  src/ASF/sam/utils/cmsis/sam3s/source/templates/gcc/startup_sam3s.o
BusFault_Handler                                  src/ASF/sam/utils/cmsis/sam3s/source/templates/exceptions.o
                                                  src/ASF/sam/utils/cmsis/sam3s/source/templates/gcc/startup_sam3s.o
CRCCU_Handler                                     src/ASF/sam/utils/cmsis/sam3s/source/templates/exceptions.o
                                                  src/ASF/sam/utils/cmsis/sam3s/source/templates/gcc/startup_sam3s.o
DACC_Handler                                      src/ASF/sam/utils/cmsis/sam3s/source/templates/exceptions.o
                                                  src/ASF/sam/utils/cmsis/sam3s/source/templates/gcc/startup_sam3s.o
DebugMon_Handler                                  src/ASF/sam/utils/cmsis/sam3s/source/templates/exceptions.o
                                                  src/ASF/sam/utils/cmsis/sam3s/source/templates/gcc/startup_sam3s.o
Dummy_Handler                                     src/ASF/sam/utils/cmsis/sam3s/source/templates/exceptions.o
                                                  src/ASF/sam/utils/cmsis/sam3s/source/templates/gcc/startup_sam3s.o
EFC_Handler                                       src/ASF/sam/utils/cmsis/sam3s/source/templates/exceptions.o
                                                  src/ASF/sam/utils/cmsis/sam3s/source/templates/gcc/startup_sam3s.o
HSMCI_Handler                                     src/ASF/sam/utils/cmsis/sam3s/source/templates/exceptions.o
                                                  src/ASF/sam/utils/cmsis/sam3s/source/templates/gcc/startup_sam3s.o
HardFault_Handler                                 src/ASF/sam/utils/cmsis/sam3s/source/templates/exceptions.o
                                                  src/ASF/sam/utils/cmsis/sam3s/source/templates/gcc/startup_sam3s.o
MemManage_Handler                                 src/ASF/sam/utils/cmsis/sam3s/source/templates/exceptions.o
                                                  src/ASF/sam/utils/cmsis/sam3s/source/templates/gcc/startup_sam3s.o
NMI_Handler                                       src/ASF/sam/utils/cmsis/sam3s/source/templates/exceptions.o
                                                  src/ASF/sam/utils/cmsis/sam3s/source/templates/gcc/startup_sam3s.o
PIOA_Handler                                      src/ASF/sam/drivers/pio/pio_handler.o
                                                  src/ASF/sam/utils/cmsis/sam3s/source/templates/gcc/startup_sam3s.o
PIOB_Handler                                      src/ASF/sam/drivers/pio/pio_handler.o
                                                  src/ASF/sam/utils/cmsis/sam3s/source/templates/gcc/startup_sam3s.o
PMC_Handler                                       src/ASF/sam/utils/cmsis/sam3s/source/templates/exceptions.o
                                                  src/ASF/sam/utils/cmsis/sam3s/source/templates/gcc/startup_sam3s.o
PWM_Handler                                       src/ASF/sam/utils/cmsis/sam3s/source/templates/exceptions.o
                                                  src/ASF/sam/utils/cmsis/sam3s/source/templates/gcc/startup_sam3s.o
PendSV_Handler                                    src/ASF/sam/utils/cmsis/sam3s/source/templates/exceptions.o
                                                  src/ASF/sam/utils/cmsis/sam3s/source/templates/gcc/startup_sam3s.o
RSTC_Handler                                      src/ASF/sam/utils/cmsis/sam3s/source/templates/exceptions.o
                                                  src/ASF/sam/utils/cmsis/sam3s/source/templates/gcc/startup_sam3s.o
RTC_Handler                                       src/ASF/sam/utils/cmsis/sam3s/source/templates/exceptions.o
                                                  src/ASF/sam/utils/cmsis/sam3s/source/templates/gcc/startup_sam3s.o
RTT_Handler                                       src/ASF/sam/utils/cmsis/sam3s/source/templates/exceptions.o
                                                  src/ASF/sam/utils/cmsis/sam3s/source/templates/gcc/startup_sam3s.o
Reset_Handler                                     src/ASF/sam/utils/cmsis/sam3s/source/templates/gcc/startup_sam3s.o
                                                  src/ASF/sam/utils/cmsis/sam3s/source/templates/exceptions.o
SPI_Handler                                       src/ASF/sam/utils/cmsis/sam3s/source/templates/exceptions.o
                                                  src/ASF/sam/utils/cmsis/sam3s/source/templates/gcc/startup_sam3s.o
SSC_Handler                                       src/ASF/sam/utils/cmsis/sam3s/source/templates/exceptions.o
                                                  src/ASF/sam/utils/cmsis/sam3s/source/templates/gcc/startup_sam3s.o
SUPC_Handler                                      src/ASF/sam/utils/cmsis/sam3s/source/templates/exceptions.o
                                                  src/ASF/sam/utils/cmsis/sam3s/source/templates/gcc/startup_sam3s.o
SVC_Handler                                       src/ASF/sam/utils/cmsis/sam3s/source/templates/exceptions.o
                                                  src/ASF/sam/utils/cmsis/sam3s/source/templates/gcc/startup_sam3s.o
SysTick_Handler                                   src/ASF/sam/utils/cmsis/sam3s/source/templates/exceptions.o
                                                  src/ASF/sam/utils/cmsis/sam3s/source/templates/gcc/startup_sam3s.o
SystemCoreClock                                   src/ASF/sam/utils/cmsis/sam3s/source/templates/system_sam3s.o
SystemCoreClockUpdate                             src/ASF/sam/utils/cmsis/sam3s/source/templates/system_sam3s.o
                                                  src/ASF/common/services/clock/sam3s/sysclk.o
SystemInit                                        src/ASF/sam/utils/cmsis/sam3s/source/templates/system_sam3s.o
TC0_Handler                                       src/ASF/sam/utils/cmsis/sam3s/source/templates/exceptions.o
                                                  src/ASF/sam/utils/cmsis/sam3s/source/templates/gcc/startup_sam3s.o
TC1_Handler                                       src/ASF/sam/utils/cmsis/sam3s/source/templates/exceptions.o
                                                  src/ASF/sam/utils/cmsis/sam3s/source/templates/gcc/startup_sam3s.o
TC2_Handler                                       src/ASF/sam/utils/cmsis/sam3s/source/templates/exceptions.o
                                                  src/ASF/sam/utils/cmsis/sam3s/source/templates/gcc/startup_sam3s.o
TWI0_Handler                                      src/ASF/sam/utils/cmsis/sam3s/source/templates/exceptions.o
                                                  src/ASF/sam/utils/cmsis/sam3s/source/templates/gcc/startup_sam3s.o
TWI1_Handler                                      src/ASF/sam/utils/cmsis/sam3s/source/templates/exceptions.o
                                                  src/ASF/sam/utils/cmsis/sam3s/source/templates/gcc/startup_sam3s.o
UART0_Handler                                     src/ASF/sam/utils/cmsis/sam3s/source/templates/exceptions.o
                                                  src/ASF/sam/utils/cmsis/sam3s/source/templates/gcc/startup_sam3s.o
UART1_Handler                                     src/ASF/sam/utils/cmsis/sam3s/source/templates/exceptions.o
                                                  src/ASF/sam/utils/cmsis/sam3s/source/templates/gcc/startup_sam3s.o
UDP_Handler                                       src/ASF/sam/utils/cmsis/sam3s/source/templates/exceptions.o
                                                  src/ASF/sam/utils/cmsis/sam3s/source/templates/gcc/startup_sam3s.o
USART0_Handler                                    src/ASF/thirdparty/wireless/addons/sio2host/uart/sio2host.o
                                                  src/ASF/sam/utils/cmsis/sam3s/source/templates/gcc/startup_sam3s.o
USART1_Handler                                    src/ASF/sam/utils/cmsis/sam3s/source/templates/exceptions.o
                                                  src/ASF/sam/utils/cmsis/sam3s/source/templates/gcc/startup_sam3s.o
UsageFault_Handler                                src/ASF/sam/utils/cmsis/sam3s/source/templates/exceptions.o
                                                  src/ASF/sam/utils/cmsis/sam3s/source/templates/gcc/startup_sam3s.o
WDT_Handler                                       src/ASF/sam/utils/cmsis/sam3s/source/templates/exceptions.o
                                                  src/ASF/sam/utils/cmsis/sam3s/source/templates/gcc/startup_sam3s.o
_Jv_RegisterClasses                               c:/program files (x86)/atmel/studio/7.0/toolchain/arm/arm-gnu-toolchain/bin/../lib/gcc/arm-none-eabi/6.3.1/thumb/v7-m/crtbegin.o
__atexit_recursive_mutex                          c:/program files (x86)/atmel/studio/7.0/toolchain/arm/arm-gnu-toolchain/bin/../lib/gcc/arm-none-eabi/6.3.1/../../../../arm-none-eabi/lib/thumb/v7-m\libc.a(lib_a-__call_atexit.o)
                                                  c:/program files (x86)/atmel/studio/7.0/toolchain/arm/arm-gnu-toolchain/bin/../lib/gcc/arm-none-eabi/6.3.1/../../../../arm-none-eabi/lib/thumb/v7-m\libc.a(lib_a-__atexit.o)
__bss_end__                                       c:/program files (x86)/atmel/studio/7.0/toolchain/arm/arm-gnu-toolchain/bin/../lib/gcc/arm-none-eabi/6.3.1/../../../../arm-none-eabi/lib/thumb/v7-m/crt0.o
__bss_start__                                     c:/program files (x86)/atmel/studio/7.0/toolchain/arm/arm-gnu-toolchain/bin/../lib/gcc/arm-none-eabi/6.3.1/../../../../arm-none-eabi/lib/thumb/v7-m/crt0.o
__call_exitprocs                                  c:/program files (x86)/atmel/studio/7.0/toolchain/arm/arm-gnu-toolchain/bin/../lib/gcc/arm-none-eabi/6.3.1/../../../../arm-none-eabi/lib/thumb/v7-m\libc.a(lib_a-__call_atexit.o)
                                                  c:/program files (x86)/atmel/studio/7.0/toolchain/arm/arm-gnu-toolchain/bin/../lib/gcc/arm-none-eabi/6.3.1/../../../../arm-none-eabi/lib/thumb/v7-m\libc.a(lib_a-exit.o)
__deregister_frame_info                           c:/program files (x86)/atmel/studio/7.0/toolchain/arm/arm-gnu-toolchain/bin/../lib/gcc/arm-none-eabi/6.3.1/thumb/v7-m/crtbegin.o
__dso_handle                                      c:/program files (x86)/atmel/studio/7.0/toolchain/arm/arm-gnu-toolchain/bin/../lib/gcc/arm-none-eabi/6.3.1/thumb/v7-m/crtbegin.o
__fini_array_end                                  c:/program files (x86)/atmel/studio/7.0/toolchain/arm/arm-gnu-toolchain/bin/../lib/gcc/arm-none-eabi/6.3.1/../../../../arm-none-eabi/lib/thumb/v7-m\libc.a(lib_a-fini.o)
__fini_array_start                                c:/program files (x86)/atmel/studio/7.0/toolchain/arm/arm-gnu-toolchain/bin/../lib/gcc/arm-none-eabi/6.3.1/../../../../arm-none-eabi/lib/thumb/v7-m\libc.a(lib_a-fini.o)
__fp_lock_all                                     c:/program files (x86)/atmel/studio/7.0/toolchain/arm/arm-gnu-toolchain/bin/../lib/gcc/arm-none-eabi/6.3.1/../../../../arm-none-eabi/lib/thumb/v7-m\libc.a(lib_a-findfp.o)
__fp_unlock_all                                   c:/program files (x86)/atmel/studio/7.0/toolchain/arm/arm-gnu-toolchain/bin/../lib/gcc/arm-none-eabi/6.3.1/../../../../arm-none-eabi/lib/thumb/v7-m\libc.a(lib_a-findfp.o)
__init_array_end                                  c:/program files (x86)/atmel/studio/7.0/toolchain/arm/arm-gnu-toolchain/bin/../lib/gcc/arm-none-eabi/6.3.1/../../../../arm-none-eabi/lib/thumb/v7-m\libc.a(lib_a-init.o)
__init_array_start                                c:/program files (x86)/atmel/studio/7.0/toolchain/arm/arm-gnu-toolchain/bin/../lib/gcc/arm-none-eabi/6.3.1/../../../../arm-none-eabi/lib/thumb/v7-m\libc.a(lib_a-init.o)
__libc_fini                                       c:/program files (x86)/atmel/studio/7.0/toolchain/arm/arm-gnu-toolchain/bin/../lib/gcc/arm-none-eabi/6.3.1/../../../../arm-none-eabi/lib/thumb/v7-m\libc.a(lib_a-__call_atexit.o)
__libc_fini_array                                 c:/program files (x86)/atmel/studio/7.0/toolchain/arm/arm-gnu-toolchain/bin/../lib/gcc/arm-none-eabi/6.3.1/../../../../arm-none-eabi/lib/thumb/v7-m\libc.a(lib_a-fini.o)
                                                  c:/program files (x86)/atmel/studio/7.0/toolchain/arm/arm-gnu-toolchain/bin/../lib/gcc/arm-none-eabi/6.3.1/../../../../arm-none-eabi/lib/thumb/v7-m\libc.a(lib_a-__call_atexit.o)
                                                  c:/program files (x86)/atmel/studio/7.0/toolchain/arm/arm-gnu-toolchain/bin/../lib/gcc/arm-none-eabi/6.3.1/../../../../arm-none-eabi/lib/thumb/v7-m/crt0.o
__libc_init_array                                 c:/program files (x86)/atmel/studio/7.0/toolchain/arm/arm-gnu-toolchain/bin/../lib/gcc/arm-none-eabi/6.3.1/../../../../arm-none-eabi/lib/thumb/v7-m\libc.a(lib_a-init.o)
                                                  src/ASF/sam/utils/cmsis/sam3s/source/templates/gcc/startup_sam3s.o
                                                  c:/program files (x86)/atmel/studio/7.0/toolchain/arm/arm-gnu-toolchain/bin/../lib/gcc/arm-none-eabi/6.3.1/../../../../arm-none-eabi/lib/thumb/v7-m/crt0.o
__lock___arc4random_mutex                         c:/program files (x86)/atmel/studio/7.0/toolchain/arm/arm-gnu-toolchain/bin/../lib/gcc/arm-none-eabi/6.3.1/../../../../arm-none-eabi/lib/thumb/v7-m\libc.a(lib_a-lock.o)
__lock___at_quick_exit_mutex                      c:/program files (x86)/atmel/studio/7.0/toolchain/arm/arm-gnu-toolchain/bin/../lib/gcc/arm-none-eabi/6.3.1/../../../../arm-none-eabi/lib/thumb/v7-m\libc.a(lib_a-lock.o)
__lock___atexit_recursive_mutex                   c:/program files (x86)/atmel/studio/7.0/toolchain/arm/arm-gnu-toolchain/bin/../lib/gcc/arm-none-eabi/6.3.1/../../../../arm-none-eabi/lib/thumb/v7-m\libc.a(lib_a-lock.o)
                                                  c:/program files (x86)/atmel/studio/7.0/toolchain/arm/arm-gnu-toolchain/bin/../lib/gcc/arm-none-eabi/6.3.1/../../../../arm-none-eabi/lib/thumb/v7-m\libc.a(lib_a-__call_atexit.o)
__lock___dd_hash_mutex                            c:/program files (x86)/atmel/studio/7.0/toolchain/arm/arm-gnu-toolchain/bin/../lib/gcc/arm-none-eabi/6.3.1/../../../../arm-none-eabi/lib/thumb/v7-m\libc.a(lib_a-lock.o)
__lock___env_recursive_mutex                      c:/program files (x86)/atmel/studio/7.0/toolchain/arm/arm-gnu-toolchain/bin/../lib/gcc/arm-none-eabi/6.3.1/../../../../arm-none-eabi/lib/thumb/v7-m\libc.a(lib_a-lock.o)
__lock___malloc_recursive_mutex                   c:/program files (x86)/atmel/studio/7.0/toolchain/arm/arm-gnu-toolchain/bin/../lib/gcc/arm-none-eabi/6.3.1/../../../../arm-none-eabi/lib/thumb/v7-m\libc.a(lib_a-lock.o)
                                                  c:/program files (x86)/atmel/studio/7.0/toolchain/arm/arm-gnu-toolchain/bin/../lib/gcc/arm-none-eabi/6.3.1/../../../../arm-none-eabi/lib/thumb/v7-m\libc.a(lib_a-mlock.o)
__lock___sfp_recursive_mutex                      c:/program files (x86)/atmel/studio/7.0/toolchain/arm/arm-gnu-toolchain/bin/../lib/gcc/arm-none-eabi/6.3.1/../../../../arm-none-eabi/lib/thumb/v7-m\libc.a(lib_a-lock.o)
                                                  c:/program files (x86)/atmel/studio/7.0/toolchain/arm/arm-gnu-toolchain/bin/../lib/gcc/arm-none-eabi/6.3.1/../../../../arm-none-eabi/lib/thumb/v7-m\libc.a(lib_a-findfp.o)
__lock___sinit_recursive_mutex                    c:/program files (x86)/atmel/studio/7.0/toolchain/arm/arm-gnu-toolchain/bin/../lib/gcc/arm-none-eabi/6.3.1/../../../../arm-none-eabi/lib/thumb/v7-m\libc.a(lib_a-lock.o)
                                                  c:/program files (x86)/atmel/studio/7.0/toolchain/arm/arm-gnu-toolchain/bin/../lib/gcc/arm-none-eabi/6.3.1/../../../../arm-none-eabi/lib/thumb/v7-m\libc.a(lib_a-findfp.o)
__lock___tz_mutex                                 c:/program files (x86)/atmel/studio/7.0/toolchain/arm/arm-gnu-toolchain/bin/../lib/gcc/arm-none-eabi/6.3.1/../../../../arm-none-eabi/lib/thumb/v7-m\libc.a(lib_a-lock.o)
__malloc_av_                                      c:/program files (x86)/atmel/studio/7.0/toolchain/arm/arm-gnu-toolchain/bin/../lib/gcc/arm-none-eabi/6.3.1/../../../../arm-none-eabi/lib/thumb/v7-m\libc.a(lib_a-mallocr.o)
                                                  c:/program files (x86)/atmel/studio/7.0/toolchain/arm/arm-gnu-toolchain/bin/../lib/gcc/arm-none-eabi/6.3.1/../../../../arm-none-eabi/lib/thumb/v7-m\libc.a(lib_a-freer.o)
__malloc_current_mallinfo                         c:/program files (x86)/atmel/studio/7.0/toolchain/arm/arm-gnu-toolchain/bin/../lib/gcc/arm-none-eabi/6.3.1/../../../../arm-none-eabi/lib/thumb/v7-m\libc.a(lib_a-mallocr.o)
                                                  c:/program files (x86)/atmel/studio/7.0/toolchain/arm/arm-gnu-toolchain/bin/../lib/gcc/arm-none-eabi/6.3.1/../../../../arm-none-eabi/lib/thumb/v7-m\libc.a(lib_a-freer.o)
__malloc_lock                                     c:/program files (x86)/atmel/studio/7.0/toolchain/arm/arm-gnu-toolchain/bin/../lib/gcc/arm-none-eabi/6.3.1/../../../../arm-none-eabi/lib/thumb/v7-m\libc.a(lib_a-mlock.o)
                                                  c:/program files (x86)/atmel/studio/7.0/toolchain/arm/arm-gnu-toolchain/bin/../lib/gcc/arm-none-eabi/6.3.1/../../../../arm-none-eabi/lib/thumb/v7-m\libc.a(lib_a-mallocr.o)
                                                  c:/program files (x86)/atmel/studio/7.0/toolchain/arm/arm-gnu-toolchain/bin/../lib/gcc/arm-none-eabi/6.3.1/../../../../arm-none-eabi/lib/thumb/v7-m\libc.a(lib_a-freer.o)
__malloc_max_sbrked_mem                           c:/program files (x86)/atmel/studio/7.0/toolchain/arm/arm-gnu-toolchain/bin/../lib/gcc/arm-none-eabi/6.3.1/../../../../arm-none-eabi/lib/thumb/v7-m\libc.a(lib_a-mallocr.o)
__malloc_max_total_mem                            c:/program files (x86)/atmel/studio/7.0/toolchain/arm/arm-gnu-toolchain/bin/../lib/gcc/arm-none-eabi/6.3.1/../../../../arm-none-eabi/lib/thumb/v7-m\libc.a(lib_a-mallocr.o)
__malloc_sbrk_base                                c:/program files (x86)/atmel/studio/7.0/toolchain/arm/arm-gnu-toolchain/bin/../lib/gcc/arm-none-eabi/6.3.1/../../../../arm-none-eabi/lib/thumb/v7-m\libc.a(lib_a-mallocr.o)
                                                  c:/program files (x86)/atmel/studio/7.0/toolchain/arm/arm-gnu-toolchain/bin/../lib/gcc/arm-none-eabi/6.3.1/../../../../arm-none-eabi/lib/thumb/v7-m\libc.a(lib_a-freer.o)
__malloc_top_pad                                  c:/program files (x86)/atmel/studio/7.0/toolchain/arm/arm-gnu-toolchain/bin/../lib/gcc/arm-none-eabi/6.3.1/../../../../arm-none-eabi/lib/thumb/v7-m\libc.a(lib_a-mallocr.o)
                                                  c:/program files (x86)/atmel/studio/7.0/toolchain/arm/arm-gnu-toolchain/bin/../lib/gcc/arm-none-eabi/6.3.1/../../../../arm-none-eabi/lib/thumb/v7-m\libc.a(lib_a-freer.o)
__malloc_trim_threshold                           c:/program files (x86)/atmel/studio/7.0/toolchain/arm/arm-gnu-toolchain/bin/../lib/gcc/arm-none-eabi/6.3.1/../../../../arm-none-eabi/lib/thumb/v7-m\libc.a(lib_a-mallocr.o)
                                                  c:/program files (x86)/atmel/studio/7.0/toolchain/arm/arm-gnu-toolchain/bin/../lib/gcc/arm-none-eabi/6.3.1/../../../../arm-none-eabi/lib/thumb/v7-m\libc.a(lib_a-freer.o)
__malloc_unlock                                   c:/program files (x86)/atmel/studio/7.0/toolchain/arm/arm-gnu-toolchain/bin/../lib/gcc/arm-none-eabi/6.3.1/../../../../arm-none-eabi/lib/thumb/v7-m\libc.a(lib_a-mlock.o)
                                                  c:/program files (x86)/atmel/studio/7.0/toolchain/arm/arm-gnu-toolchain/bin/../lib/gcc/arm-none-eabi/6.3.1/../../../../arm-none-eabi/lib/thumb/v7-m\libc.a(lib_a-mallocr.o)
                                                  c:/program files (x86)/atmel/studio/7.0/toolchain/arm/arm-gnu-toolchain/bin/../lib/gcc/arm-none-eabi/6.3.1/../../../../arm-none-eabi/lib/thumb/v7-m\libc.a(lib_a-freer.o)
__preinit_array_end                               c:/program files (x86)/atmel/studio/7.0/toolchain/arm/arm-gnu-toolchain/bin/../lib/gcc/arm-none-eabi/6.3.1/../../../../arm-none-eabi/lib/thumb/v7-m\libc.a(lib_a-init.o)
__preinit_array_start                             c:/program files (x86)/atmel/studio/7.0/toolchain/arm/arm-gnu-toolchain/bin/../lib/gcc/arm-none-eabi/6.3.1/../../../../arm-none-eabi/lib/thumb/v7-m\libc.a(lib_a-init.o)
__ram_end__                                       src/ASF/sam/utils/syscalls/gcc/syscalls.o
__register_exitproc                               c:/program files (x86)/atmel/studio/7.0/toolchain/arm/arm-gnu-toolchain/bin/../lib/gcc/arm-none-eabi/6.3.1/../../../../arm-none-eabi/lib/thumb/v7-m\libc.a(lib_a-__atexit.o)
                                                  c:/program files (x86)/atmel/studio/7.0/toolchain/arm/arm-gnu-toolchain/bin/../lib/gcc/arm-none-eabi/6.3.1/../../../../arm-none-eabi/lib/thumb/v7-m\libc.a(lib_a-atexit.o)
__register_frame_info                             c:/program files (x86)/atmel/studio/7.0/toolchain/arm/arm-gnu-toolchain/bin/../lib/gcc/arm-none-eabi/6.3.1/thumb/v7-m/crtbegin.o
__retarget_lock_acquire                           c:/program files (x86)/atmel/studio/7.0/toolchain/arm/arm-gnu-toolchain/bin/../lib/gcc/arm-none-eabi/6.3.1/../../../../arm-none-eabi/lib/thumb/v7-m\libc.a(lib_a-lock.o)
__retarget_lock_acquire_recursive                 c:/program files (x86)/atmel/studio/7.0/toolchain/arm/arm-gnu-toolchain/bin/../lib/gcc/arm-none-eabi/6.3.1/../../../../arm-none-eabi/lib/thumb/v7-m\libc.a(lib_a-lock.o)
                                                  c:/program files (x86)/atmel/studio/7.0/toolchain/arm/arm-gnu-toolchain/bin/../lib/gcc/arm-none-eabi/6.3.1/../../../../arm-none-eabi/lib/thumb/v7-m\libc.a(lib_a-fclose.o)
                                                  c:/program files (x86)/atmel/studio/7.0/toolchain/arm/arm-gnu-toolchain/bin/../lib/gcc/arm-none-eabi/6.3.1/../../../../arm-none-eabi/lib/thumb/v7-m\libc.a(lib_a-__atexit.o)
                                                  c:/program files (x86)/atmel/studio/7.0/toolchain/arm/arm-gnu-toolchain/bin/../lib/gcc/arm-none-eabi/6.3.1/../../../../arm-none-eabi/lib/thumb/v7-m\libc.a(lib_a-mlock.o)
                                                  c:/program files (x86)/atmel/studio/7.0/toolchain/arm/arm-gnu-toolchain/bin/../lib/gcc/arm-none-eabi/6.3.1/../../../../arm-none-eabi/lib/thumb/v7-m\libc.a(lib_a-findfp.o)
                                                  c:/program files (x86)/atmel/studio/7.0/toolchain/arm/arm-gnu-toolchain/bin/../lib/gcc/arm-none-eabi/6.3.1/../../../../arm-none-eabi/lib/thumb/v7-m\libc.a(lib_a-fflush.o)
                                                  c:/program files (x86)/atmel/studio/7.0/toolchain/arm/arm-gnu-toolchain/bin/../lib/gcc/arm-none-eabi/6.3.1/../../../../arm-none-eabi/lib/thumb/v7-m\libc.a(lib_a-__call_atexit.o)
                                                  c:/program files (x86)/atmel/studio/7.0/toolchain/arm/arm-gnu-toolchain/bin/../lib/gcc/arm-none-eabi/6.3.1/../../../../arm-none-eabi/lib/thumb/v7-m\libc.a(lib_a-setvbuf.o)
__retarget_lock_close                             c:/program files (x86)/atmel/studio/7.0/toolchain/arm/arm-gnu-toolchain/bin/../lib/gcc/arm-none-eabi/6.3.1/../../../../arm-none-eabi/lib/thumb/v7-m\libc.a(lib_a-lock.o)
__retarget_lock_close_recursive                   c:/program files (x86)/atmel/studio/7.0/toolchain/arm/arm-gnu-toolchain/bin/../lib/gcc/arm-none-eabi/6.3.1/../../../../arm-none-eabi/lib/thumb/v7-m\libc.a(lib_a-lock.o)
                                                  c:/program files (x86)/atmel/studio/7.0/toolchain/arm/arm-gnu-toolchain/bin/../lib/gcc/arm-none-eabi/6.3.1/../../../../arm-none-eabi/lib/thumb/v7-m\libc.a(lib_a-fclose.o)
__retarget_lock_init                              c:/program files (x86)/atmel/studio/7.0/toolchain/arm/arm-gnu-toolchain/bin/../lib/gcc/arm-none-eabi/6.3.1/../../../../arm-none-eabi/lib/thumb/v7-m\libc.a(lib_a-lock.o)
__retarget_lock_init_recursive                    c:/program files (x86)/atmel/studio/7.0/toolchain/arm/arm-gnu-toolchain/bin/../lib/gcc/arm-none-eabi/6.3.1/../../../../arm-none-eabi/lib/thumb/v7-m\libc.a(lib_a-lock.o)
                                                  c:/program files (x86)/atmel/studio/7.0/toolchain/arm/arm-gnu-toolchain/bin/../lib/gcc/arm-none-eabi/6.3.1/../../../../arm-none-eabi/lib/thumb/v7-m\libc.a(lib_a-findfp.o)
__retarget_lock_release                           c:/program files (x86)/atmel/studio/7.0/toolchain/arm/arm-gnu-toolchain/bin/../lib/gcc/arm-none-eabi/6.3.1/../../../../arm-none-eabi/lib/thumb/v7-m\libc.a(lib_a-lock.o)
__retarget_lock_release_recursive                 c:/program files (x86)/atmel/studio/7.0/toolchain/arm/arm-gnu-toolchain/bin/../lib/gcc/arm-none-eabi/6.3.1/../../../../arm-none-eabi/lib/thumb/v7-m\libc.a(lib_a-lock.o)
                                                  c:/program files (x86)/atmel/studio/7.0/toolchain/arm/arm-gnu-toolchain/bin/../lib/gcc/arm-none-eabi/6.3.1/../../../../arm-none-eabi/lib/thumb/v7-m\libc.a(lib_a-fclose.o)
                                                  c:/program files (x86)/atmel/studio/7.0/toolchain/arm/arm-gnu-toolchain/bin/../lib/gcc/arm-none-eabi/6.3.1/../../../../arm-none-eabi/lib/thumb/v7-m\libc.a(lib_a-__atexit.o)
                                                  c:/program files (x86)/atmel/studio/7.0/toolchain/arm/arm-gnu-toolchain/bin/../lib/gcc/arm-none-eabi/6.3.1/../../../../arm-none-eabi/lib/thumb/v7-m\libc.a(lib_a-mlock.o)
                                                  c:/program files (x86)/atmel/studio/7.0/toolchain/arm/arm-gnu-toolchain/bin/../lib/gcc/arm-none-eabi/6.3.1/../../../../arm-none-eabi/lib/thumb/v7-m\libc.a(lib_a-findfp.o)
                                                  c:/program files (x86)/atmel/studio/7.0/toolchain/arm/arm-gnu-toolchain/bin/../lib/gcc/arm-none-eabi/6.3.1/../../../../arm-none-eabi/lib/thumb/v7-m\libc.a(lib_a-fflush.o)
                                                  c:/program files (x86)/atmel/studio/7.0/toolchain/arm/arm-gnu-toolchain/bin/../lib/gcc/arm-none-eabi/6.3.1/../../../../arm-none-eabi/lib/thumb/v7-m\libc.a(lib_a-__call_atexit.o)
                                                  c:/program files (x86)/atmel/studio/7.0/toolchain/arm/arm-gnu-toolchain/bin/../lib/gcc/arm-none-eabi/6.3.1/../../../../arm-none-eabi/lib/thumb/v7-m\libc.a(lib_a-setvbuf.o)
__retarget_lock_try_acquire                       c:/program files (x86)/atmel/studio/7.0/toolchain/arm/arm-gnu-toolchain/bin/../lib/gcc/arm-none-eabi/6.3.1/../../../../arm-none-eabi/lib/thumb/v7-m\libc.a(lib_a-lock.o)
__retarget_lock_try_acquire_recursive             c:/program files (x86)/atmel/studio/7.0/toolchain/arm/arm-gnu-toolchain/bin/../lib/gcc/arm-none-eabi/6.3.1/../../../../arm-none-eabi/lib/thumb/v7-m\libc.a(lib_a-lock.o)
__sclose                                          c:/program files (x86)/atmel/studio/7.0/toolchain/arm/arm-gnu-toolchain/bin/../lib/gcc/arm-none-eabi/6.3.1/../../../../arm-none-eabi/lib/thumb/v7-m\libc.a(lib_a-stdio.o)
                                                  c:/program files (x86)/atmel/studio/7.0/toolchain/arm/arm-gnu-toolchain/bin/../lib/gcc/arm-none-eabi/6.3.1/../../../../arm-none-eabi/lib/thumb/v7-m\libc.a(lib_a-findfp.o)
__seofread                                        c:/program files (x86)/atmel/studio/7.0/toolchain/arm/arm-gnu-toolchain/bin/../lib/gcc/arm-none-eabi/6.3.1/../../../../arm-none-eabi/lib/thumb/v7-m\libc.a(lib_a-stdio.o)
__sflush_r                                        c:/program files (x86)/atmel/studio/7.0/toolchain/arm/arm-gnu-toolchain/bin/../lib/gcc/arm-none-eabi/6.3.1/../../../../arm-none-eabi/lib/thumb/v7-m\libc.a(lib_a-fflush.o)
                                                  c:/program files (x86)/atmel/studio/7.0/toolchain/arm/arm-gnu-toolchain/bin/../lib/gcc/arm-none-eabi/6.3.1/../../../../arm-none-eabi/lib/thumb/v7-m\libc.a(lib_a-fclose.o)
__sfmoreglue                                      c:/program files (x86)/atmel/studio/7.0/toolchain/arm/arm-gnu-toolchain/bin/../lib/gcc/arm-none-eabi/6.3.1/../../../../arm-none-eabi/lib/thumb/v7-m\libc.a(lib_a-findfp.o)
__sfp                                             c:/program files (x86)/atmel/studio/7.0/toolchain/arm/arm-gnu-toolchain/bin/../lib/gcc/arm-none-eabi/6.3.1/../../../../arm-none-eabi/lib/thumb/v7-m\libc.a(lib_a-findfp.o)
__sfp_lock_acquire                                c:/program files (x86)/atmel/studio/7.0/toolchain/arm/arm-gnu-toolchain/bin/../lib/gcc/arm-none-eabi/6.3.1/../../../../arm-none-eabi/lib/thumb/v7-m\libc.a(lib_a-findfp.o)
                                                  c:/program files (x86)/atmel/studio/7.0/toolchain/arm/arm-gnu-toolchain/bin/../lib/gcc/arm-none-eabi/6.3.1/../../../../arm-none-eabi/lib/thumb/v7-m\libc.a(lib_a-fclose.o)
__sfp_lock_release                                c:/program files (x86)/atmel/studio/7.0/toolchain/arm/arm-gnu-toolchain/bin/../lib/gcc/arm-none-eabi/6.3.1/../../../../arm-none-eabi/lib/thumb/v7-m\libc.a(lib_a-findfp.o)
                                                  c:/program files (x86)/atmel/studio/7.0/toolchain/arm/arm-gnu-toolchain/bin/../lib/gcc/arm-none-eabi/6.3.1/../../../../arm-none-eabi/lib/thumb/v7-m\libc.a(lib_a-fclose.o)
__sinit                                           c:/program files (x86)/atmel/studio/7.0/toolchain/arm/arm-gnu-toolchain/bin/../lib/gcc/arm-none-eabi/6.3.1/../../../../arm-none-eabi/lib/thumb/v7-m\libc.a(lib_a-findfp.o)
                                                  c:/program files (x86)/atmel/studio/7.0/toolchain/arm/arm-gnu-toolchain/bin/../lib/gcc/arm-none-eabi/6.3.1/../../../../arm-none-eabi/lib/thumb/v7-m\libc.a(lib_a-fclose.o)
                                                  c:/program files (x86)/atmel/studio/7.0/toolchain/arm/arm-gnu-toolchain/bin/../lib/gcc/arm-none-eabi/6.3.1/../../../../arm-none-eabi/lib/thumb/v7-m\libc.a(lib_a-fflush.o)
                                                  c:/program files (x86)/atmel/studio/7.0/toolchain/arm/arm-gnu-toolchain/bin/../lib/gcc/arm-none-eabi/6.3.1/../../../../arm-none-eabi/lib/thumb/v7-m\libc.a(lib_a-setvbuf.o)
__sinit_lock_acquire                              c:/program files (x86)/atmel/studio/7.0/toolchain/arm/arm-gnu-toolchain/bin/../lib/gcc/arm-none-eabi/6.3.1/../../../../arm-none-eabi/lib/thumb/v7-m\libc.a(lib_a-findfp.o)
__sinit_lock_release                              c:/program files (x86)/atmel/studio/7.0/toolchain/arm/arm-gnu-toolchain/bin/../lib/gcc/arm-none-eabi/6.3.1/../../../../arm-none-eabi/lib/thumb/v7-m\libc.a(lib_a-findfp.o)
__smakebuf_r                                      c:/program files (x86)/atmel/studio/7.0/toolchain/arm/arm-gnu-toolchain/bin/../lib/gcc/arm-none-eabi/6.3.1/../../../../arm-none-eabi/lib/thumb/v7-m\libc.a(lib_a-makebuf.o)
__sread                                           c:/program files (x86)/atmel/studio/7.0/toolchain/arm/arm-gnu-toolchain/bin/../lib/gcc/arm-none-eabi/6.3.1/../../../../arm-none-eabi/lib/thumb/v7-m\libc.a(lib_a-stdio.o)
                                                  c:/program files (x86)/atmel/studio/7.0/toolchain/arm/arm-gnu-toolchain/bin/../lib/gcc/arm-none-eabi/6.3.1/../../../../arm-none-eabi/lib/thumb/v7-m\libc.a(lib_a-findfp.o)
__sseek                                           c:/program files (x86)/atmel/studio/7.0/toolchain/arm/arm-gnu-toolchain/bin/../lib/gcc/arm-none-eabi/6.3.1/../../../../arm-none-eabi/lib/thumb/v7-m\libc.a(lib_a-stdio.o)
                                                  c:/program files (x86)/atmel/studio/7.0/toolchain/arm/arm-gnu-toolchain/bin/../lib/gcc/arm-none-eabi/6.3.1/../../../../arm-none-eabi/lib/thumb/v7-m\libc.a(lib_a-findfp.o)
__stack                                           c:/program files (x86)/atmel/studio/7.0/toolchain/arm/arm-gnu-toolchain/bin/../lib/gcc/arm-none-eabi/6.3.1/../../../../arm-none-eabi/lib/thumb/v7-m/crt0.o
__swhatbuf_r                                      c:/program files (x86)/atmel/studio/7.0/toolchain/arm/arm-gnu-toolchain/bin/../lib/gcc/arm-none-eabi/6.3.1/../../../../arm-none-eabi/lib/thumb/v7-m\libc.a(lib_a-makebuf.o)
                                                  c:/program files (x86)/atmel/studio/7.0/toolchain/arm/arm-gnu-toolchain/bin/../lib/gcc/arm-none-eabi/6.3.1/../../../../arm-none-eabi/lib/thumb/v7-m\libc.a(lib_a-setvbuf.o)
__swrite                                          c:/program files (x86)/atmel/studio/7.0/toolchain/arm/arm-gnu-toolchain/bin/../lib/gcc/arm-none-eabi/6.3.1/../../../../arm-none-eabi/lib/thumb/v7-m\libc.a(lib_a-stdio.o)
                                                  c:/program files (x86)/atmel/studio/7.0/toolchain/arm/arm-gnu-toolchain/bin/../lib/gcc/arm-none-eabi/6.3.1/../../../../arm-none-eabi/lib/thumb/v7-m\libc.a(lib_a-findfp.o)
_cleanup                                          c:/program files (x86)/atmel/studio/7.0/toolchain/arm/arm-gnu-toolchain/bin/../lib/gcc/arm-none-eabi/6.3.1/../../../../arm-none-eabi/lib/thumb/v7-m\libc.a(lib_a-findfp.o)
_cleanup_r                                        c:/program files (x86)/atmel/studio/7.0/toolchain/arm/arm-gnu-toolchain/bin/../lib/gcc/arm-none-eabi/6.3.1/../../../../arm-none-eabi/lib/thumb/v7-m\libc.a(lib_a-findfp.o)
                                                  c:/program files (x86)/atmel/studio/7.0/toolchain/arm/arm-gnu-toolchain/bin/../lib/gcc/arm-none-eabi/6.3.1/../../../../arm-none-eabi/lib/thumb/v7-m\libc.a(lib_a-makebuf.o)
_close                                            src/ASF/sam/utils/syscalls/gcc/syscalls.o
                                                  c:/program files (x86)/atmel/studio/7.0/toolchain/arm/arm-gnu-toolchain/bin/../lib/gcc/arm-none-eabi/6.3.1/../../../../arm-none-eabi/lib/thumb/v7-m\libc.a(lib_a-closer.o)
_close_r                                          c:/program files (x86)/atmel/studio/7.0/toolchain/arm/arm-gnu-toolchain/bin/../lib/gcc/arm-none-eabi/6.3.1/../../../../arm-none-eabi/lib/thumb/v7-m\libc.a(lib_a-closer.o)
                                                  c:/program files (x86)/atmel/studio/7.0/toolchain/arm/arm-gnu-toolchain/bin/../lib/gcc/arm-none-eabi/6.3.1/../../../../arm-none-eabi/lib/thumb/v7-m\libc.a(lib_a-stdio.o)
_end                                              src/ASF/sam/utils/syscalls/gcc/syscalls.o
_erelocate                                        src/ASF/sam/utils/cmsis/sam3s/source/templates/gcc/startup_sam3s.o
_estack                                           src/ASF/sam/utils/cmsis/sam3s/source/templates/gcc/startup_sam3s.o
_etext                                            src/ASF/sam/utils/cmsis/sam3s/source/templates/gcc/startup_sam3s.o
_exit                                             src/ASF/sam/utils/syscalls/gcc/syscalls.o
                                                  c:/program files (x86)/atmel/studio/7.0/toolchain/arm/arm-gnu-toolchain/bin/../lib/gcc/arm-none-eabi/6.3.1/../../../../arm-none-eabi/lib/thumb/v7-m\libc.a(lib_a-exit.o)
_ezero                                            src/ASF/sam/utils/cmsis/sam3s/source/templates/gcc/startup_sam3s.o
_fclose_r                                         c:/program files (x86)/atmel/studio/7.0/toolchain/arm/arm-gnu-toolchain/bin/../lib/gcc/arm-none-eabi/6.3.1/../../../../arm-none-eabi/lib/thumb/v7-m\libc.a(lib_a-fclose.o)
                                                  c:/program files (x86)/atmel/studio/7.0/toolchain/arm/arm-gnu-toolchain/bin/../lib/gcc/arm-none-eabi/6.3.1/../../../../arm-none-eabi/lib/thumb/v7-m\libc.a(lib_a-findfp.o)