Archive member included because of file (symbol)

c:/program files/atmel/studio/7.0/toolchain/arm/arm-gnu-toolchain/bin/../lib/gcc/arm-none-eabi/4.9.3/../../../../arm-none-eabi/lib/armv7-m\libc.a(lib_a-exit.o)
                              c:/program files/atmel/studio/7.0/toolchain/arm/arm-gnu-toolchain/bin/../lib/gcc/arm-none-eabi/4.9.3/../../../../arm-none-eabi/lib/armv7-m/crt0.o (exit)
c:/program files/atmel/studio/7.0/toolchain/arm/arm-gnu-toolchain/bin/../lib/gcc/arm-none-eabi/4.9.3/../../../../arm-none-eabi/lib/armv7-m\libc.a(lib_a-impure.o)
                              c:/program files/atmel/studio/7.0/toolchain/arm/arm-gnu-toolchain/bin/../lib/gcc/arm-none-eabi/4.9.3/../../../../arm-none-eabi/lib/armv7-m\libc.a(lib_a-exit.o) (_global_impure_ptr)
c:/program files/atmel/studio/7.0/toolchain/arm/arm-gnu-toolchain/bin/../lib/gcc/arm-none-eabi/4.9.3/../../../../arm-none-eabi/lib/armv7-m\libc.a(lib_a-init.o)
                              c:/program files/atmel/studio/7.0/toolchain/arm/arm-gnu-toolchain/bin/../lib/gcc/arm-none-eabi/4.9.3/../../../../arm-none-eabi/lib/armv7-m/crt0.o (__libc_init_array)
c:/program files/atmel/studio/7.0/toolchain/arm/arm-gnu-toolchain/bin/../lib/gcc/arm-none-eabi/4.9.3/../../../../arm-none-eabi/lib/armv7-m\libc.a(lib_a-iprintf.o)
                              src/ASF/sam/utils/syscalls/gcc/syscalls.o (iprintf)
c:/program files/atmel/studio/7.0/toolchain/arm/arm-gnu-toolchain/bin/../lib/gcc/arm-none-eabi/4.9.3/../../../../arm-none-eabi/lib/armv7-m\libc.a(lib_a-memset.o)
                              c:/program files/atmel/studio/7.0/toolchain/arm/arm-gnu-toolchain/bin/../lib/gcc/arm-none-eabi/4.9.3/../../../../arm-none-eabi/lib/armv7-m/crt0.o (memset)
c:/program files/atmel/studio/7.0/toolchain/arm/arm-gnu-toolchain/bin/../lib/gcc/arm-none-eabi/4.9.3/../../../../arm-none-eabi/lib/armv7-m\libc.a(lib_a-vfiprintf.o)
                              c:/program files/atmel/studio/7.0/toolchain/arm/arm-gnu-toolchain/bin/../lib/gcc/arm-none-eabi/4.9.3/../../../../arm-none-eabi/lib/armv7-m\libc.a(lib_a-iprintf.o) (_vfiprintf_r)
c:/program files/atmel/studio/7.0/toolchain/arm/arm-gnu-toolchain/bin/../lib/gcc/arm-none-eabi/4.9.3/../../../../arm-none-eabi/lib/armv7-m\libc.a(lib_a-wsetup.o)
                              c:/program files/atmel/studio/7.0/toolchain/arm/arm-gnu-toolchain/bin/../lib/gcc/arm-none-eabi/4.9.3/../../../../arm-none-eabi/lib/armv7-m\libc.a(lib_a-vfiprintf.o) (__swsetup_r)
c:/program files/atmel/studio/7.0/toolchain/arm/arm-gnu-toolchain/bin/../lib/gcc/arm-none-eabi/4.9.3/../../../../arm-none-eabi/lib/armv7-m\libc.a(lib_a-__call_atexit.o)
                              c:/program files/atmel/studio/7.0/toolchain/arm/arm-gnu-toolchain/bin/../lib/gcc/arm-none-eabi/4.9.3/../../../../arm-none-eabi/lib/armv7-m\libc.a(lib_a-exit.o) (__call_exitprocs)
c:/program files/atmel/studio/7.0/toolchain/arm/arm-gnu-toolchain/bin/../lib/gcc/arm-none-eabi/4.9.3/../../../../arm-none-eabi/lib/armv7-m\libc.a(lib_a-atexit.o)
                              c:/program files/atmel/studio/7.0/toolchain/arm/arm-gnu-toolchain/bin/../lib/gcc/arm-none-eabi/4.9.3/../../../../arm-none-eabi/lib/armv7-m\libc.a(lib_a-__call_atexit.o) (atexit)
c:/program files/atmel/studio/7.0/toolchain/arm/arm-gnu-toolchain/bin/../lib/gcc/arm-none-eabi/4.9.3/../../../../arm-none-eabi/lib/armv7-m\libc.a(lib_a-fflush.o)
                              c:/program files/atmel/studio/7.0/toolchain/arm/arm-gnu-toolchain/bin/../lib/gcc/arm-none-eabi/4.9.3/../../../../arm-none-eabi/lib/armv7-m\libc.a(lib_a-vfiprintf.o) (_fflush_r)
c:/program files/atmel/studio/7.0/toolchain/arm/arm-gnu-toolchain/bin/../lib/gcc/arm-none-eabi/4.9.3/../../../../arm-none-eabi/lib/armv7-m\libc.a(lib_a-findfp.o)
                              c:/program files/atmel/studio/7.0/toolchain/arm/arm-gnu-toolchain/bin/../lib/gcc/arm-none-eabi/4.9.3/../../../../arm-none-eabi/lib/armv7-m\libc.a(lib_a-vfiprintf.o) (__sinit)
c:/program files/atmel/studio/7.0/toolchain/arm/arm-gnu-toolchain/bin/../lib/gcc/arm-none-eabi/4.9.3/../../../../arm-none-eabi/lib/armv7-m\libc.a(lib_a-fini.o)
                              c:/program files/atmel/studio/7.0/toolchain/arm/arm-gnu-toolchain/bin/../lib/gcc/arm-none-eabi/4.9.3/../../../../arm-none-eabi/lib/armv7-m\libc.a(lib_a-__call_atexit.o) (__libc_fini_array)
c:/program files/atmel/studio/7.0/toolchain/arm/arm-gnu-toolchain/bin/../lib/gcc/arm-none-eabi/4.9.3/../../../../arm-none-eabi/lib/armv7-m\libc.a(lib_a-fputwc.o)
                              c:/program files/atmel/studio/7.0/toolchain/arm/arm-gnu-toolchain/bin/../lib/gcc/arm-none-eabi/4.9.3/../../../../arm-none-eabi/lib/armv7-m\libc.a(lib_a-vfiprintf.o) (_fputwc_r)
c:/program files/atmel/studio/7.0/toolchain/arm/arm-gnu-toolchain/bin/../lib/gcc/arm-none-eabi/4.9.3/../../../../arm-none-eabi/lib/armv7-m\libc.a(lib_a-freer.o)
[...]
Memory Configuration

Name             Origin             Length             Attributes
rom              0x00400000         0x00010000         xr
ram              0x20000000         0x00004000         xrw
*default*        0x00000000         0xffffffff

Linker script and memory map

LOAD c:/program files/atmel/studio/7.0/toolchain/arm/arm-gnu-toolchain/bin/../lib/gcc/arm-none-eabi/4.9.3/armv7-m/crti.o
LOAD c:/program files/atmel/studio/7.0/toolchain/arm/arm-gnu-toolchain/bin/../lib/gcc/arm-none-eabi/4.9.3/armv7-m/crtbegin.o
LOAD c:/program files/atmel/studio/7.0/toolchain/arm/arm-gnu-toolchain/bin/../lib/gcc/arm-none-eabi/4.9.3/../../../../arm-none-eabi/lib/armv7-m/crt0.o
LOAD src/ASF/common/services/delay/sam/cycle_counter.o
LOAD src/ASF/common/utils/stdio/read.o
LOAD src/ASF/sam/drivers/matrix/matrix.o
LOAD src/ASF/sam/drivers/pdc/pdc.o
LOAD src/ASF/sam/drivers/usart/usart.o
LOAD src/ASF/common/utils/stdio/write.o
LOAD src/ASF/common/services/serial/usart_serial.o
LOAD src/ASF/common/services/clock/sam3s/sysclk.o
LOAD src/ASF/sam/drivers/pio/pio_handler.o
LOAD src/ASF/sam/drivers/pmc/pmc.o
LOAD src/ASF/sam/drivers/uart/uart.o
LOAD src/ASF/sam/drivers/pmc/sleep.o
LOAD src/ASF/sam/drivers/pio/pio.o
LOAD src/ASF/common/boards/user_board/init.o
LOAD src/ASF/common/utils/interrupt/interrupt_sam_nvic.o
LOAD src/ASF/sam/drivers/wdt/wdt.o
LOAD src/ASF/sam/utils/cmsis/sam3s/source/templates/exceptions.o
LOAD src/ASF/sam/utils/cmsis/sam3s/source/templates/gcc/startup_sam3s.o
LOAD src/ASF/sam/utils/cmsis/sam3s/source/templates/system_sam3s.o
LOAD src/ASF/sam/utils/syscalls/gcc/syscalls.o
LOAD src/main.o
START GROUP
LOAD ../src/ASF/thirdparty/CMSIS/Lib/GCC\libarm_cortexM3l_math.a
LOAD c:/program files/atmel/studio/7.0/toolchain/arm/arm-gnu-toolchain/bin/../lib/gcc/arm-none-eabi/4.9.3/../../../../arm-none-eabi/lib/armv7-m\libm.a
END GROUP
START GROUP
LOAD c:/program files/atmel/studio/7.0/toolchain/arm/arm-gnu-toolchain/bin/../lib/gcc/arm-none-eabi/4.9.3/armv7-m\libgcc.a
LOAD c:/program files/atmel/studio/7.0/toolchain/arm/arm-gnu-toolchain/bin/../lib/gcc/arm-none-eabi/4.9.3/../../../../arm-none-eabi/lib/armv7-m\libc.a
END GROUP
LOAD c:/program files/atmel/studio/7.0/toolchain/arm/arm-gnu-toolchain/bin/../lib/gcc/arm-none-eabi/4.9.3/armv7-m/crtend.o
LOAD c:/program files/atmel/studio/7.0/toolchain/arm/arm-gnu-toolchain/bin/../lib/gcc/arm-none-eabi/4.9.3/armv7-m/crtn.o
                0x00002000                __stack_size__ = DEFINED (__stack_size__)?__stack_size__:0x2000
                0x20003ffc                __ram_end__ = ((ORIGIN (ram) + 0x4000) - 0x4)

.text           0x00400000     0x3dd4
                0x00400000                . = ALIGN (0x4)
                0x00400000                _sfixed = .
 *(.vectors .vectors.*)
 .vectors       0x00400000       0xd0 src/ASF/sam/utils/cmsis/sam3s/source/templates/gcc/startup_sam3s.o
                0x00400000                exception_table
 *(.text .text.* .gnu.linkonce.t.*)
 .text          0x004000d0       0x5c c:/program files/atmel/studio/7.0/toolchain/arm/arm-gnu-toolchain/bin/../lib/gcc/arm-none-eabi/4.9.3/armv7-m/crtbegin.o
 .text.matrix_set_system_io
                0x0040012c        0xc src/ASF/sam/drivers/matrix/matrix.o
                0x0040012c                matrix_set_system_io
 .text.pdc_tx_init
                0x00400138       0x18 src/ASF/sam/drivers/pdc/pdc.o
                0x00400138                pdc_tx_init
 .text.pdc_enable_transfer
                0x00400150        0xc src/ASF/sam/drivers/pdc/pdc.o
                0x00400150                pdc_enable_transfer
 .text.sysclk_init
                0x0040015c       0x64 src/ASF/common/services/clock/sam3s/sysclk.o
                0x0040015c                sysclk_init
 .text.pio_handler_process
                0x004001c0       0x68 src/ASF/sam/drivers/pio/pio_handler.o
                0x004001c0                pio_handler_process
 .text.PIOA_Handler
                0x00400228       0x14 src/ASF/sam/drivers/pio/pio_handler.o
                0x00400228                PIOA_Handler
 .text.PIOB_Handler
                0x0040023c       0x14 src/ASF/sam/drivers/pio/pio_handler.o
                0x0040023c                PIOB_Handler
 .text.pmc_switch_mck_to_pllack
                0x00400250       0x68 src/ASF/sam/drivers/pmc/pmc.o
                0x00400250                pmc_switch_mck_to_pllack
 .text.pmc_switch_mainck_to_xtal
                0x004002b8       0x54 src/ASF/sam/drivers/pmc/pmc.o
                0x004002b8                pmc_switch_mainck_to_xtal
 .text.pmc_osc_is_ready_mainck
                0x0040030c       0x10 src/ASF/sam/drivers/pmc/pmc.o
                0x0040030c                pmc_osc_is_ready_mainck
 .text.pmc_disable_pllack
                0x0040031c       0x10 src/ASF/sam/drivers/pmc/pmc.o
                0x0040031c                pmc_disable_pllack
 .text.pmc_is_locked_pllack
                0x0040032c       0x10 src/ASF/sam/drivers/pmc/pmc.o
                0x0040032c                pmc_is_locked_pllack
 .text.pmc_enable_periph_clk
                0x0040033c       0x54 src/ASF/sam/drivers/pmc/pmc.o
                0x0040033c                pmc_enable_periph_clk
 .text.uart_init
                0x00400390       0x38 src/ASF/sam/drivers/uart/uart.o
                0x00400390                uart_init
 .text.uart_enable_tx
                0x004003c8        0x8 src/ASF/sam/drivers/uart/uart.o
                0x004003c8                uart_enable_tx
 .text.uart_enable_rx
                0x004003d0        0x8 src/ASF/sam/drivers/uart/uart.o
                0x004003d0                uart_enable_rx
 .text.uart_enable
                0x004003d8        0x8 src/ASF/sam/drivers/uart/uart.o
                0x004003d8                uart_enable
 .text.uart_enable_interrupt
                0x004003e0        0x4 src/ASF/sam/drivers/uart/uart.o
                0x004003e0                uart_enable_interrupt
 .text.uart_get_status
                0x004003e4        0x4 src/ASF/sam/drivers/uart/uart.o
                0x004003e4                uart_get_status
 .text.uart_read
                0x004003e8       0x14 src/ASF/sam/drivers/uart/uart.o
                0x004003e8                uart_read
 .text.uart_get_pdc_base
                0x004003fc       0x1c src/ASF/sam/drivers/uart/uart.o
                0x004003fc                uart_get_pdc_base
 .text.pio_set_peripheral
                0x00400418       0x94 src/ASF/sam/drivers/pio/pio.o
                0x00400418                pio_set_peripheral
 .text.pio_set_input
                0x004004ac       0x34 src/ASF/sam/drivers/pio/pio.o
                0x004004ac                pio_set_input
 .text.pio_set_output
                0x004004e0       0x28 src/ASF/sam/drivers/pio/pio.o
                0x004004e0                pio_set_output
 .text.pio_configure
                0x00400508       0x94 src/ASF/sam/drivers/pio/pio.o
                0x00400508                pio_configure
 .text.pio_get_interrupt_status
                0x0040059c        0x4 src/ASF/sam/drivers/pio/pio.o
                0x0040059c                pio_get_interrupt_status
 .text.pio_get_interrupt_mask
                0x004005a0        0x4 src/ASF/sam/drivers/pio/pio.o
                0x004005a0                pio_get_interrupt_mask
 .text.pio_get_pin_value
                0x004005a4       0x1c src/ASF/sam/drivers/pio/pio.o
                0x004005a4                pio_get_pin_value
 .text.pio_set_pin_high
                0x004005c0       0x18 src/ASF/sam/drivers/pio/pio.o
                0x004005c0                pio_set_pin_high
 .text.pio_set_pin_low
                0x004005d8       0x18 src/ASF/sam/drivers/pio/pio.o
                0x004005d8                pio_set_pin_low
 .text.pio_configure_pin
                0x004005f0      0x124 src/ASF/sam/drivers/pio/pio.o
                0x004005f0                pio_configure_pin
 .text.board_init
                0x00400714       0x10 src/ASF/common/boards/user_board/init.o
                0x00400714                board_init
 .text.Dummy_Handler
                0x00400724        0x4 src/ASF/sam/utils/cmsis/sam3s/source/templates/exceptions.o
                0x00400724                DACC_Handler
                0x00400724                DebugMon_Handler
                0x00400724                HardFault_Handler
                0x00400724                TC2_Handler
                0x00400724                SPI_Handler
                0x00400724                SysTick_Handler
                0x00400724                TWI1_Handler
                0x00400724                PendSV_Handler
                0x00400724                NMI_Handler
                0x00400724                ADC_Handler
                0x00400724                CRCCU_Handler
                0x00400724                USART0_Handler
                0x00400724                RTT_Handler
                0x00400724                RTC_Handler
                0x00400724                UsageFault_Handler
                0x00400724                WDT_Handler
                0x00400724                TC1_Handler
                0x00400724                HSMCI_Handler
                0x00400724                Dummy_Handler
                0x00400724                TWI0_Handler
                0x00400724                USART1_Handler
                0x00400724                SSC_Handler
                0x00400724                ACC_Handler
                0x00400724                PMC_Handler
                0x00400724                PWM_Handler
                0x00400724                MemManage_Handler
                0x00400724                SUPC_Handler
                0x00400724                SVC_Handler
                0x00400724                EFC_Handler
                0x00400724                UDP_Handler
                0x00400724                BusFault_Handler
                0x00400724                RSTC_Handler
                0x00400724                TC0_Handler
 .text.Reset_Handler
                0x00400728       0xb0 src/ASF/sam/utils/cmsis/sam3s/source/templates/gcc/startup_sam3s.o
                0x00400728                Reset_Handler
 .text.SystemCoreClockUpdate
                0x004007d8      0x114 src/ASF/sam/utils/cmsis/sam3s/source/templates/system_sam3s.o
                0x004007d8                SystemCoreClockUpdate
 .text.sendCmdEltra
                0x004008ec       0xc4 src/main.o
                0x004008ec                sendCmdEltra
 .text.sendInquireEltra
                0x004009b0       0x50 src/main.o
                0x004009b0                sendInquireEltra
 .text.not_ack_RS485
                0x00400a00       0x6c src/main.o
                0x00400a00                not_ack_RS485
 .text.escenario_set
                0x00400a6c     0x1e78 src/main.o
                0x00400a6c                escenario_set
 .text.UART0_Handler
                0x004028e4      0x2bc src/main.o
                0x004028e4                UART0_Handler
 .text.UART1_Handler
                0x00402ba0      0x4e8 src/main.o
                0x00402ba0                UART1_Handler
 .text.main     0x00403088      0xbdc src/main.o
                0x00403088                main
 .text.__libc_init_array
                0x00403c64       0x50 c:/program files/atmel/studio/7.0/toolchain/arm/arm-gnu-toolchain/bin/../lib/gcc/arm-none-eabi/4.9.3/../../../../arm-none-eabi/lib/armv7-m\libc.a(lib_a-init.o)
                0x00403c64                __libc_init_array
 .text.startup.register_fini
                0x00403cb4       0x14 c:/program files/atmel/studio/7.0/toolchain/arm/arm-gnu-toolchain/bin/../lib/gcc/arm-none-eabi/4.9.3/../../../../arm-none-eabi/lib/armv7-m\libc.a(lib_a-__call_atexit.o)
 .text.atexit   0x00403cc8        0xc c:/program files/atmel/studio/7.0/toolchain/arm/arm-gnu-toolchain/bin/../lib/gcc/arm-none-eabi/4.9.3/../../../../arm-none-eabi/lib/armv7-m\libc.a(lib_a-atexit.o)
                0x00403cc8                atexit
 .text.__libc_fini_array
                0x00403cd4       0x2c c:/program files/atmel/studio/7.0/toolchain/arm/arm-gnu-toolchain/bin/../lib/gcc/arm-none-eabi/4.9.3/../../../../arm-none-eabi/lib/armv7-m\libc.a(lib_a-fini.o)
                0x00403cd4                __libc_fini_array
 .text.__register_exitproc
                0x00403d00       0xa4 c:/program files/atmel/studio/7.0/toolchain/arm/arm-gnu-toolchain/bin/../lib/gcc/arm-none-eabi/4.9.3/../../../../arm-none-eabi/lib/armv7-m\libc.a(lib_a-__atexit.o)
                0x00403d00                __register_exitproc
 *(.glue_7t)
 .glue_7t       0x00000000        0x0 linker stubs
 *(.glue_7)
 .glue_7        0x00000000        0x0 linker stubs
 *(.rodata .rodata* .gnu.linkonce.r.*)
 .rodata        0x00403da4        0x2 src/main.o
 *fill*         0x00403da6        0x2 
 .rodata.str1.4
                0x00403da8        0x4 c:/program files/atmel/studio/7.0/toolchain/arm/arm-gnu-toolchain/bin/../lib/gcc/arm-none-eabi/4.9.3/../../../../arm-none-eabi/lib/armv7-m\libc.a(lib_a-impure.o)
                                  0x2 (size before relaxing)
 .rodata._global_impure_ptr
                0x00403dac        0x4 c:/program files/atmel/studio/7.0/toolchain/arm/arm-gnu-toolchain/bin/../lib/gcc/arm-none-eabi/4.9.3/../../../../arm-none-eabi/lib/armv7-m\libc.a(lib_a-impure.o)
                0x00403dac                _global_impure_ptr
 *(.ARM.extab* .gnu.linkonce.armextab.*)
                0x00403db0                . = ALIGN (0x4)
 *(.init)
 .init          0x00403db0        0x4 c:/program files/atmel/studio/7.0/toolchain/arm/arm-gnu-toolchain/bin/../lib/gcc/arm-none-eabi/4.9.3/armv7-m/crti.o
                0x00403db0                _init
 .init          0x00403db4        0x8 c:/program files/atmel/studio/7.0/toolchain/arm/arm-gnu-toolchain/bin/../lib/gcc/arm-none-eabi/4.9.3/armv7-m/crtn.o
                0x00403dbc                . = ALIGN (0x4)
                0x00403dbc                __preinit_array_start = .
 *(.preinit_array)
                0x00403dbc                __preinit_array_end = .
                0x00403dbc                . = ALIGN (0x4)
                0x00403dbc                __init_array_start = .
 *(SORT(.init_array.*))
 .init_array.00000
                0x00403dbc        0x4 c:/program files/atmel/studio/7.0/toolchain/arm/arm-gnu-toolchain/bin/../lib/gcc/arm-none-eabi/4.9.3/../../../../arm-none-eabi/lib/armv7-m\libc.a(lib_a-__call_atexit.o)
 *(.init_array)
 .init_array    0x00403dc0        0x4 c:/program files/atmel/studio/7.0/toolchain/arm/arm-gnu-toolchain/bin/../lib/gcc/arm-none-eabi/4.9.3/armv7-m/crtbegin.o
                0x00403dc4                __init_array_end = .
                0x00403dc4                . = ALIGN (0x4)
 *crtbegin.o(.ctors)
 *(EXCLUDE_FILE(*crtend.o) .ctors)
 *(SORT(.ctors.*))
 *crtend.o(.ctors)
                0x00403dc4                . = ALIGN (0x4)
 *(.fini)
 .fini          0x00403dc4        0x4 c:/program files/atmel/studio/7.0/toolchain/arm/arm-gnu-toolchain/bin/../lib/gcc/arm-none-eabi/4.9.3/armv7-m/crti.o
                0x00403dc4                _fini
 .fini          0x00403dc8        0x8 c:/program files/atmel/studio/7.0/toolchain/arm/arm-gnu-toolchain/bin/../lib/gcc/arm-none-eabi/4.9.3/armv7-m/crtn.o
                0x00403dd0                . = ALIGN (0x4)
                0x00403dd0                __fini_array_start = .
 *(.fini_array)
 .fini_array    0x00403dd0        0x4 c:/program files/atmel/studio/7.0/toolchain/arm/arm-gnu-toolchain/bin/../lib/gcc/arm-none-eabi/4.9.3/armv7-m/crtbegin.o
 *(SORT(.fini_array.*))
                0x00403dd4                __fini_array_end = .
 *crtbegin.o(.dtors)
 *(EXCLUDE_FILE(*crtend.o) .dtors)
 *(SORT(.dtors.*))
 *crtend.o(.dtors)
                0x00403dd4                . = ALIGN (0x4)
                0x00403dd4                _efixed = .
                0x00403dd4                PROVIDE (__exidx_start, .)

.vfp11_veneer   0x00403dd4        0x0
 .vfp11_veneer  0x00000000        0x0 linker stubs

.v4_bx          0x00403dd4        0x0
 .v4_bx         0x00000000        0x0 linker stubs

.iplt           0x00403dd4        0x0
 .iplt          0x00000000        0x0 c:/program files/atmel/studio/7.0/toolchain/arm/arm-gnu-toolchain/bin/../lib/gcc/arm-none-eabi/4.9.3/armv7-m/crtbegin.o

.eh_frame       0x00403dd4        0x0
 .eh_frame      0x00403dd4        0x0 c:/program files/atmel/studio/7.0/toolchain/arm/arm-gnu-toolchain/bin/../lib/gcc/arm-none-eabi/4.9.3/armv7-m/crtbegin.o

.rel.dyn        0x00403dd4        0x0
 .rel.iplt      0x00000000        0x0 c:/program files/atmel/studio/7.0/toolchain/arm/arm-gnu-toolchain/bin/../lib/gcc/arm-none-eabi/4.9.3/armv7-m/crtbegin.o

.jcr            0x00403dd4        0x0
 .jcr           0x00403dd4        0x0 c:/program files/atmel/studio/7.0/toolchain/arm/arm-gnu-toolchain/bin/../lib/gcc/arm-none-eabi/4.9.3/armv7-m/crtbegin.o

.igot.plt       0x00403dd4        0x0
 .igot.plt      0x00000000        0x0 c:/program files/atmel/studio/7.0/toolchain/arm/arm-gnu-toolchain/bin/../lib/gcc/arm-none-eabi/4.9.3/armv7-m/crtbegin.o

.ARM.exidx
 *(.ARM.exidx* .gnu.linkonce.armexidx.*)
                0x00403dd4                PROVIDE (__exidx_end, .)
                0x00403dd4                . = ALIGN (0x4)
                0x00403dd4                _etext = .

.relocate       0x20000000      0x550 load address 0x00403dd4
                0x20000000                . = ALIGN (0x4)
                0x20000000                _srelocate = .
 *(.ramfunc .ramfunc.*)
 .ramfunc       0x20000000        0xc src/ASF/common/services/delay/sam/cycle_counter.o
                0x20000000                portable_delay_cycles
 .ramfunc       0x2000000c       0xe4 src/ASF/sam/utils/cmsis/sam3s/source/templates/system_sam3s.o
                0x2000000c                SystemInit
                0x200000ac                system_init_flash
 *(.data .data.*)
 .data.g_interrupt_enabled
                0x200000f0        0x1 src/ASF/common/utils/interrupt/interrupt_sam_nvic.o
                0x200000f0                g_interrupt_enabled
 *fill*         0x200000f1        0x3 
 .data.SystemCoreClock
                0x200000f4        0x4 src/ASF/sam/utils/cmsis/sam3s/source/templates/system_sam3s.o
                0x200000f4                SystemCoreClock
 .data.abierta_pmr_timeout
                0x200000f8        0x4 src/main.o
                0x200000f8                abierta_pmr_timeout
 .data.char_timeout_RS232
                0x200000fc        0x4 src/main.o
                0x200000fc                char_timeout_RS232
 .data.cerrada_pmr_timeout
                0x20000100        0x4 src/main.o
                0x20000100                cerrada_pmr_timeout
 .data.init_eltra
                0x20000104        0x1 src/main.o
                0x20000104                init_eltra
 .data.comando_eltra
                0x20000105        0x1 src/main.o
                0x20000105                comando_eltra
 *fill*         0x20000106        0x2 
 .data.confirmacion_a_timeout
                0x20000108        0x4 src/main.o
                0x20000108                confirmacion_a_timeout
 .data.dev_id   0x2000010c        0x4 src/main.o
                0x2000010c                dev_id
 .data.escenario_temp
                0x20000110        0x4 src/main.o
                0x20000110                escenario_temp
 .data.inquire_eltra
                0x20000114        0x4 src/main.o
                0x20000114                inquire_eltra
 .data.data_leng
                0x20000118        0x4 src/main.o
                0x20000118                data_leng
 .data.funcion  0x2000011c        0x1 src/main.o
                0x2000011c                funcion
 *fill*         0x2000011d        0x3 
 .data.confirmacion_b_timeout
                0x20000120        0x4 src/main.o
                0x20000120                confirmacion_b_timeout
 .data.char_timeout_RS485
                0x20000124        0x4 src/main.o
                0x20000124                char_timeout_RS485
 .data.impure_data
                0x20000128      0x428 c:/program files/atmel/studio/7.0/toolchain/arm/arm-gnu-toolchain/bin/../lib/gcc/arm-none-eabi/4.9.3/../../../../arm-none-eabi/lib/armv7-m\libc.a(lib_a-impure.o)
                0x20000550                . = ALIGN (0x4)
                0x20000550                _erelocate = .

.bss            0x20000550      0xbb8 load address 0x00404324
                0x20000550                . = ALIGN (0x4)
                0x20000550                _sbss = .
                0x20000550                _szero = .
 *(.bss .bss.*)
 .bss           0x20000550       0x1c c:/program files/atmel/studio/7.0/toolchain/arm/arm-gnu-toolchain/bin/../lib/gcc/arm-none-eabi/4.9.3/armv7-m/crtbegin.o
 .bss.pio_capture_handler
                0x2000056c        0x4 src/ASF/sam/drivers/pio/pio_handler.o
 .bss.gs_interrupt_sources
                0x20000570       0x70 src/ASF/sam/drivers/pio/pio_handler.o
 .bss.code0_eltra
                0x200005e0        0x1 src/main.o
                0x200005e0                code0_eltra
 .bss.escenario_v
                0x200005e1        0x1 src/main.o
                0x200005e1                escenario_v
 .bss.code1_eltra
                0x200005e2        0x1 src/main.o
                0x200005e2                code1_eltra
 *fill*         0x200005e3        0x1 
 .bss.checksum_eltra.7870
                0x200005e4        0x4 src/main.o
 .bss.port_address
                0x200005e8        0x4 src/main.o
                0x200005e8                port_address
 .bss.sumatoria_v.7891
                0x200005ec        0x4 src/main.o
 .bss.code2_eltra
                0x200005f0        0x1 src/main.o
                0x200005f0                code2_eltra
 .bss.error_code
                0x200005f1        0x1 src/main.o
                0x200005f1                error_code
 *fill*         0x200005f2        0x2 
 .bss.eltra_polling_timeout
                0x200005f4        0x4 src/main.o
                0x200005f4                eltra_polling_timeout
 .bss.cmd_null  0x200005f8        0x1 src/main.o
                0x200005f8                cmd_null
 *(COMMON)
 *fill*         0x200005f9        0x3 
 COMMON         0x200005fc        0x4 src/ASF/sam/drivers/pio/pio.o
                0x200005fc                pio_capture_enable_flag
 COMMON         0x20000600      0xb08 src/main.o
                0x20000600                rx_idx_RS232
                0x20000604                rx_idx_RS485
                0x20000608                bufer_serial_rx
                0x20000708                port_slots_write
                0x20000b08                bufer_seria_tx
                0x20000c08                port_slots_default
                0x20001008                port_slots_read
                0x20001108                . = ALIGN (0x4)
                0x20001108                _ebss = .
                0x20001108                _ezero = .

.stack          0x20001108     0x2000 load address 0x00404edc
                0x20001108                . = ALIGN (0x8)
                0x20001108                _sstack = .
                0x20003108                . = (. + __stack_size__)
 *fill*         0x20001108     0x2000 
                0x20003108                . = ALIGN (0x8)
                0x20003108                _estack = .
                0x20003108                . = ALIGN (0x4)
                0x20003108                _end = .
OUTPUT(Modulo_IO.elf elf32-littlearm)

.ARM.attributes
                0x00000000       0x29
 .ARM.attributes
                0x00000000       0x1d c:/program files/atmel/studio/7.0/toolchain/arm/arm-gnu-toolchain/bin/../lib/gcc/arm-none-eabi/4.9.3/armv7-m/crti.o
 .ARM.attributes
                0x0000001d       0x2d c:/program files/atmel/studio/7.0/toolchain/arm/arm-gnu-toolchain/bin/../lib/gcc/arm-none-eabi/4.9.3/armv7-m/crtbegin.o
 .ARM.attributes
                0x0000004a       0x33 src/ASF/common/services/delay/sam/cycle_counter.o
 .ARM.attributes
                0x0000007d       0x33 src/ASF/sam/drivers/matrix/matrix.o
 .ARM.attributes
                0x000000b0       0x33 src/ASF/sam/drivers/pdc/pdc.o
 .ARM.attributes
                0x000000e3       0x33 src/ASF/common/services/clock/sam3s/sysclk.o
 .ARM.attributes
                0x00000116       0x33 src/ASF/sam/drivers/pio/pio_handler.o
 .ARM.attributes
                0x00000149       0x33 src/ASF/sam/drivers/pmc/pmc.o
 .ARM.attributes
                0x0000017c       0x33 src/ASF/sam/drivers/uart/uart.o
 .ARM.attributes
                0x000001af       0x33 src/ASF/sam/drivers/pio/pio.o
 .ARM.attributes
                0x000001e2       0x33 src/ASF/common/boards/user_board/init.o
 .ARM.attributes
                0x00000215       0x33 src/ASF/common/utils/interrupt/interrupt_sam_nvic.o
 .ARM.attributes
                0x00000248       0x33 src/ASF/sam/utils/cmsis/sam3s/source/templates/exceptions.o
 .ARM.attributes
                0x0000027b       0x33 src/ASF/sam/utils/cmsis/sam3s/source/templates/gcc/startup_sam3s.o
 .ARM.attributes
                0x000002ae       0x33 src/ASF/sam/utils/cmsis/sam3s/source/templates/system_sam3s.o
 .ARM.attributes
                0x000002e1       0x33 src/main.o
 .ARM.attributes
                0x00000314       0x2d c:/program files/atmel/studio/7.0/toolchain/arm/arm-gnu-toolchain/bin/../lib/gcc/arm-none-eabi/4.9.3/../../../../arm-none-eabi/lib/armv7-m\libc.a(lib_a-impure.o)
 .ARM.attributes
                0x00000341       0x2d c:/program files/atmel/studio/7.0/toolchain/arm/arm-gnu-toolchain/bin/../lib/gcc/arm-none-eabi/4.9.3/../../../../arm-none-eabi/lib/armv7-m\libc.a(lib_a-init.o)
 .ARM.attributes
                0x0000036e       0x2d c:/program files/atmel/studio/7.0/toolchain/arm/arm-gnu-toolchain/bin/../lib/gcc/arm-none-eabi/4.9.3/../../../../arm-none-eabi/lib/armv7-m\libc.a(lib_a-__call_atexit.o)
 .ARM.attributes
                0x0000039b       0x2d c:/program files/atmel/studio/7.0/toolchain/arm/arm-gnu-toolchain/bin/../lib/gcc/arm-none-eabi/4.9.3/../../../../arm-none-eabi/lib/armv7-m\libc.a(lib_a-atexit.o)
 .ARM.attributes
                0x000003c8       0x2d c:/program files/atmel/studio/7.0/toolchain/arm/arm-gnu-toolchain/bin/../lib/gcc/arm-none-eabi/4.9.3/../../../../arm-none-eabi/lib/armv7-m\libc.a(lib_a-fini.o)
 .ARM.attributes
                0x000003f5       0x2d c:/program files/atmel/studio/7.0/toolchain/arm/arm-gnu-toolchain/bin/../lib/gcc/arm-none-eabi/4.9.3/../../../../arm-none-eabi/lib/armv7-m\libc.a(lib_a-__atexit.o)
 .ARM.attributes
                0x00000422       0x1d c:/program files/atmel/studio/7.0/toolchain/arm/arm-gnu-toolchain/bin/../lib/gcc/arm-none-eabi/4.9.3/armv7-m/crtn.o

.comment        0x00000000       0x5b
 .comment       0x00000000       0x5b src/ASF/common/services/delay/sam/cycle_counter.o
                                 0x5c (size before relaxing)
 .comment       0x00000000       0x5c src/ASF/sam/drivers/matrix/matrix.o
 .comment       0x00000000       0x5c src/ASF/sam/drivers/pdc/pdc.o
 .comment       0x00000000       0x5c src/ASF/common/services/clock/sam3s/sysclk.o
 .comment       0x00000000       0x5c src/ASF/sam/drivers/pio/pio_handler.o
 .comment       0x00000000       0x5c src/ASF/sam/drivers/pmc/pmc.o
 .comment       0x00000000       0x5c src/ASF/sam/drivers/uart/uart.o
 .comment       0x00000000       0x5c src/ASF/sam/drivers/pio/pio.o
 .comment       0x00000000       0x5c src/ASF/common/boards/user_board/init.o
 .comment       0x00000000       0x5c src/ASF/common/utils/interrupt/interrupt_sam_nvic.o
 .comment       0x00000000       0x5c src/ASF/sam/utils/cmsis/sam3s/source/templates/exceptions.o
 .comment       0x00000000       0x5c src/ASF/sam/utils/cmsis/sam3s/source/templates/gcc/startup_sam3s.o
 .comment       0x00000000       0x5c src/ASF/sam/utils/cmsis/sam3s/source/templates/system_sam3s.o
 .comment       0x00000000       0x5c src/main.o

.debug_info     0x00000000     0x9980
 .debug_info    0x00000000      0x134 src/ASF/common/services/delay/sam/cycle_counter.o
 .debug_info    0x00000134      0x90a src/ASF/sam/drivers/matrix/matrix.o
 .debug_info    0x00000a3e      0x4d1 src/ASF/sam/drivers/pdc/pdc.o
 .debug_info    0x00000f0f      0x75c src/ASF/common/services/clock/sam3s/sysclk.o
 .debug_info    0x0000166b      0xf74 src/ASF/sam/drivers/pio/pio_handler.o
 .debug_info    0x000025df     0x10da src/ASF/sam/drivers/pmc/pmc.o
 .debug_info    0x000036b9      0x889 src/ASF/sam/drivers/uart/uart.o
 .debug_info    0x00003f42     0x1987 src/ASF/sam/drivers/pio/pio.o
 .debug_info    0x000058c9      0xac2 src/ASF/common/boards/user_board/init.o
 .debug_info    0x0000638b      0x1e8 src/ASF/common/utils/interrupt/interrupt_sam_nvic.o
 .debug_info    0x00006573      0x124 src/ASF/sam/utils/cmsis/sam3s/source/templates/exceptions.o
 .debug_info    0x00006697      0x3bd src/ASF/sam/utils/cmsis/sam3s/source/templates/gcc/startup_sam3s.o
 .debug_info    0x00006a54      0x4df src/ASF/sam/utils/cmsis/sam3s/source/templates/system_sam3s.o
 .debug_info    0x00006f33     0x2a4d src/main.o

.debug_abbrev   0x00000000     0x1864
 .debug_abbrev  0x00000000       0x9d src/ASF/common/services/delay/sam/cycle_counter.o
 .debug_abbrev  0x0000009d      0x1ac src/ASF/sam/drivers/matrix/matrix.o
 .debug_abbrev  0x00000249      0x13b src/ASF/sam/drivers/pdc/pdc.o
 .debug_abbrev  0x00000384      0x221 src/ASF/common/services/clock/sam3s/sysclk.o
 .debug_abbrev  0x000005a5      0x280 src/ASF/sam/drivers/pio/pio_handler.o
 .debug_abbrev  0x00000825      0x268 src/ASF/sam/drivers/pmc/pmc.o
 .debug_abbrev  0x00000a8d      0x1bd src/ASF/sam/drivers/uart/uart.o
 .debug_abbrev  0x00000c4a      0x30b src/ASF/sam/drivers/pio/pio.o
 .debug_abbrev  0x00000f55      0x1ad src/ASF/common/boards/user_board/init.o
 .debug_abbrev  0x00001102       0xef src/ASF/common/utils/interrupt/interrupt_sam_nvic.o
 .debug_abbrev  0x000011f1       0x8c src/ASF/sam/utils/cmsis/sam3s/source/templates/exceptions.o
 .debug_abbrev  0x0000127d      0x118 src/ASF/sam/utils/cmsis/sam3s/source/templates/gcc/startup_sam3s.o
 .debug_abbrev  0x00001395      0x115 src/ASF/sam/utils/cmsis/sam3s/source/templates/system_sam3s.o
 .debug_abbrev  0x000014aa      0x3ba src/main.o

.debug_aranges  0x00000000      0x770
 .debug_aranges
                0x00000000       0x20 src/ASF/common/services/delay/sam/cycle_counter.o
 .debug_aranges
                0x00000020       0xa8 src/ASF/sam/drivers/matrix/matrix.o
 .debug_aranges
                0x000000c8       0x88 src/ASF/sam/drivers/pdc/pdc.o
 .debug_aranges
                0x00000150       0x30 src/ASF/common/services/clock/sam3s/sysclk.o
 .debug_aranges
                0x00000180       0x50 src/ASF/sam/drivers/pio/pio_handler.o
 .debug_aranges
                0x000001d0      0x200 src/ASF/sam/drivers/pmc/pmc.o
 .debug_aranges
                0x000003d0       0xe8 src/ASF/sam/drivers/uart/uart.o
 .debug_aranges
                0x000004b8      0x1a8 src/ASF/sam/drivers/pio/pio.o
 .debug_aranges
                0x00000660       0x20 src/ASF/common/boards/user_board/init.o
 .debug_aranges
                0x00000680       0x28 src/ASF/common/utils/interrupt/interrupt_sam_nvic.o
 .debug_aranges
                0x000006a8       0x20 src/ASF/sam/utils/cmsis/sam3s/source/templates/exceptions.o
 .debug_aranges
                0x000006c8       0x20 src/ASF/sam/utils/cmsis/sam3s/source/templates/gcc/startup_sam3s.o
 .debug_aranges
                0x000006e8       0x30 src/ASF/sam/utils/cmsis/sam3s/source/templates/system_sam3s.o
 .debug_aranges
                0x00000718       0x58 src/main.o

.debug_ranges   0x00000000      0x6a8
 .debug_ranges  0x00000000       0x10 src/ASF/common/services/delay/sam/cycle_counter.o
 .debug_ranges  0x00000010       0x98 src/ASF/sam/drivers/matrix/matrix.o
 .debug_ranges  0x000000a8       0x78 src/ASF/sam/drivers/pdc/pdc.o
 .debug_ranges  0x00000120       0x20 src/ASF/common/services/clock/sam3s/sysclk.o
 .debug_ranges  0x00000140       0x40 src/ASF/sam/drivers/pio/pio_handler.o
 .debug_ranges  0x00000180      0x1f0 src/ASF/sam/drivers/pmc/pmc.o
 .debug_ranges  0x00000370       0xd8 src/ASF/sam/drivers/uart/uart.o
 .debug_ranges  0x00000448      0x198 src/ASF/sam/drivers/pio/pio.o
 .debug_ranges  0x000005e0       0x10 src/ASF/common/boards/user_board/init.o
 .debug_ranges  0x000005f0       0x18 src/ASF/common/utils/interrupt/interrupt_sam_nvic.o
 .debug_ranges  0x00000608       0x10 src/ASF/sam/utils/cmsis/sam3s/source/templates/exceptions.o
 .debug_ranges  0x00000618       0x10 src/ASF/sam/utils/cmsis/sam3s/source/templates/gcc/startup_sam3s.o
 .debug_ranges  0x00000628       0x20 src/ASF/sam/utils/cmsis/sam3s/source/templates/system_sam3s.o
 .debug_ranges  0x00000648       0x60 src/main.o

.debug_macro    0x00000000    0x1124a
 .debug_macro   0x00000000      0x45f src/ASF/common/services/delay/sam/cycle_counter.o
 .debug_macro   0x0000045f      0x88c src/ASF/common/services/delay/sam/cycle_counter.o
 .debug_macro   0x00000ceb      0x166 src/ASF/common/services/delay/sam/cycle_counter.o
 .debug_macro   0x00000e51      0x4d1 src/ASF/common/services/delay/sam/cycle_counter.o
 .debug_macro   0x00001322       0x76 src/ASF/common/services/delay/sam/cycle_counter.o
 .debug_macro   0x00001398       0x16 src/ASF/common/services/delay/sam/cycle_counter.o
 .debug_macro   0x000013ae      0x6e4 src/ASF/common/services/delay/sam/cycle_counter.o
 .debug_macro   0x00001a92       0x22 src/ASF/common/services/delay/sam/cycle_counter.o
 .debug_macro   0x00001ab4       0x44 src/ASF/common/services/delay/sam/cycle_counter.o
 .debug_macro   0x00001af8       0x58 src/ASF/common/services/delay/sam/cycle_counter.o
 .debug_macro   0x00001b50       0x22 src/ASF/common/services/delay/sam/cycle_counter.o
 .debug_macro   0x00001b72      0x1df src/ASF/common/services/delay/sam/cycle_counter.o
 .debug_macro   0x00001d51       0x20 src/ASF/common/services/delay/sam/cycle_counter.o
 .debug_macro   0x00001d71       0x3a src/ASF/common/services/delay/sam/cycle_counter.o
 .debug_macro   0x00001dab       0x18 src/ASF/common/services/delay/sam/cycle_counter.o
 .debug_macro   0x00001dc3      0xb09 src/ASF/common/services/delay/sam/cycle_counter.o
 .debug_macro   0x000028cc      0x159 src/ASF/common/services/delay/sam/cycle_counter.o
 .debug_macro   0x00002a25      0xaa1 src/ASF/common/services/delay/sam/cycle_counter.o
 .debug_macro   0x000034c6      0x2b5 src/ASF/common/services/delay/sam/cycle_counter.o
 .debug_macro   0x0000377b       0xac src/ASF/common/services/delay/sam/cycle_counter.o
 .debug_macro   0x00003827      0x31a src/ASF/common/services/delay/sam/cycle_counter.o
 .debug_macro   0x00003b41       0x82 src/ASF/common/services/delay/sam/cycle_counter.o
 .debug_macro   0x00003bc3       0x1c src/ASF/common/services/delay/sam/cycle_counter.o
 .debug_macro   0x00003bdf      0x769 src/ASF/common/services/delay/sam/cycle_counter.o
 .debug_macro   0x00004348      0x2d2 src/ASF/common/services/delay/sam/cycle_counter.o
 .debug_macro   0x0000461a       0xbe src/ASF/common/services/delay/sam/cycle_counter.o
 .debug_macro   0x000046d8     0x280b src/ASF/common/services/delay/sam/cycle_counter.o
 .debug_macro   0x00006ee3      0x793 src/ASF/common/services/delay/sam/cycle_counter.o
 .debug_macro   0x00007676      0xa80 src/ASF/common/services/delay/sam/cycle_counter.o
 .debug_macro   0x000080f6       0x7c src/ASF/common/services/delay/sam/cycle_counter.o
 .debug_macro   0x00008172      0x245 src/ASF/common/services/delay/sam/cycle_counter.o
 .debug_macro   0x000083b7       0x58 src/ASF/common/services/delay/sam/cycle_counter.o
 .debug_macro   0x0000840f      0x394 src/ASF/common/services/delay/sam/cycle_counter.o
 .debug_macro   0x000087a3      0x62b src/ASF/common/services/delay/sam/cycle_counter.o
 .debug_macro   0x00008dce      0x64a src/ASF/common/services/delay/sam/cycle_counter.o
 .debug_macro   0x00009418      0x59f src/ASF/common/services/delay/sam/cycle_counter.o
 .debug_macro   0x000099b7      0x34d src/ASF/common/services/delay/sam/cycle_counter.o
 .debug_macro   0x00009d04      0x28c src/ASF/common/services/delay/sam/cycle_counter.o
 .debug_macro   0x00009f90      0x2d6 src/ASF/common/services/delay/sam/cycle_counter.o
 .debug_macro   0x0000a266      0x6d2 src/ASF/common/services/delay/sam/cycle_counter.o
 .debug_macro   0x0000a938       0x76 src/ASF/common/services/delay/sam/cycle_counter.o
 .debug_macro   0x0000a9ae       0xb8 src/ASF/common/services/delay/sam/cycle_counter.o
 .debug_macro   0x0000aa66       0xb2 src/ASF/common/services/delay/sam/cycle_counter.o
 .debug_macro   0x0000ab18       0x88 src/ASF/common/services/delay/sam/cycle_counter.o
 .debug_macro   0x0000aba0      0x105 src/ASF/common/services/delay/sam/cycle_counter.o
 .debug_macro   0x0000aca5       0x88 src/ASF/common/services/delay/sam/cycle_counter.o
 .debug_macro   0x0000ad2d       0x88 src/ASF/common/services/delay/sam/cycle_counter.o
 .debug_macro   0x0000adb5      0x2cd src/ASF/common/services/delay/sam/cycle_counter.o
 .debug_macro   0x0000b082       0xb2 src/ASF/common/services/delay/sam/cycle_counter.o
 .debug_macro   0x0000b134       0xb2 src/ASF/common/services/delay/sam/cycle_counter.o
 .debug_macro   0x0000b1e6       0x52 src/ASF/common/services/delay/sam/cycle_counter.o
 .debug_macro   0x0000b238       0xac src/ASF/common/services/delay/sam/cycle_counter.o
 .debug_macro   0x0000b2e4       0x7c src/ASF/common/services/delay/sam/cycle_counter.o
 .debug_macro   0x0000b360       0x40 src/ASF/common/services/delay/sam/cycle_counter.o
 .debug_macro   0x0000b3a0       0x64 src/ASF/common/services/delay/sam/cycle_counter.o
 .debug_macro   0x0000b404       0x4c src/ASF/common/services/delay/sam/cycle_counter.o
 .debug_macro   0x0000b450       0xa6 src/ASF/common/services/delay/sam/cycle_counter.o
 .debug_macro   0x0000b4f6       0x7c src/ASF/common/services/delay/sam/cycle_counter.o
 .debug_macro   0x0000b572       0x16 src/ASF/common/services/delay/sam/cycle_counter.o
 .debug_macro   0x0000b588       0x7c src/ASF/common/services/delay/sam/cycle_counter.o
 .debug_macro   0x0000b604       0x22 src/ASF/common/services/delay/sam/cycle_counter.o
 .debug_macro   0x0000b626      0x195 src/ASF/common/services/delay/sam/cycle_counter.o
 .debug_macro   0x0000b7bb      0x165 src/ASF/common/services/delay/sam/cycle_counter.o
 .debug_macro   0x0000b920       0x1c src/ASF/common/services/delay/sam/cycle_counter.o
 .debug_macro   0x0000b93c       0x2e src/ASF/common/services/delay/sam/cycle_counter.o
 .debug_macro   0x0000b96a       0x22 src/ASF/common/services/delay/sam/cycle_counter.o
 .debug_macro   0x0000b98c       0x1c src/ASF/common/services/delay/sam/cycle_counter.o
 .debug_macro   0x0000b9a8       0x52 src/ASF/common/services/delay/sam/cycle_counter.o
 .debug_macro   0x0000b9fa       0x10 src/ASF/common/services/delay/sam/cycle_counter.o
 .debug_macro   0x0000ba0a      0x1e0 src/ASF/common/services/delay/sam/cycle_counter.o
 .debug_macro   0x0000bbea      0x5f3 src/ASF/common/services/delay/sam/cycle_counter.o
 .debug_macro   0x0000c1dd       0xc1 src/ASF/common/services/delay/sam/cycle_counter.o
 .debug_macro   0x0000c29e       0x58 src/ASF/common/services/delay/sam/cycle_counter.o
 .debug_macro   0x0000c2f6       0x35 src/ASF/common/services/delay/sam/cycle_counter.o
 .debug_macro   0x0000c32b       0x9c src/ASF/common/services/delay/sam/cycle_counter.o
 .debug_macro   0x0000c3c7       0x16 src/ASF/common/services/delay/sam/cycle_counter.o
 .debug_macro   0x0000c3dd       0x35 src/ASF/common/services/delay/sam/cycle_counter.o
 .debug_macro   0x0000c412      0x29d src/ASF/common/services/delay/sam/cycle_counter.o
 .debug_macro   0x0000c6af       0x10 src/ASF/common/services/delay/sam/cycle_counter.o
 .debug_macro   0x0000c6bf       0x52 src/ASF/common/services/delay/sam/cycle_counter.o
 .debug_macro   0x0000c711       0x16 src/ASF/common/services/delay/sam/cycle_counter.o
 .debug_macro   0x0000c727       0x43 src/ASF/common/services/delay/sam/cycle_counter.o
 .debug_macro   0x0000c76a      0x180 src/ASF/common/services/delay/sam/cycle_counter.o
 .debug_macro   0x0000c8ea       0x10 src/ASF/common/services/delay/sam/cycle_counter.o
 .debug_macro   0x0000c8fa       0x22 src/ASF/common/services/delay/sam/cycle_counter.o
 .debug_macro   0x0000c91c       0xbe src/ASF/common/services/delay/sam/cycle_counter.o
 .debug_macro   0x0000c9da       0x16 src/ASF/common/services/delay/sam/cycle_counter.o
 .debug_macro   0x0000c9f0      0x197 src/ASF/common/services/delay/sam/cycle_counter.o
 .debug_macro   0x0000cb87       0x22 src/ASF/common/services/delay/sam/cycle_counter.o
 .debug_macro   0x0000cba9       0x16 src/ASF/common/services/delay/sam/cycle_counter.o
 .debug_macro   0x0000cbbf       0x16 src/ASF/common/services/delay/sam/cycle_counter.o
 .debug_macro   0x0000cbd5       0x29 src/ASF/common/services/delay/sam/cycle_counter.o
 .debug_macro   0x0000cbfe       0x6e src/ASF/common/services/delay/sam/cycle_counter.o
 .debug_macro   0x0000cc6c       0x45 src/ASF/common/services/delay/sam/cycle_counter.o
 .debug_macro   0x0000ccb1      0x3c3 src/ASF/common/services/delay/sam/cycle_counter.o
 .debug_macro   0x0000d074       0x22 src/ASF/common/services/delay/sam/cycle_counter.o
 .debug_macro   0x0000d096      0x460 src/ASF/sam/drivers/matrix/matrix.o
 .debug_macro   0x0000d4f6      0x45a src/ASF/sam/drivers/pdc/pdc.o
 .debug_macro   0x0000d950      0x4ca src/ASF/common/services/clock/sam3s/sysclk.o
 .debug_macro   0x0000de1a      0x242 src/ASF/common/services/clock/sam3s/sysclk.o
 .debug_macro   0x0000e05c      0x46f src/ASF/sam/drivers/pio/pio_handler.o
 .debug_macro   0x0000e4cb       0x8e src/ASF/sam/drivers/pio/pio_handler.o
 .debug_macro   0x0000e559      0x465 src/ASF/sam/drivers/pmc/pmc.o
 .debug_macro   0x0000e9be       0x58 src/ASF/sam/drivers/pmc/pmc.o
 .debug_macro   0x0000ea16      0x45f src/ASF/sam/drivers/uart/uart.o
 .debug_macro   0x0000ee75       0x16 src/ASF/sam/drivers/uart/uart.o
 .debug_macro   0x0000ee8b      0x46b src/ASF/sam/drivers/pio/pio.o
 .debug_macro   0x0000f2f6      0x585 src/ASF/common/boards/user_board/init.o
 .debug_macro   0x0000f87b       0x28 src/ASF/common/boards/user_board/init.o
 .debug_macro   0x0000f8a3       0x23 src/ASF/common/boards/user_board/init.o
 .debug_macro   0x0000f8c6       0x94 src/ASF/common/boards/user_board/init.o
 .debug_macro   0x0000f95a       0x40 src/ASF/common/boards/user_board/init.o
 .debug_macro   0x0000f99a       0x10 src/ASF/common/boards/user_board/init.o
 .debug_macro   0x0000f9aa      0x45a src/ASF/common/utils/interrupt/interrupt_sam_nvic.o
 .debug_macro   0x0000fe04       0x3f src/ASF/common/utils/interrupt/interrupt_sam_nvic.o
 .debug_macro   0x0000fe43      0x464 src/ASF/sam/utils/cmsis/sam3s/source/templates/exceptions.o
 .debug_macro   0x000102a7      0x472 src/ASF/sam/utils/cmsis/sam3s/source/templates/gcc/startup_sam3s.o
 .debug_macro   0x00010719      0x46c src/ASF/sam/utils/cmsis/sam3s/source/templates/system_sam3s.o
 .debug_macro   0x00010b85       0x26 src/ASF/sam/utils/cmsis/sam3s/source/templates/system_sam3s.o
 .debug_macro   0x00010bab      0x69f src/main.o

.debug_line     0x00000000     0xace7
 .debug_line    0x00000000      0x9b1 src/ASF/common/services/delay/sam/cycle_counter.o
 .debug_line    0x000009b1      0xae2 src/ASF/sam/drivers/matrix/matrix.o
 .debug_line    0x00001493      0xa87 src/ASF/sam/drivers/pdc/pdc.o
 .debug_line    0x00001f1a      0xaf2 src/ASF/common/services/clock/sam3s/sysclk.o
 .debug_line    0x00002a0c      0xa4d src/ASF/sam/drivers/pio/pio_handler.o
 .debug_line    0x00003459      0xf4b src/ASF/sam/drivers/pmc/pmc.o
 .debug_line    0x000043a4      0xb60 src/ASF/sam/drivers/uart/uart.o
 .debug_line    0x00004f04      0xe3a src/ASF/sam/drivers/pio/pio.o
 .debug_line    0x00005d3e      0xd52 src/ASF/common/boards/user_board/init.o
 .debug_line    0x00006a90      0x9c3 src/ASF/common/utils/interrupt/interrupt_sam_nvic.o
 .debug_line    0x00007453      0x98b src/ASF/sam/utils/cmsis/sam3s/source/templates/exceptions.o
 .debug_line    0x00007dde      0x9d5 src/ASF/sam/utils/cmsis/sam3s/source/templates/gcc/startup_sam3s.o
 .debug_line    0x000087b3      0x9e7 src/ASF/sam/utils/cmsis/sam3s/source/templates/system_sam3s.o
 .debug_line    0x0000919a     0x1b4d src/main.o

.debug_str      0x00000000    0x47f35
 .debug_str     0x00000000    0x428d1 src/ASF/common/services/delay/sam/cycle_counter.o
                              0x42c1f (size before relaxing)
 .debug_str     0x000428d1      0x531 src/ASF/sam/drivers/matrix/matrix.o
                              0x42fa5 (size before relaxing)
 .debug_str     0x00042e02      0x202 src/ASF/sam/drivers/pdc/pdc.o
                              0x42c72 (size before relaxing)
 .debug_str     0x00043004     0x21ee src/ASF/common/services/clock/sam3s/sysclk.o
                              0x44d00 (size before relaxing)
 .debug_str     0x000451f2      0x9ba src/ASF/sam/drivers/pio/pio_handler.o
                              0x43501 (size before relaxing)
 .debug_str     0x00045bac      0x69f src/ASF/sam/drivers/pmc/pmc.o
                              0x434e2 (size before relaxing)
 .debug_str     0x0004624b      0x352 src/ASF/sam/drivers/uart/uart.o
                              0x42e74 (size before relaxing)
 .debug_str     0x0004659d      0x5a3 src/ASF/sam/drivers/pio/pio.o
                              0x43705 (size before relaxing)
 .debug_str     0x00046b40      0x92e src/ASF/common/boards/user_board/init.o
                              0x4589b (size before relaxing)
 .debug_str     0x0004746e       0x94 src/ASF/common/utils/interrupt/interrupt_sam_nvic.o
                              0x42aff (size before relaxing)
 .debug_str     0x00047502       0x4d src/ASF/sam/utils/cmsis/sam3s/source/templates/exceptions.o
                              0x42ac8 (size before relaxing)
 .debug_str     0x0004754f       0xb2 src/ASF/sam/utils/cmsis/sam3s/source/templates/gcc/startup_sam3s.o
                              0x42b9d (size before relaxing)
 .debug_str     0x00047601      0x1b8 src/ASF/sam/utils/cmsis/sam3s/source/templates/system_sam3s.o
                              0x42da6 (size before relaxing)
 .debug_str     0x000477b9      0x77c src/main.o
                              0x46774 (size before relaxing)

.debug_frame    0x00000000     0x1070
 .debug_frame   0x00000000       0x20 src/ASF/common/services/delay/sam/cycle_counter.o
 .debug_frame   0x00000020      0x180 src/ASF/sam/drivers/matrix/matrix.o
 .debug_frame   0x000001a0       0xf0 src/ASF/sam/drivers/pdc/pdc.o
 .debug_frame   0x00000290       0x58 src/ASF/common/services/clock/sam3s/sysclk.o
 .debug_frame   0x000002e8       0xdc src/ASF/sam/drivers/pio/pio_handler.o
 .debug_frame   0x000003c4      0x45c src/ASF/sam/drivers/pmc/pmc.o
 .debug_frame   0x00000820      0x1bc src/ASF/sam/drivers/uart/uart.o
 .debug_frame   0x000009dc      0x38c src/ASF/sam/drivers/pio/pio.o
 .debug_frame   0x00000d68       0x20 src/ASF/common/boards/user_board/init.o
 .debug_frame   0x00000d88       0x30 src/ASF/common/utils/interrupt/interrupt_sam_nvic.o
 .debug_frame   0x00000db8       0x20 src/ASF/sam/utils/cmsis/sam3s/source/templates/exceptions.o
 .debug_frame   0x00000dd8       0x28 src/ASF/sam/utils/cmsis/sam3s/source/templates/gcc/startup_sam3s.o
 .debug_frame   0x00000e00       0x40 src/ASF/sam/utils/cmsis/sam3s/source/templates/system_sam3s.o
 .debug_frame   0x00000e40      0x12c src/main.o
 .debug_frame   0x00000f6c       0x2c c:/program files/atmel/studio/7.0/toolchain/arm/arm-gnu-toolchain/bin/../lib/gcc/arm-none-eabi/4.9.3/../../../../arm-none-eabi/lib/armv7-m\libc.a(lib_a-init.o)
 .debug_frame   0x00000f98       0x50 c:/program files/atmel/studio/7.0/toolchain/arm/arm-gnu-toolchain/bin/../lib/gcc/arm-none-eabi/4.9.3/../../../../arm-none-eabi/lib/armv7-m\libc.a(lib_a-__call_atexit.o)
 .debug_frame   0x00000fe8       0x20 c:/program files/atmel/studio/7.0/toolchain/arm/arm-gnu-toolchain/bin/../lib/gcc/arm-none-eabi/4.9.3/../../../../arm-none-eabi/lib/armv7-m\libc.a(lib_a-atexit.o)
 .debug_frame   0x00001008       0x34 c:/program files/atmel/studio/7.0/toolchain/arm/arm-gnu-toolchain/bin/../lib/gcc/arm-none-eabi/4.9.3/../../../../arm-none-eabi/lib/armv7-m\libc.a(lib_a-fini.o)
 .debug_frame   0x0000103c       0x34 c:/program files/atmel/studio/7.0/toolchain/arm/arm-gnu-toolchain/bin/../lib/gcc/arm-none-eabi/4.9.3/../../../../arm-none-eabi/lib/armv7-m\libc.a(lib_a-__atexit.o)

.debug_loc      0x00000000     0x324f
 .debug_loc     0x00000000      0x450 src/ASF/sam/drivers/matrix/matrix.o
 .debug_loc     0x00000450      0x1c3 src/ASF/sam/drivers/pdc/pdc.o
 .debug_loc     0x00000613       0xed src/ASF/common/services/clock/sam3s/sysclk.o
 .debug_loc     0x00000700      0x533 src/ASF/sam/drivers/pio/pio_handler.o
 .debug_loc     0x00000c33      0xd5b src/ASF/sam/drivers/pmc/pmc.o
 .debug_loc     0x0000198e      0x277 src/ASF/sam/drivers/uart/uart.o
 .debug_loc     0x00001c05      0xdd7 src/ASF/sam/drivers/pio/pio.o
 .debug_loc     0x000029dc       0x1e src/ASF/common/utils/interrupt/interrupt_sam_nvic.o
 .debug_loc     0x000029fa       0x5e src/ASF/sam/utils/cmsis/sam3s/source/templates/gcc/startup_sam3s.o
 .debug_loc     0x00002a58      0x7f7 src/main.o

Cross Reference Table

Symbol                                            File
ACC_Handler                                       src/ASF/sam/utils/cmsis/sam3s/source/templates/exceptions.o
                                                  src/ASF/sam/utils/cmsis/sam3s/source/templates/gcc/startup_sam3s.o
ADC_Handler                                       src/ASF/sam/utils/cmsis/sam3s/source/templates/exceptions.o
                                                  src/ASF/sam/utils/cmsis/sam3s/source/templates/gcc/startup_sam3s.o
BusFault_Handler                                  src/ASF/sam/utils/cmsis/sam3s/source/templates/exceptions.o
                                                  src/ASF/sam/utils/cmsis/sam3s/source/templates/gcc/startup_sam3s.o
CRCCU_Handler                                     src/ASF/sam/utils/cmsis/sam3s/source/templates/exceptions.o
                                                  src/ASF/sam/utils/cmsis/sam3s/source/templates/gcc/startup_sam3s.o
DACC_Handler                                      src/ASF/sam/utils/cmsis/sam3s/source/templates/exceptions.o
                                                  src/ASF/sam/utils/cmsis/sam3s/source/templates/gcc/startup_sam3s.o
DebugMon_Handler                                  src/ASF/sam/utils/cmsis/sam3s/source/templates/exceptions.o
                                                  src/ASF/sam/utils/cmsis/sam3s/source/templates/gcc/startup_sam3s.o
Dummy_Handler                                     src/ASF/sam/utils/cmsis/sam3s/source/templates/exceptions.o
                                                  src/ASF/sam/utils/cmsis/sam3s/source/templates/gcc/startup_sam3s.o
EFC_Handler                                       src/ASF/sam/utils/cmsis/sam3s/source/templates/exceptions.o
                                                  src/ASF/sam/utils/cmsis/sam3s/source/templates/gcc/startup_sam3s.o
HSMCI_Handler                                     src/ASF/sam/utils/cmsis/sam3s/source/templates/exceptions.o
                                                  src/ASF/sam/utils/cmsis/sam3s/source/templates/gcc/startup_sam3s.o
HardFault_Handler                                 src/ASF/sam/utils/cmsis/sam3s/source/templates/exceptions.o
                                                  src/ASF/sam/utils/cmsis/sam3s/source/templates/gcc/startup_sam3s.o
MemManage_Handler                                 src/ASF/sam/utils/cmsis/sam3s/source/templates/exceptions.o
                                                  src/ASF/sam/utils/cmsis/sam3s/source/templates/gcc/startup_sam3s.o
NMI_Handler                                       src/ASF/sam/utils/cmsis/sam3s/source/templates/exceptions.o
                                                  src/ASF/sam/utils/cmsis/sam3s/source/templates/gcc/startup_sam3s.o
PIOA_Handler                                      src/ASF/sam/drivers/pio/pio_handler.o
                                                  src/ASF/sam/utils/cmsis/sam3s/source/templates/gcc/startup_sam3s.o
PIOB_Handler                                      src/ASF/sam/drivers/pio/pio_handler.o
                                                  src/ASF/sam/utils/cmsis/sam3s/source/templates/gcc/startup_sam3s.o
PMC_Handler                                       src/ASF/sam/utils/cmsis/sam3s/source/templates/exceptions.o
                                                  src/ASF/sam/utils/cmsis/sam3s/source/templates/gcc/startup_sam3s.o
PWM_Handler                                       src/ASF/sam/utils/cmsis/sam3s/source/templates/exceptions.o
                                                  src/ASF/sam/utils/cmsis/sam3s/source/templates/gcc/startup_sam3s.o
PendSV_Handler                                    src/ASF/sam/utils/cmsis/sam3s/source/templates/exceptions.o
                                                  src/ASF/sam/utils/cmsis/sam3s/source/templates/gcc/startup_sam3s.o
RSTC_Handler                                      src/ASF/sam/utils/cmsis/sam3s/source/templates/exceptions.o
                                                  src/ASF/sam/utils/cmsis/sam3s/source/templates/gcc/startup_sam3s.o
RTC_Handler                                       src/ASF/sam/utils/cmsis/sam3s/source/templates/exceptions.o
                                                  src/ASF/sam/utils/cmsis/sam3s/source/templates/gcc/startup_sam3s.o
RTT_Handler                                       src/ASF/sam/utils/cmsis/sam3s/source/templates/exceptions.o
                                                  src/ASF/sam/utils/cmsis/sam3s/source/templates/gcc/startup_sam3s.o
Reset_Handler                                     src/ASF/sam/utils/cmsis/sam3s/source/templates/gcc/startup_sam3s.o
                                                  src/ASF/sam/utils/cmsis/sam3s/source/templates/exceptions.o
SPI_Handler                                       src/ASF/sam/utils/cmsis/sam3s/source/templates/exceptions.o
                                                  src/ASF/sam/utils/cmsis/sam3s/source/templates/gcc/startup_sam3s.o
SSC_Handler                                       src/ASF/sam/utils/cmsis/sam3s/source/templates/exceptions.o
                                                  src/ASF/sam/utils/cmsis/sam3s/source/templates/gcc/startup_sam3s.o
SUPC_Handler                                      src/ASF/sam/utils/cmsis/sam3s/source/templates/exceptions.o
                                                  src/ASF/sam/utils/cmsis/sam3s/source/templates/gcc/startup_sam3s.o
SVC_Handler                                       src/ASF/sam/utils/cmsis/sam3s/source/templates/exceptions.o
                                                  src/ASF/sam/utils/cmsis/sam3s/source/templates/gcc/startup_sam3s.o
SysTick_Handler                                   src/ASF/sam/utils/cmsis/sam3s/source/templates/exceptions.o
                                                  src/ASF/sam/utils/cmsis/sam3s/source/templates/gcc/startup_sam3s.o
SystemCoreClock                                   src/ASF/sam/utils/cmsis/sam3s/source/templates/system_sam3s.o
SystemCoreClockUpdate                             src/ASF/sam/utils/cmsis/sam3s/source/templates/system_sam3s.o
                                                  src/ASF/common/services/clock/sam3s/sysclk.o
SystemInit                                        src/ASF/sam/utils/cmsis/sam3s/source/templates/system_sam3s.o
TC0_Handler                                       src/ASF/sam/utils/cmsis/sam3s/source/templates/exceptions.o
                                                  src/ASF/sam/utils/cmsis/sam3s/source/templates/gcc/startup_sam3s.o
TC1_Handler                                       src/ASF/sam/utils/cmsis/sam3s/source/templates/exceptions.o
                                                  src/ASF/sam/utils/cmsis/sam3s/source/templates/gcc/startup_sam3s.o
TC2_Handler                                       src/ASF/sam/utils/cmsis/sam3s/source/templates/exceptions.o
                                                  src/ASF/sam/utils/cmsis/sam3s/source/templates/gcc/startup_sam3s.o
TWI0_Handler                                      src/ASF/sam/utils/cmsis/sam3s/source/templates/exceptions.o
                                                  src/ASF/sam/utils/cmsis/sam3s/source/templates/gcc/startup_sam3s.o
TWI1_Handler                                      src/ASF/sam/utils/cmsis/sam3s/source/templates/exceptions.o
                                                  src/ASF/sam/utils/cmsis/sam3s/source/templates/gcc/startup_sam3s.o
UART0_Handler                                     src/main.o
                                                  src/ASF/sam/utils/cmsis/sam3s/source/templates/exceptions.o
                                                  src/ASF/sam/utils/cmsis/sam3s/source/templates/gcc/startup_sam3s.o
UART1_Handler                                     src/main.o
                                                  src/ASF/sam/utils/cmsis/sam3s/source/templates/exceptions.o
                                                  src/ASF/sam/utils/cmsis/sam3s/source/templates/gcc/startup_sam3s.o
UDP_Handler                                       src/ASF/sam/utils/cmsis/sam3s/source/templates/exceptions.o
                                                  src/ASF/sam/utils/cmsis/sam3s/source/templates/gcc/startup_sam3s.o
USART0_Handler                                    src/ASF/sam/utils/cmsis/sam3s/source/templates/exceptions.o
                                                  src/ASF/sam/utils/cmsis/sam3s/source/templates/gcc/startup_sam3s.o
USART1_Handler                                    src/ASF/sam/utils/cmsis/sam3s/source/templates/exceptions.o
                                                  src/ASF/sam/utils/cmsis/sam3s/source/templates/gcc/startup_sam3s.o
UsageFault_Handler                                src/ASF/sam/utils/cmsis/sam3s/source/templates/exceptions.o
                                                  src/ASF/sam/utils/cmsis/sam3s/source/templates/gcc/startup_sam3s.o
WDT_Handler                                       src/ASF/sam/utils/cmsis/sam3s/source/templates/exceptions.o
                                                  src/ASF/sam/utils/cmsis/sam3s/source/templates/gcc/startup_sam3s.o
_Jv_RegisterClasses                               c:/program files/atmel/studio/7.0/toolchain/arm/arm-gnu-toolchain/bin/../lib/gcc/arm-none-eabi/4.9.3/armv7-m/crtbegin.o
_PathLocale                                       c:/program files/atmel/studio/7.0/toolchain/arm/arm-gnu-toolchain/bin/../lib/gcc/arm-none-eabi/4.9.3/../../../../arm-none-eabi/lib/armv7-m\libc.a(lib_a-locale.o)
__aeabi_idiv0                                     c:/program files/atmel/studio/7.0/toolchain/arm/arm-gnu-toolchain/bin/../lib/gcc/arm-none-eabi/4.9.3/armv7-m\libgcc.a(_dvmd_tls.o)
__aeabi_ldiv0                                     c:/program files/atmel/studio/7.0/toolchain/arm/arm-gnu-toolchain/bin/../lib/gcc/arm-none-eabi/4.9.3/armv7-m\libgcc.a(_dvmd_tls.o)
                                                  c:/program files/atmel/studio/7.0/toolchain/arm/arm-gnu-toolchain/bin/../lib/gcc/arm-none-eabi/4.9.3/armv7-m\libgcc.a(_aeabi_uldivmod.o)
__aeabi_uldivmod                                  c:/program files/atmel/studio/7.0/toolchain/arm/arm-gnu-toolchain/bin/../lib/gcc/arm-none-eabi/4.9.3/armv7-m\libgcc.a(_aeabi_uldivmod.o)
                                                  c:/program files/atmel/studio/7.0/toolchain/arm/arm-gnu-toolchain/bin/../lib/gcc/arm-none-eabi/4.9.3/../../../../arm-none-eabi/lib/armv7-m\libc.a(lib_a-vfiprintf.o)
__ascii_wctomb                                    c:/program files/atmel/studio/7.0/toolchain/arm/arm-gnu-toolchain/bin/../lib/gcc/arm-none-eabi/4.9.3/../../../../arm-none-eabi/lib/armv7-m\libc.a(lib_a-wctomb_r.o)
__bss_end__                                       c:/program files/atmel/studio/7.0/toolchain/arm/arm-gnu-toolchain/bin/../lib/gcc/arm-none-eabi/4.9.3/../../../../arm-none-eabi/lib/armv7-m/crt0.o
__bss_start__                                     c:/program files/atmel/studio/7.0/toolchain/arm/arm-gnu-toolchain/bin/../lib/gcc/arm-none-eabi/4.9.3/../../../../arm-none-eabi/lib/armv7-m/crt0.o
__call_exitprocs                                  c:/program files/atmel/studio/7.0/toolchain/arm/arm-gnu-toolchain/bin/../lib/gcc/arm-none-eabi/4.9.3/../../../../arm-none-eabi/lib/armv7-m\libc.a(lib_a-__call_atexit.o)
                                                  c:/program files/atmel/studio/7.0/toolchain/arm/arm-gnu-toolchain/bin/../lib/gcc/arm-none-eabi/4.9.3/../../../../arm-none-eabi/lib/armv7-m\libc.a(lib_a-exit.o)
__deregister_frame_info                           c:/program files/atmel/studio/7.0/toolchain/arm/arm-gnu-toolchain/bin/../lib/gcc/arm-none-eabi/4.9.3/armv7-m/crtbegin.o
__divdi3                                          c:/program files/atmel/studio/7.0/toolchain/arm/arm-gnu-toolchain/bin/../lib/gcc/arm-none-eabi/4.9.3/armv7-m\libgcc.a(_divdi3.o)
                                                  c:/program files/atmel/studio/7.0/toolchain/arm/arm-gnu-toolchain/bin/../lib/gcc/arm-none-eabi/4.9.3/armv7-m\libgcc.a(bpabi.o)
__dso_handle                                      c:/program files/atmel/studio/7.0/toolchain/arm/arm-gnu-toolchain/bin/../lib/gcc/arm-none-eabi/4.9.3/armv7-m/crtbegin.o
__fini_array_end                                  c:/program files/atmel/studio/7.0/toolchain/arm/arm-gnu-toolchain/bin/../lib/gcc/arm-none-eabi/4.9.3/../../../../arm-none-eabi/lib/armv7-m\libc.a(lib_a-fini.o)
__fini_array_start                                c:/program files/atmel/studio/7.0/toolchain/arm/arm-gnu-toolchain/bin/../lib/gcc/arm-none-eabi/4.9.3/../../../../arm-none-eabi/lib/armv7-m\libc.a(lib_a-fini.o)
__fp_lock_all                                     c:/program files/atmel/studio/7.0/toolchain/arm/arm-gnu-toolchain/bin/../lib/gcc/arm-none-eabi/4.9.3/../../../../arm-none-eabi/lib/armv7-m\libc.a(lib_a-findfp.o)
__fp_unlock_all                                   c:/program files/atmel/studio/7.0/toolchain/arm/arm-gnu-toolchain/bin/../lib/gcc/arm-none-eabi/4.9.3/../../../../arm-none-eabi/lib/armv7-m\libc.a(lib_a-findfp.o)
__fputwc                                          c:/program files/atmel/studio/7.0/toolchain/arm/arm-gnu-toolchain/bin/../lib/gcc/arm-none-eabi/4.9.3/../../../../arm-none-eabi/lib/armv7-m\libc.a(lib_a-fputwc.o)
__gnu_ldivmod_helper                              c:/program files/atmel/studio/7.0/toolchain/arm/arm-gnu-toolchain/bin/../lib/gcc/arm-none-eabi/4.9.3/armv7-m\libgcc.a(bpabi.o)
__gnu_uldivmod_helper                             c:/program files/atmel/studio/7.0/toolchain/arm/arm-gnu-toolchain/bin/../lib/gcc/arm-none-eabi/4.9.3/armv7-m\libgcc.a(bpabi.o)
                                                  c:/program files/atmel/studio/7.0/toolchain/arm/arm-gnu-toolchain/bin/../lib/gcc/arm-none-eabi/4.9.3/armv7-m\libgcc.a(_aeabi_uldivmod.o)
__init_array_end                                  c:/program files/atmel/studio/7.0/toolchain/arm/arm-gnu-toolchain/bin/../lib/gcc/arm-none-eabi/4.9.3/../../../../arm-none-eabi/lib/armv7-m\libc.a(lib_a-init.o)
__init_array_start                                c:/program files/atmel/studio/7.0/toolchain/arm/arm-gnu-toolchain/bin/../lib/gcc/arm-none-eabi/4.9.3/../../../../arm-none-eabi/lib/armv7-m\libc.a(lib_a-init.o)
__libc_fini                                       c:/program files/atmel/studio/7.0/toolchain/arm/arm-gnu-toolchain/bin/../lib/gcc/arm-none-eabi/4.9.3/../../../../arm-none-eabi/lib/armv7-m\libc.a(lib_a-__call_atexit.o)
__libc_fini_array                                 c:/program files/atmel/studio/7.0/toolchain/arm/arm-gnu-toolchain/bin/../lib/gcc/arm-none-eabi/4.9.3/../../../../arm-none-eabi/lib/armv7-m\libc.a(lib_a-fini.o)
                                                  c:/program files/atmel/studio/7.0/toolchain/arm/arm-gnu-toolchain/bin/../lib/gcc/arm-none-eabi/4.9.3/../../../../arm-none-eabi/lib/armv7-m\libc.a(lib_a-__call_atexit.o)
                                                  c:/program files/atmel/studio/7.0/toolchain/arm/arm-gnu-toolchain/bin/../lib/gcc/arm-none-eabi/4.9.3/../../../../arm-none-eabi/lib/armv7-m/crt0.o
__libc_init_array                                 c:/program files/atmel/studio/7.0/toolchain/arm/arm-gnu-toolchain/bin/../lib/gcc/arm-none-eabi/4.9.3/../../../../arm-none-eabi/lib/armv7-m\libc.a(lib_a-init.o)
                                                  src/ASF/sam/utils/cmsis/sam3s/source/templates/gcc/startup_sam3s.o
                                                  c:/program files/atmel/studio/7.0/toolchain/arm/arm-gnu-toolchain/bin/../lib/gcc/arm-none-eabi/4.9.3/../../../../arm-none-eabi/lib/armv7-m/crt0.o
__locale_charset                                  c:/program files/atmel/studio/7.0/toolchain/arm/arm-gnu-toolchain/bin/../lib/gcc/arm-none-eabi/4.9.3/../../../../arm-none-eabi/lib/armv7-m\libc.a(lib_a-locale.o)
                                                  c:/program files/atmel/studio/7.0/toolchain/arm/arm-gnu-toolchain/bin/../lib/gcc/arm-none-eabi/4.9.3/../../../../arm-none-eabi/lib/armv7-m\libc.a(lib_a-wctomb_r.o)
                                                  c:/program files/atmel/studio/7.0/toolchain/arm/arm-gnu-toolchain/bin/../lib/gcc/arm-none-eabi/4.9.3/../../../../arm-none-eabi/lib/armv7-m\libc.a(lib_a-wcrtomb.o)
__locale_cjk_lang                                 c:/program files/atmel/studio/7.0/toolchain/arm/arm-gnu-toolchain/bin/../lib/gcc/arm-none-eabi/4.9.3/../../../../arm-none-eabi/lib/armv7-m\libc.a(lib_a-locale.o)
__locale_mb_cur_max                               c:/program files/atmel/studio/7.0/toolchain/arm/arm-gnu-toolchain/bin/../lib/gcc/arm-none-eabi/4.9.3/../../../../arm-none-eabi/lib/armv7-m\libc.a(lib_a-locale.o)
                                                  c:/program files/atmel/studio/7.0/toolchain/arm/arm-gnu-toolchain/bin/../lib/gcc/arm-none-eabi/4.9.3/../../../../arm-none-eabi/lib/armv7-m\libc.a(lib_a-fputwc.o)
__locale_msgcharset                               c:/program files/atmel/studio/7.0/toolchain/arm/arm-gnu-toolchain/bin/../lib/gcc/arm-none-eabi/4.9.3/../../../../arm-none-eabi/lib/armv7-m\libc.a(lib_a-locale.o)
__malloc_av_                                      c:/program files/atmel/studio/7.0/toolchain/arm/arm-gnu-toolchain/bin/../lib/gcc/arm-none-eabi/4.9.3/../../../../arm-none-eabi/lib/armv7-m\libc.a(lib_a-mallocr.o)
                                                  c:/program files/atmel/studio/7.0/toolchain/arm/arm-gnu-toolchain/bin/../lib/gcc/arm-none-eabi/4.9.3/../../../../arm-none-eabi/lib/armv7-m\libc.a(lib_a-reallocr.o)
                                                  c:/program files/atmel/studio/7.0/toolchain/arm/arm-gnu-toolchain/bin/../lib/gcc/arm-none-eabi/4.9.3/../../../../arm-none-eabi/lib/armv7-m\libc.a(lib_a-freer.o)
__malloc_current_mallinfo                         c:/program files/atmel/studio/7.0/toolchain/arm/arm-gnu-toolchain/bin/../lib/gcc/arm-none-eabi/4.9.3/../../../../arm-none-eabi/lib/armv7-m\libc.a(lib_a-mallocr.o)
                                                  c:/program files/atmel/studio/7.0/toolchain/arm/arm-gnu-toolchain/bin/../lib/gcc/arm-none-eabi/4.9.3/../../../../arm-none-eabi/lib/armv7-m\libc.a(lib_a-freer.o)
__malloc_lock                                     c:/program files/atmel/studio/7.0/toolchain/arm/arm-gnu-toolchain/bin/../lib/gcc/arm-none-eabi/4.9.3/../../../../arm-none-eabi/lib/armv7-m\libc.a(lib_a-mlock.o)
                                                  c:/program files/atmel/studio/7.0/toolchain/arm/arm-gnu-toolchain/bin/../lib/gcc/arm-none-eabi/4.9.3/../../../../arm-none-eabi/lib/armv7-m\libc.a(lib_a-reallocr.o)
                                                  c:/program files/atmel/studio/7.0/toolchain/arm/arm-gnu-toolchain/bin/../lib/gcc/arm-none-eabi/4.9.3/../../../../arm-none-eabi/lib/armv7-m\libc.a(lib_a-mallocr.o)
                                                  c:/program files/atmel/studio/7.0/toolchain/arm/arm-gnu-toolchain/bin/../lib/gcc/arm-none-eabi/4.9.3/../../../../arm-none-eabi/lib/armv7-m\libc.a(lib_a-freer.o)
__malloc_max_sbrked_mem                           c:/program files/atmel/studio/7.0/toolchain/arm/arm-gnu-toolchain/bin/../lib/gcc/arm-none-eabi/4.9.3/../../../../arm-none-eabi/lib/armv7-m\libc.a(lib_a-mallocr.o)
__malloc_max_total_mem                            c:/program files/atmel/studio/7.0/toolchain/arm/arm-gnu-toolchain/bin/../lib/gcc/arm-none-eabi/4.9.3/../../../../arm-none-eabi/lib/armv7-m\libc.a(lib_a-mallocr.o)
__malloc_sbrk_base                                c:/program files/atmel/studio/7.0/toolchain/arm/arm-gnu-toolchain/bin/../lib/gcc/arm-none-eabi/4.9.3/../../../../arm-none-eabi/lib/armv7-m\libc.a(lib_a-mallocr.o)
                                                  c:/program files/atmel/studio/7.0/toolchain/arm/arm-gnu-toolchain/bin/../lib/gcc/arm-none-eabi/4.9.3/../../../../arm-none-eabi/lib/armv7-m\libc.a(lib_a-freer.o)
__malloc_top_pad                                  c:/program files/atmel/studio/7.0/toolchain/arm/arm-gnu-toolchain/bin/../lib/gcc/arm-none-eabi/4.9.3/../../../../arm-none-eabi/lib/armv7-m\libc.a(lib_a-mallocr.o)
                                                  c:/program files/atmel/studio/7.0/toolchain/arm/arm-gnu-toolchain/bin/../lib/gcc/arm-none-eabi/4.9.3/../../../../arm-none-eabi/lib/armv7-m\libc.a(lib_a-freer.o)
__malloc_trim_threshold                           c:/program files/atmel/studio/7.0/toolchain/arm/arm-gnu-toolchain/bin/../lib/gcc/arm-none-eabi/4.9.3/../../../../arm-none-eabi/lib/armv7-m\libc.a(lib_a-mallocr.o)
                                                  c:/program files/atmel/studio/7.0/toolchain/arm/arm-gnu-toolchain/bin/../lib/gcc/arm-none-eabi/4.9.3/../../../../arm-none-eabi/lib/armv7-m\libc.a(lib_a-freer.o)
__malloc_unlock                                   c:/program files/atmel/studio/7.0/toolchain/arm/arm-gnu-toolchain/bin/../lib/gcc/arm-none-eabi/4.9.3/../../../../arm-none-eabi/lib/armv7-m\libc.a(lib_a-mlock.o)
                                                  c:/program files/atmel/studio/7.0/toolchain/arm/arm-gnu-toolchain/bin/../lib/gcc/arm-none-eabi/4.9.3/../../../../arm-none-eabi/lib/armv7-m\libc.a(lib_a-reallocr.o)
                                                  c:/program files/atmel/studio/7.0/toolchain/arm/arm-gnu-toolchain/bin/../lib/gcc/arm-none-eabi/4.9.3/../../../../arm-none-eabi/lib/armv7-m\libc.a(lib_a-mallocr.o)
                                                  c:/program files/atmel/studio/7.0/toolchain/arm/arm-gnu-toolchain/bin/../lib/gcc/arm-none-eabi/4.9.3/../../../../arm-none-eabi/lib/armv7-m\libc.a(lib_a-freer.o)
__mb_cur_max                                      c:/program files/atmel/studio/7.0/toolchain/arm/arm-gnu-toolchain/bin/../lib/gcc/arm-none-eabi/4.9.3/../../../../arm-none-eabi/lib/armv7-m\libc.a(lib_a-locale.o)
__mlocale_changed                                 c:/program files/atmel/studio/7.0/toolchain/arm/arm-gnu-toolchain/bin/../lib/gcc/arm-none-eabi/4.9.3/../../../../arm-none-eabi/lib/armv7-m\libc.a(lib_a-locale.o)
__nlocale_changed                                 c:/program files/atmel/studio/7.0/toolchain/arm/arm-gnu-toolchain/bin/../lib/gcc/arm-none-eabi/4.9.3/../../../../arm-none-eabi/lib/armv7-m\libc.a(lib_a-locale.o)
__preinit_array_end                               c:/program files/atmel/studio/7.0/toolchain/arm/arm-gnu-toolchain/bin/../lib/gcc/arm-none-eabi/4.9.3/../../../../arm-none-eabi/lib/armv7-m\libc.a(lib_a-init.o)
__preinit_array_start                             c:/program files/atmel/studio/7.0/toolchain/arm/arm-gnu-toolchain/bin/../lib/gcc/arm-none-eabi/4.9.3/../../../../arm-none-eabi/lib/armv7-m\libc.a(lib_a-init.o)
__ram_end__                                       src/ASF/sam/utils/syscalls/gcc/syscalls.o
__register_exitproc                               c:/program files/atmel/studio/7.0/toolchain/arm/arm-gnu-toolchain/bin/../lib/gcc/arm-none-eabi/4.9.3/../../../../arm-none-eabi/lib/armv7-m\libc.a(lib_a-__atexit.o)
                                                  c:/program files/atmel/studio/7.0/toolchain/arm/arm-gnu-toolchain/bin/../lib/gcc/arm-none-eabi/4.9.3/../../../../arm-none-eabi/lib/armv7-m\libc.a(lib_a-atexit.o)
__register_frame_info                             c:/program files/atmel/studio/7.0/toolchain/arm/arm-gnu-toolchain/bin/../lib/gcc/arm-none-eabi/4.9.3/armv7-m/crtbegin.o
__sclose                                          c:/program files/atmel/studio/7.0/toolchain/arm/arm-gnu-toolchain/bin/../lib/gcc/arm-none-eabi/4.9.3/../../../../arm-none-eabi/lib/armv7-m\libc.a(lib_a-stdio.o)
                                                  c:/program files/atmel/studio/7.0/toolchain/arm/arm-gnu-toolchain/bin/../lib/gcc/arm-none-eabi/4.9.3/../../../../arm-none-eabi/lib/armv7-m\libc.a(lib_a-findfp.o)
__seofread                                        c:/program files/atmel/studio/7.0/toolchain/arm/arm-gnu-toolchain/bin/../lib/gcc/arm-none-eabi/4.9.3/../../../../arm-none-eabi/lib/armv7-m\libc.a(lib_a-stdio.o)
__sflush_r                                        c:/program files/atmel/studio/7.0/toolchain/arm/arm-gnu-toolchain/bin/../lib/gcc/arm-none-eabi/4.9.3/../../../../arm-none-eabi/lib/armv7-m\libc.a(lib_a-fflush.o)
                                                  c:/program files/atmel/studio/7.0/toolchain/arm/arm-gnu-toolchain/bin/../lib/gcc/arm-none-eabi/4.9.3/../../../../arm-none-eabi/lib/armv7-m\libc.a(lib_a-fclose.o)
__sfmoreglue                                      c:/program files/atmel/studio/7.0/toolchain/arm/arm-gnu-toolchain/bin/../lib/gcc/arm-none-eabi/4.9.3/../../../../arm-none-eabi/lib/armv7-m\libc.a(lib_a-findfp.o)
__sfp                                             c:/program files/atmel/studio/7.0/toolchain/arm/arm-gnu-toolchain/bin/../lib/gcc/arm-none-eabi/4.9.3/../../../../arm-none-eabi/lib/armv7-m\libc.a(lib_a-findfp.o)
__sfp_lock_acquire                                c:/program files/atmel/studio/7.0/toolchain/arm/arm-gnu-toolchain/bin/../lib/gcc/arm-none-eabi/4.9.3/../../../../arm-none-eabi/lib/armv7-m\libc.a(lib_a-findfp.o)
                                                  c:/program files/atmel/studio/7.0/toolchain/arm/arm-gnu-toolchain/bin/../lib/gcc/arm-none-eabi/4.9.3/../../../../arm-none-eabi/lib/armv7-m\libc.a(lib_a-fclose.o)
__sfp_lock_release                                c:/program files/atmel/studio/7.0/toolchain/arm/arm-gnu-toolchain/bin/../lib/gcc/arm-none-eabi/4.9.3/../../../../arm-none-eabi/lib/armv7-m\libc.a(lib_a-findfp.o)
                                                  c:/program files/atmel/studio/7.0/toolchain/arm/arm-gnu-toolchain/bin/../lib/gcc/arm-none-eabi/4.9.3/../../../../arm-none-eabi/lib/armv7-m\libc.a(lib_a-fclose.o)
__sfvwrite_r                                      c:/program files/atmel/studio/7.0/toolchain/arm/arm-gnu-toolchain/bin/../lib/gcc/arm-none-eabi/4.9.3/../../../../arm-none-eabi/lib/armv7-m\libc.a(lib_a-fvwrite.o)
                                                  c:/program files/atmel/studio/7.0/toolchain/arm/arm-gnu-toolchain/bin/../lib/gcc/arm-none-eabi/4.9.3/../../../../arm-none-eabi/lib/armv7-m\libc.a(lib_a-vfiprintf.o)
__sinit                                           c:/program files/atmel/studio/7.0/toolchain/arm/arm-gnu-toolchain/bin/../lib/gcc/arm-none-eabi/4.9.3/../../../../arm-none-eabi/lib/armv7-m\libc.a(lib_a-findfp.o)
                                                  c:/program files/atmel/studio/7.0/toolchain/arm/arm-gnu-toolchain/bin/../lib/gcc/arm-none-eabi/4.9.3/../../../../arm-none-eabi/lib/armv7-m\libc.a(lib_a-fclose.o)
                                                  c:/program files/atmel/studio/7.0/toolchain/arm/arm-gnu-toolchain/bin/../lib/gcc/arm-none-eabi/4.9.3/../../../../arm-none-eabi/lib/armv7-m\libc.a(lib_a-wbuf.o)
                                                  c:/program files/atmel/studio/7.0/toolchain/arm/arm-gnu-toolchain/bin/../lib/gcc/arm-none-eabi/4.9.3/../../../../arm-none-eabi/lib/armv7-m\libc.a(lib_a-fputwc.o)
                                                  c:/program files/atmel/studio/7.0/toolchain/arm/arm-gnu-toolchain/bin/../lib/gcc/arm-none-eabi/4.9.3/../../../../arm-none-eabi/lib/armv7-m\libc.a(lib_a-fflush.o)
                                                  c:/program files/atmel/studio/7.0/toolchain/arm/arm-gnu-toolchain/bin/../lib/gcc/arm-none-eabi/4.9.3/../../../../arm-none-eabi/lib/armv7-m\libc.a(lib_a-wsetup.o)
                                                  c:/program files/atmel/studio/7.0/toolchain/arm/arm-gnu-toolchain/bin/../lib/gcc/arm-none-eabi/4.9.3/../../../../arm-none-eabi/lib/armv7-m\libc.a(lib_a-vfiprintf.o)
__sinit_lock_acquire                              c:/program files/atmel/studio/7.0/toolchain/arm/arm-gnu-toolchain/bin/../lib/gcc/arm-none-eabi/4.9.3/../../../../arm-none-eabi/lib/armv7-m\libc.a(lib_a-findfp.o)
__sinit_lock_release                              c:/program files/atmel/studio/7.0/toolchain/arm/arm-gnu-toolchain/bin/../lib/gcc/arm-none-eabi/4.9.3/../../../../arm-none-eabi/lib/armv7-m\libc.a(lib_a-findfp.o)
__smakebuf_r                                      c:/program files/atmel/studio/7.0/toolchain/arm/arm-gnu-toolchain/bin/../lib/gcc/arm-none-eabi/4.9.3/../../../../arm-none-eabi/lib/armv7-m\libc.a(lib_a-makebuf.o)
                                                  c:/program files/atmel/studio/7.0/toolchain/arm/arm-gnu-toolchain/bin/../lib/gcc/arm-none-eabi/4.9.3/../../../../arm-none-eabi/lib/armv7-m\libc.a(lib_a-wsetup.o)
__sprint_r                                        c:/program files/atmel/studio/7.0/toolchain/arm/arm-gnu-toolchain/bin/../lib/gcc/arm-none-eabi/4.9.3/../../../../arm-none-eabi/lib/armv7-m\libc.a(lib_a-vfiprintf.o)
__sread                                           c:/program files/atmel/studio/7.0/toolchain/arm/arm-gnu-toolchain/bin/../lib/gcc/arm-none-eabi/4.9.3/../../../../arm-none-eabi/lib/armv7-m\libc.a(lib_a-stdio.o)
                                                  c:/program files/atmel/studio/7.0/toolchain/arm/arm-gnu-toolchain/bin/../lib/gcc/arm-none-eabi/4.9.3/../../../../arm-none-eabi/lib/armv7-m\libc.a(lib_a-findfp.o)
__sseek                                           c:/program files/atmel/studio/7.0/toolchain/arm/arm-gnu-toolchain/bin/../lib/gcc/arm-none-eabi/4.9.3/../../../../arm-none-eabi/lib/armv7-m\libc.a(lib_a-stdio.o)
                                                  c:/program files/atmel/studio/7.0/toolchain/arm/arm-gnu-toolchain/bin/../lib/gcc/arm-none-eabi/4.9.3/../../../../arm-none-eabi/lib/armv7-m\libc.a(lib_a-makebuf.o)
                                                  c:/program files/atmel/studio/7.0/toolchain/arm/arm-gnu-toolchain/bin/../lib/gcc/arm-none-eabi/4.9.3/../../../../arm-none-eabi/lib/armv7-m\libc.a(lib_a-findfp.o)
__stack                                           c:/program files/atmel/studio/7.0/toolchain/arm/arm-gnu-toolchain/bin/../lib/gcc/arm-none-eabi/4.9.3/../../../../arm-none-eabi/lib/armv7-m/crt0.o
__swbuf                                           c:/program files/atmel/studio/7.0/toolchain/arm/arm-gnu-toolchain/bin/../lib/gcc/arm-none-eabi/4.9.3/../../../../arm-none-eabi/lib/armv7-m\libc.a(lib_a-wbuf.o)
__swbuf_r                                         c:/program files/atmel/studio/7.0/toolchain/arm/arm-gnu-toolchain/bin/../lib/gcc/arm-none-eabi/4.9.3/../../../../arm-none-eabi/lib/armv7-m\libc.a(lib_a-wbuf.o)
                                                  c:/program files/atmel/studio/7.0/toolchain/arm/arm-gnu-toolchain/bin/../lib/gcc/arm-none-eabi/4.9.3/../../../../arm-none-eabi/lib/armv7-m\libc.a(lib_a-fputwc.o)
__swrite                                          c:/program files/atmel/studio/7.0/toolchain/arm/arm-gnu-toolchain/bin/../lib/gcc/arm-none-eabi/4.9.3/../../../../arm-none-eabi/lib/armv7-m\libc.a(lib_a-stdio.o)
                                                  c:/program files/atmel/studio/7.0/toolchain/arm/arm-gnu-toolchain/bin/../lib/gcc/arm-none-eabi/4.9.3/../../../../arm-none-eabi/lib/armv7-m\libc.a(lib_a-findfp.o)
__swsetup_r                                       c:/program files/atmel/studio/7.0/toolchain/arm/arm-gnu-toolchain/bin/../lib/gcc/arm-none-eabi/4.9.3/../../../../arm-none-eabi/lib/armv7-m\libc.a(lib_a-wsetup.o)
                                                  c:/program files/atmel/studio/7.0/toolchain/arm/arm-gnu-toolchain/bin/../lib/gcc/arm-none-eabi/4.9.3/../../../../arm-none-eabi/lib/armv7-m\libc.a(lib_a-wbuf.o)
                                                  c:/program files/atmel/studio/7.0/toolchain/arm/arm-gnu-toolchain/bin/../lib/gcc/arm-none-eabi/4.9.3/../../../../arm-none-eabi/lib/armv7-m\libc.a(lib_a-fvwrite.o)
                                                  c:/program files/atmel/studio/7.0/toolchain/arm/arm-gnu-toolchain/bin/../lib/gcc/arm-none-eabi/4.9.3/../../../../arm-none-eabi/lib/armv7-m\libc.a(lib_a-vfiprintf.o)
__udivdi3                                         c:/program files/atmel/studio/7.0/toolchain/arm/arm-gnu-toolchain/bin/../lib/gcc/arm-none-eabi/4.9.3/armv7-m\libgcc.a(_udivdi3.o)
                                                  c:/program files/atmel/studio/7.0/toolchain/arm/arm-gnu-toolchain/bin/../lib/gcc/arm-none-eabi/4.9.3/armv7-m\libgcc.a(bpabi.o)
__wctomb                                          c:/program files/atmel/studio/7.0/toolchain/arm/arm-gnu-toolchain/bin/../lib/gcc/arm-none-eabi/4.9.3/../../../../arm-none-eabi/lib/armv7-m\libc.a(lib_a-wctomb_r.o)
                                                  c:/program files/atmel/studio/7.0/toolchain/arm/arm-gnu-toolchain/bin/../lib/gcc/arm-none-eabi/4.9.3/../../../../arm-none-eabi/lib/armv7-m\libc.a(lib_a-wcrtomb.o)
_cleanup                                          c:/program files/atmel/studio/7.0/toolchain/arm/arm-gnu-toolchain/bin/../lib/gcc/arm-none-eabi/4.9.3/../../../../arm-none-eabi/lib/armv7-m\libc.a(lib_a-findfp.o)
_cleanup_r                                        c:/program files/atmel/studio/7.0/toolchain/arm/arm-gnu-toolchain/bin/../lib/gcc/arm-none-eabi/4.9.3/../../../../arm-none-eabi/lib/armv7-m\libc.a(lib_a-findfp.o)
                                                  c:/program files/atmel/studio/7.0/toolchain/arm/arm-gnu-toolchain/bin/../lib/gcc/arm-none-eabi/4.9.3/../../../../arm-none-eabi/lib/armv7-m\libc.a(lib_a-makebuf.o)
_close                                            src/ASF/sam/utils/syscalls/gcc/syscalls.o
                                                  c:/program files/atmel/studio/7.0/toolchain/arm/arm-gnu-toolchain/bin/../lib/gcc/arm-none-eabi/4.9.3/../../../../arm-none-eabi/lib/armv7-m\libc.a(lib_a-closer.o)
_close_r                                          c:/program files/atmel/studio/7.0/toolchain/arm/arm-gnu-toolchain/bin/../lib/gcc/arm-none-eabi/4.9.3/../../../../arm-none-eabi/lib/armv7-m\libc.a(lib_a-closer.o)
                                                  c:/program files/atmel/studio/7.0/toolchain/arm/arm-gnu-toolchain/bin/../lib/gcc/arm-none-eabi/4.9.3/../../../../arm-none-eabi/lib/armv7-m\libc.a(lib_a-stdio.o)
_end                                              src/ASF/sam/utils/syscalls/gcc/syscalls.o
_erelocate                                        src/ASF/sam/utils/cmsis/sam3s/source/templates/gcc/startup_sam3s.o
_estack                                           src/ASF/sam/utils/cmsis/sam3s/source/templates/gcc/startup_sam3s.o
_etext                                            src/ASF/sam/utils/cmsis/sam3s/source/templates/gcc/startup_sam3s.o
_exit                                             src/ASF/sam/utils/syscalls/gcc/syscalls.o
                                                  c:/program files/atmel/studio/7.0/toolchain/arm/arm-gnu-toolchain/bin/../lib/gcc/arm-none-eabi/4.9.3/../../../../arm-none-eabi/lib/armv7-m\libc.a(lib_a-exit.o)
_ezero                                            src/ASF/sam/utils/cmsis/sam3s/source/templates/gcc/startup_sam3s.o
_fclose_r                                         c:/program files/atmel/studio/7.0/toolchain/arm/arm-gnu-toolchain/bin/../lib/gcc/arm-none-eabi/4.9.3/../../../../arm-none-eabi/lib/armv7-m\libc.a(lib_a-fclose.o)
                                                  c:/program files/atmel/studio/7.0/toolchain/arm/arm-gnu-toolchain/bin/../lib/gcc/arm-none-eabi/4.9.3/../../../../arm-none-eabi/lib/armv7-m\libc.a(lib_a-findfp.o)
_fflush_r                                         c:/program files/atmel/studio/7.0/toolchain/arm/arm-gnu-toolchain/bin/../lib/gcc/arm-none-eabi/4.9.3/../../../../arm-none-eabi/lib/armv7-m\libc.a(lib_a-fflush.o)
                                                  c:/program files/atmel/studio/7.0/toolchain/arm/arm-gnu-toolchain/bin/../lib/gcc/arm-none-eabi/4.9.3/../../../../arm-none-eabi/lib/armv7-m\libc.a(lib_a-wbuf.o)
                                                  c:/program files/atmel/studio/7.0/toolchain/arm/arm-gnu-toolchain/bin/../lib/gcc/arm-none-eabi/4.9.3/../../../../arm-none-eabi/lib/armv7-m\libc.a(lib_a-fvwrite.o)
                                                  c:/program files/atmel/studio/7.0/toolchain/arm/arm-gnu-toolchain/bin/../lib/gcc/arm-none-eabi/4.9.3/../../../../arm-none-eabi/lib/armv7-m\libc.a(lib_a-vfiprintf.o)
_fini                                             c:/program files/atmel/studio/7.0/toolchain/arm/arm-gnu-toolchain/bin/../lib/gcc/arm-none-eabi/4.9.3/armv7-m/crti.o
                                                  c:/program files/atmel/studio/7.0/toolchain/arm/arm-gnu-toolchain/bin/../lib/gcc/arm-none-eabi/4.9.3/../../../../arm-none-eabi/lib/armv7-m\libc.a(lib_a-fini.o)
_fputwc_r                                         c:/program files/atmel/studio/7.0/toolchain/arm/arm-gnu-toolchain/bin/../lib/gcc/arm-none-eabi/4.9.3/../../../../arm-none-eabi/lib/armv7-m\libc.a(lib_a-fputwc.o)
                                                  c:/program files/atmel/studio/7.0/toolchain/arm/arm-gnu-toolchain/bin/../lib/gcc/arm-none-eabi/4.9.3/../../../../arm-none-eabi/lib/armv7-m\libc.a(lib_a-vfiprintf.o)
_free_r                                           c:/program files/atmel/studio/7.0/toolchain/arm/arm-gnu-toolchain/bin/../lib/gcc/arm-none-eabi/4.9.3/../../../../arm-none-eabi/lib/armv7-m\libc.a(lib_a-freer.o)
                                                  c:/program files/atmel/studio/7.0/toolchain/arm/arm-gnu-toolchain/bin/../lib/gcc/arm-none-eabi/4.9.3/../../../../arm-none-eabi/lib/armv7-m\libc.a(lib_a-reent.o)
                                                  c:/program files/atmel/studio/7.0/toolchain/arm/arm-gnu-toolchain/bin/../lib/gcc/arm-none-eabi/4.9.3/../../../../arm-none-eabi/lib/armv7-m\libc.a(lib_a-fclose.o)
                                                  c:/program files/atmel/studio/7.0/toolchain/arm/arm-gnu-toolchain/bin/../lib/gcc/arm-none-eabi/4.9.3/../../../../arm-none-eabi/lib/armv7-m\libc.a(lib_a-reallocr.o)
                                                  c:/program files/atmel/studio/7.0/toolchain/arm/arm-gnu-toolchain/bin/../lib/gcc/arm-none-eabi/4.9.3/../../../../arm-none-eabi/lib/armv7-m\libc.a(lib_a-mallocr.o)
                                                  c:/program files/atmel/studio/7.0/toolchain/arm/arm-gnu-toolchain/bin/../lib/gcc/arm-none-eabi/4.9.3/../../../../arm-none-eabi/lib/armv7-m\libc.a(lib_a-fvwrite.o)
                                                  c:/program files/atmel/studio/7.0/toolchain/arm/arm-gnu-toolchain/bin/../lib/gcc/arm-none-eabi/4.9.3/../../../../arm-none-eabi/lib/armv7-m\libc.a(lib_a-fflush.o)
                                                  c:/program files/atmel/studio/7.0/toolchain/arm/arm-gnu-toolchain/bin/../lib/gcc/arm-none-eabi/4.9.3/../../../../arm-none-eabi/lib/armv7-m\libc.a(lib_a-wsetup.o)
_fstat                                            src/ASF/sam/utils/syscalls/gcc/syscalls.o
                                                  c:/program files/atmel/studio/7.0/toolchain/arm/arm-gnu-toolchain/bin/../lib/gcc/arm-none-eabi/4.9.3/../../../../arm-none-eabi/lib/armv7-m\libc.a(lib_a-fstatr.o)
_fstat_r                                          c:/program files/atmel/studio/7.0/toolchain/arm/arm-gnu-toolchain/bin/../lib/gcc/arm-none-eabi/4.9.3/../../../../arm-none-eabi/lib/armv7-m\libc.a(lib_a-fstatr.o)
                                                  c:/program files/atmel/studio/7.0/toolchain/arm/arm-gnu-toolchain/bin/../lib/gcc/arm-none-eabi/4.9.3/../../../../arm-none-eabi/lib/armv7-m\libc.a(lib_a-makebuf.o)
_fwalk                                            c:/program files/atmel/studio/7.0/toolchain/arm/arm-gnu-toolchain/bin/../lib/gcc/arm-none-eabi/4.9.3/../../../../arm-none-eabi/lib/armv7-m\libc.a(lib_a-fwalk.o)
                                                  c:/program files/atmel/studio/7.0/toolchain/arm/arm-gnu-toolchain/bin/../lib/gcc/arm-none-eabi/4.9.3/../../../../arm-none-eabi/lib/armv7-m\libc.a(lib_a-findfp.o)
_fwalk_reent                                      c:/program files/atmel/studio/7.0/toolchain/arm/arm-gnu-toolchain/bin/../lib/gcc/arm-none-eabi/4.9.3/../../../../arm-none-eabi/lib/armv7-m\libc.a(lib_a-fwalk.o)
                                                  c:/program files/atmel/studio/7.0/toolchain/arm/arm-gnu-toolchain/bin/../lib/gcc/arm-none-eabi/4.9.3/../../../../arm-none-eabi/lib/armv7-m\libc.a(lib_a-findfp.o)
                                                  c:/program files/atmel/studio/7.0/toolchain/arm/arm-gnu-toolchain/bin/../lib/gcc/arm-none-eabi/4.9.3/../../../../arm-none-eabi/lib/armv7-m\libc.a(lib_a-fflush.o)
_getpid                                           src/ASF/sam/utils/syscalls/gcc/syscalls.o
_global_impure_ptr                                c:/program files/atmel/studio/7.0/toolchain/arm/arm-gnu-toolchain/bin/../lib/gcc/arm-none-eabi/4.9.3/../../../../arm-none-eabi/lib/armv7-m\libc.a(lib_a-impure.o)
                                                  c:/program files/atmel/studio/7.0/toolchain/arm/arm-gnu-toolchain/bin/../lib/gcc/arm-none-eabi/4.9.3/../../../../arm-none-eabi/lib/armv7-m\libc.a(lib_a-__atexit.o)
                                                  c:/program files/atmel/studio/7.0/toolchain/arm/arm-gnu-toolchain/bin/../lib/gcc/arm-none-eabi/4.9.3/../../../../arm-none-eabi/lib/armv7-m\libc.a(lib_a-findfp.o)
                                                  c:/program files/atmel/studio/7.0/toolchain/arm/arm-gnu-toolchain/bin/../lib/gcc/arm-none-eabi/4.9.3/../../../../arm-none-eabi/lib/armv7-m\libc.a(lib_a-fflush.o)
                                                  c:/program files/atmel/studio/7.0/toolchain/arm/arm-gnu-toolchain/bin/../lib/gcc/arm-none-eabi/4.9.3/../../../../arm-none-eabi/lib/armv7-m\libc.a(lib_a-__call_atexit.o)
                                                  c:/program files/atmel/studio/7.0/toolchain/arm/arm-gnu-toolchain/bin/../lib/gcc/arm-none-eabi/4.9.3/../../../../arm-none-eabi/lib/armv7-m\libc.a(lib_a-exit.o)
_impure_ptr                                       c:/program files/atmel/studio/7.0/toolchain/arm/arm-gnu-toolchain/bin/../lib/gcc/arm-none-eabi/4.9.3/../../../../arm-none-eabi/lib/armv7-m\libc.a(lib_a-impure.o)
                                                  c:/program files/atmel/studio/7.0/toolchain/arm/arm-gnu-toolchain/bin/../lib/gcc/arm-none-eabi/4.9.3/../../../../arm-none-eabi/lib/armv7-m\libc.a(lib_a-reent.o)
                                                  c:/program files/atmel/studio/7.0/toolchain/arm/arm-gnu-toolchain/bin/../lib/gcc/arm-none-eabi/4.9.3/../../../../arm-none-eabi/lib/armv7-m\libc.a(lib_a-fclose.o)
                                                  c:/program files/atmel/studio/7.0/toolchain/arm/arm-gnu-toolchain/bin/../lib/gcc/arm-none-eabi/4.9.3/../../../../arm-none-eabi/lib/armv7-m\libc.a(lib_a-wcrtomb.o)
                                                  c:/program files/atmel/studio/7.0/toolchain/arm/arm-gnu-toolchain/bin/../lib/gcc/arm-none-eabi/4.9.3/../../../../arm-none-eabi/lib/armv7-m\libc.a(lib_a-wbuf.o)
                                                  c:/program files/atmel/studio/7.0/toolchain/arm/arm-gnu-toolchain/bin/../lib/gcc/arm-none-eabi/4.9.3/../../../../arm-none-eabi/lib/armv7-m\libc.a(lib_a-locale.o)
                                                  c:/program files/atmel/studio/7.0/toolchain/arm/arm-gnu-toolchain/bin/../lib/gcc/arm-none-eabi/4.9.3/../../../../arm-none-eabi/lib/armv7-m\libc.a(lib_a-fputwc.o)
                                                  c:/program files/atmel/studio/7.0/toolchain/arm/arm-gnu-toolchain/bin/../lib/gcc/arm-none-eabi/4.9.3/../../../../arm-none-eabi/lib/armv7-m\libc.a(lib_a-findfp.o)
                                                  c:/program files/atmel/studio/7.0/toolchain/arm/arm-gnu-toolchain/bin/../lib/gcc/arm-none-eabi/4.9.3/../../../../arm-none-eabi/lib/armv7-m\libc.a(lib_a-fflush.o)
                                                  c:/program files/atmel/studio/7.0/toolchain/arm/arm-gnu-toolchain/bin/../lib/gcc/arm-none-eabi/4.9.3/../../../../arm-none-eabi/lib/armv7-m\libc.a(lib_a-wsetup.o)
                                                  c:/program files/atmel/studio/7.0/toolchain/arm/arm-gnu-toolchain/bin/../lib/gcc/arm-none-eabi/4.9.3/../../../../arm-none-eabi/lib/armv7-m\libc.a(lib_a-vfiprintf.o)
                                                  c:/program files/atmel/studio/7.0/toolchain/arm/arm-gnu-toolchain/bin/../lib/gcc/arm-none-eabi/4.9.3/../../../../arm-none-eabi/lib/armv7-m\libc.a(lib_a-iprintf.o)
_init                                             c:/program files/atmel/studio/7.0/toolchain/arm/arm-gnu-toolchain/bin/../lib/gcc/arm-none-eabi/4.9.3/armv7-m/crti.o
                                                  c:/program files/atmel/studio/7.0/toolchain/arm/arm-gnu-toolchain/bin/../lib/gcc/arm-none-eabi/4.9.3/../../../../arm-none-eabi/lib/armv7-m\libc.a(lib_a-init.o)
_iprintf_r                                        c:/program files/atmel/studio/7.0/toolchain/arm/arm-gnu-toolchain/bin/../lib/gcc/arm-none-eabi/4.9.3/../../../../arm-none-eabi/lib/armv7-m\libc.a(lib_a-iprintf.o)
_isatty                                           src/ASF/sam/utils/syscalls/gcc/syscalls.o
                                                  c:/program files/atmel/studio/7.0/toolchain/arm/arm-gnu-toolchain/bin/../lib/gcc/arm-none-eabi/4.9.3/../../../../arm-none-eabi/lib/armv7-m\libc.a(lib_a-isattyr.o)
_isatty_r                                         c:/program files/atmel/studio/7.0/toolchain/arm/arm-gnu-toolchain/bin/../lib/gcc/arm-none-eabi/4.9.3/../../../../arm-none-eabi/lib/armv7-m\libc.a(lib_a-isattyr.o)
                                                  c:/program files/atmel/studio/7.0/toolchain/arm/arm-gnu-toolchain/bin/../lib/gcc/arm-none-eabi/4.9.3/../../../../arm-none-eabi/lib/armv7-m\libc.a(lib_a-makebuf.o)